Log file open, 05/02/26 11:47:50
LogWindows: Failed to load 'aqProf.dll' (GetLastError=126)
LogWindows: File 'aqProf.dll' does not exist
LogWindows: Failed to load 'VtuneApi.dll' (GetLastError=126)
LogWindows: File 'VtuneApi.dll' does not exist
LogWindows: Failed to load 'VtuneApi32e.dll' (GetLastError=126)
LogWindows: File 'VtuneApi32e.dll' does not exist
LogConsoleResponse: Display: Failed to find resolution value strings in scalability ini. Falling back to default.
LogConsoleResponse: Display: Failed to find resolution value strings in scalability ini. Falling back to default.
LogInit: Display: Running engine for game: Snake
LogPlatformFile: Not using cached read wrapper
LogTaskGraph: Started task graph with 5 named threads and 47 total threads with 3 sets of task threads.
LogStats: Stats thread started at 0.538565
LogICUInternationalization: ICU TimeZone Detection - Raw Offset: +3:00, Platform Override: ''
LogInit: Display: Loading text-based GConfig....
LogPluginManager: Mounting plugin MeshPainting
LogPluginManager: Mounting plugin XGEController
LogPluginManager: Mounting plugin AISupport
LogPluginManager: Mounting plugin LiveLink
LogPluginManager: Mounting plugin Paper2D
LogPluginManager: Mounting plugin LightPropagationVolume
LogPluginManager: Mounting plugin EnvironmentQueryEditor
LogPluginManager: Mounting plugin AnimationSharing
LogPluginManager: Mounting plugin CLionSourceCodeAccess
LogPluginManager: Mounting plugin GitSourceControl
LogPluginManager: Mounting plugin KDevelopSourceCodeAccess
LogPluginManager: Mounting plugin NullSourceCodeAccess
LogPluginManager: Mounting plugin PerforceSourceControl
LogPluginManager: Mounting plugin PixWinPlugin
LogPluginManager: Mounting plugin OodleData
LogPluginManager: Mounting plugin PlasticSourceControl
LogPluginManager: Mounting plugin PropertyAccessNode
LogPluginManager: Mounting plugin PluginUtils
LogPluginManager: Mounting plugin RiderSourceCodeAccess
LogPluginManager: Mounting plugin SubversionSourceControl
LogPluginManager: Mounting plugin TextureFormatOodle
LogPluginManager: Mounting plugin CameraShakePreviewer
LogPluginManager: Mounting plugin UObjectPlugin
LogPluginManager: Mounting plugin GameplayCameras
LogPluginManager: Mounting plugin VisualStudioSourceCodeAccess
LogPluginManager: Mounting plugin VisualStudioCodeSourceCodeAccess
LogPluginManager: Mounting plugin XCodeSourceCodeAccess
LogPluginManager: Mounting plugin CodeLiteSourceCodeAccess
LogPluginManager: Mounting plugin DatasmithContent
LogPluginManager: Mounting plugin AssetManagerEditor
LogPluginManager: Mounting plugin Niagara
LogPluginManager: Mounting plugin CryptoKeys
LogPluginManager: Mounting plugin CurveEditorTools
LogPluginManager: Mounting plugin DataValidation
LogPluginManager: Mounting plugin FacialAnimation
LogPluginManager: Mounting plugin GeometryMode
LogPluginManager: Mounting plugin MacGraphicsSwitching
LogPluginManager: Mounting plugin PluginBrowser
LogPluginManager: Mounting plugin MobileLauncherProfileWizard
LogPluginManager: Mounting plugin SpeedTreeImporter
LogPluginManager: Mounting plugin AlembicImporter
LogPluginManager: Mounting plugin BackChannel
LogPluginManager: Mounting plugin AutomationUtils
LogPluginManager: Mounting plugin ChaosClothEditor
LogPluginManager: Mounting plugin ChaosCloth
LogPluginManager: Mounting plugin ChaosEditor
LogPluginManager: Mounting plugin ChaosNiagara
LogPluginManager: Mounting plugin ChaosSolverPlugin
LogPluginManager: Mounting plugin GeometryCache
LogPluginManager: Mounting plugin GeometryProcessing
LogPluginManager: Mounting plugin MotoSynth
LogPluginManager: Mounting plugin PlanarCut
LogPluginManager: Mounting plugin OpenImageDenoise
LogPluginManager: Mounting plugin PlatformCrypto
LogPluginManager: Mounting plugin ProxyLODPlugin
LogPluginManager: Mounting plugin PythonScriptPlugin
LogPluginManager: Mounting plugin SkeletalReduction
LogPluginManager: Mounting plugin AndroidMedia
LogPluginManager: Mounting plugin VariantManagerContent
LogPluginManager: Mounting plugin AvfMedia
LogPluginManager: Mounting plugin GameplayTagsEditor
LogPluginManager: Mounting plugin ImgMedia
LogPluginManager: Mounting plugin MediaPlayerEditor
LogPluginManager: Mounting plugin WebMMedia
LogPluginManager: Mounting plugin WmfMedia
LogPluginManager: Mounting plugin LuminPlatformFeatures
LogPluginManager: Mounting plugin MaterialAnalyzer
LogPluginManager: Mounting plugin CharacterAI
LogPluginManager: Mounting plugin MagicLeapLightEstimation
LogPluginManager: Mounting plugin MagicLeapMedia
LogPluginManager: Mounting plugin MagicLeapPassableWorld
LogPluginManager: Mounting plugin MLSDK
LogPluginManager: Mounting plugin UdpMessaging
LogPluginManager: Mounting plugin MediaCompositing
LogPluginManager: Mounting plugin ActorSequence
LogPluginManager: Mounting plugin MatineeToLevelSequence
LogPluginManager: Mounting plugin LevelSequenceEditor
LogPluginManager: Mounting plugin MagicLeap
LogPluginManager: Mounting plugin TemplateSequence
LogPluginManager: Mounting plugin OnlineSubsystem
LogPluginManager: Mounting plugin GeometryCollectionPlugin
LogPluginManager: Mounting plugin OnlineSubsystemNull
LogPluginManager: Mounting plugin LauncherChunkInstaller
LogPluginManager: Mounting plugin ActorLayerUtilities
LogPluginManager: Mounting plugin AndroidDeviceProfileSelector
LogPluginManager: Mounting plugin AndroidMoviePlayer
LogPluginManager: Mounting plugin AndroidPermission
LogPluginManager: Mounting plugin AppleMoviePlayer
LogPluginManager: Mounting plugin AppleImageUtils
LogPluginManager: Mounting plugin ArchVisCharacter
LogPluginManager: Mounting plugin AudioCapture
LogPluginManager: Mounting plugin AssetTags
LogPluginManager: Mounting plugin AudioSynesthesia
LogPluginManager: Mounting plugin CableComponent
LogPluginManager: Mounting plugin ChunkDownloader
LogPluginManager: Mounting plugin CustomMeshComponent
LogPluginManager: Mounting plugin EditableMesh
LogPluginManager: Mounting plugin ExampleDeviceProfileSelector
LogPluginManager: Mounting plugin GoogleCloudMessaging
LogPluginManager: Mounting plugin GooglePAD
LogPluginManager: Mounting plugin IOSDeviceProfileSelector
LogPluginManager: Mounting plugin ScreenshotTools
LogPluginManager: Mounting plugin LocationServicesBPLibrary
LogPluginManager: Mounting plugin MobilePatchingUtils
LogPluginManager: Mounting plugin OpenXR
LogPluginManager: Mounting plugin OpenXREyeTracker
LogPluginManager: Mounting plugin OpenXRHandTracking
LogPluginManager: Mounting plugin PhysXVehicles
LogPluginManager: Mounting plugin TcpMessaging
LogPluginManager: Mounting plugin LinuxDeviceProfileSelector
LogPluginManager: Mounting plugin PostSplashScreen
LogPluginManager: Mounting plugin ProceduralMeshComponent
LogPluginManager: Mounting plugin PropertyAccessEditor
LogPluginManager: Mounting plugin SignificanceManager
LogPluginManager: Mounting plugin RuntimePhysXCooking
LogPluginManager: Mounting plugin OnlineSubsystemUtils
LogPluginManager: Mounting plugin Synthesis
LogPluginManager: Mounting plugin Takes
LogPluginManager: Mounting plugin SoundFields
LogPluginManager: Mounting plugin WebMMoviePlayer
LogPluginManager: Mounting plugin WindowsMoviePlayer
LogPluginManager: Mounting plugin OodleNetwork
LogPluginManager: Mounting plugin ContentBrowserAssetDataSource
LogPluginManager: Mounting plugin ContentBrowserClassDataSource
LogPluginManager: Mounting plugin ContentBrowserFileDataSource
LogPluginManager: Mounting plugin OnlineSubsystemGooglePlay
LogPluginManager: Mounting plugin OculusVR
LogPluginManager: Mounting plugin OnlineSubsystemIOS
LogPluginManager: Mounting plugin SteamVR
PixWinPlugin: PIX capture plugin failed to initialize! Check that the process is launched from PIX.
LogInit: Using libcurl 7.55.1-DEV
LogInit:  - built for x86_64-pc-win32
LogInit:  - supports SSL with OpenSSL/1.1.1
LogInit:  - supports HTTP deflate (compression) using libz 1.2.8
LogInit:  - other features:
LogInit:      CURL_VERSION_SSL
LogInit:      CURL_VERSION_LIBZ
LogInit:      CURL_VERSION_IPV6
LogInit:      CURL_VERSION_ASYNCHDNS
LogInit:      CURL_VERSION_LARGEFILE
LogInit:      CURL_VERSION_IDN
LogInit:  CurlRequestOptions (configurable via config and command line):
LogInit:  - bVerifyPeer = true  - Libcurl will verify peer certificate
LogInit:  - bUseHttpProxy = true  - Libcurl will use HTTP proxy
LogInit:  - HttpProxyAddress = '127.0.0.1:12334'
LogInit:  - bDontReuseConnections = false  - Libcurl will reuse connections
LogInit:  - MaxHostConnections = 16  - Libcurl will limit the number of connections to a host
LogInit:  - LocalHostAddr = Default
LogInit:  - BufferSize = 65536
LogOnline: OSS: Creating online subsystem instance for: NULL
LogInit: WinSock: version 1.1 (2.2), MaxSocks=32767, MaxUdp=65467
LogOnline: OSS: TryLoadSubsystemAndSetDefault: Loaded subsystem for module [NULL]
LogOculusPluginWrapper: OculusPlugin initialized successfully
LogHMD: Failed initializing OVRPlugin 1.59.0
LogInit: Build: ++UE4+Release-4.27-CL-18319896
LogInit: Engine Version: 4.27.2-18319896+++UE4+Release-4.27
LogInit: Compatible Engine Version: 4.27.0-17155196+++UE4+Release-4.27
LogInit: Net CL: 17155196
LogInit: OS: Windows 10 (Release 2009) (), CPU: AMD Ryzen 7 5700U with Radeon Graphics         , GPU: AMD Radeon(TM) Graphics
LogInit: Compiled (64-bit): Nov 30 2021 07:12:08
LogInit: Compiled with Visual C++: 19.24.28315.00
LogInit: Build Configuration: Development
LogInit: Branch Name: ++UE4+Release-4.27
LogInit: Command Line:  -skipcompile
LogInit: Base Directory: C:/Program Files/Epic Games/UE_4.27/Engine/Binaries/Win64/
LogInit: Allocator: TBB
LogInit: Installed Engine Build: 1
LogDevObjectVersion: Number of dev versions registered: 29
LogDevObjectVersion:   Dev-Blueprints (B0D832E4-1F89-4F0D-ACCF-7EB736FD4AA2): 10
LogDevObjectVersion:   Dev-Build (E1C64328-A22C-4D53-A36C-8E866417BD8C): 0
LogDevObjectVersion:   Dev-Core (375EC13C-06E4-48FB-B500-84F0262A717E): 4
LogDevObjectVersion:   Dev-Editor (E4B068ED-F494-42E9-A231-DA0B2E46BB41): 40
LogDevObjectVersion:   Dev-Framework (CFFC743F-43B0-4480-9391-14DF171D2073): 37
LogDevObjectVersion:   Dev-Mobile (B02B49B5-BB20-44E9-A304-32B752E40360): 3
LogDevObjectVersion:   Dev-Networking (A4E4105C-59A1-49B5-A7C5-40C4547EDFEE): 0
LogDevObjectVersion:   Dev-Online (39C831C9-5AE6-47DC-9A44-9C173E1C8E7C): 0
LogDevObjectVersion:   Dev-Physics (78F01B33-EBEA-4F98-B9B4-84EACCB95AA2): 14
LogDevObjectVersion:   Dev-Platform (6631380F-2D4D-43E0-8009-CF276956A95A): 0
LogDevObjectVersion:   Dev-Rendering (12F88B9F-8875-4AFC-A67C-D90C383ABD29): 45
LogDevObjectVersion:   Dev-Sequencer (7B5AE74C-D270-4C10-A958-57980B212A5A): 13
LogDevObjectVersion:   Dev-VR (D7296918-1DD6-4BDD-9DE2-64A83CC13884): 3
LogDevObjectVersion:   Dev-LoadTimes (C2A15278-BFE7-4AFE-6C17-90FF531DF755): 1
LogDevObjectVersion:   Private-Geometry (6EACA3D4-40EC-4CC1-B786-8BED09428FC5): 3
LogDevObjectVersion:   Dev-AnimPhys (29E575DD-E0A3-4627-9D10-D276232CDCEA): 17
LogDevObjectVersion:   Dev-Anim (AF43A65D-7FD3-4947-9873-3E8ED9C1BB05): 15
LogDevObjectVersion:   Dev-ReflectionCapture (6B266CEC-1EC7-4B8F-A30B-E4D90942FC07): 1
LogDevObjectVersion:   Dev-Automation (0DF73D61-A23F-47EA-B727-89E90C41499A): 1
LogDevObjectVersion:   FortniteMain (601D1886-AC64-4F84-AA16-D3DE0DEAC7D6): 47
LogDevObjectVersion:   FortniteRelease (E7086368-6B23-4C58-8439-1B7016265E91): 1
LogDevObjectVersion:   Dev-Enterprise (9DFFBCD6-494F-0158-E221-12823C92A888): 10
LogDevObjectVersion:   Dev-Niagara (F2AED0AC-9AFE-416F-8664-AA7FFA26D6FC): 1
LogDevObjectVersion:   Dev-Destruction (174F1F0B-B4C6-45A5-B13F-2EE8D0FB917D): 10
LogDevObjectVersion:   Dev-Physics-Ext (35F94A83-E258-406C-A318-09F59610247C): 41
LogDevObjectVersion:   Dev-PhysicsMaterial-Chaos (B68FC16E-8B1B-42E2-B453-215C058844FE): 1
LogDevObjectVersion:   Dev-CineCamera (B2E18506-4273-CFC2-A54E-F4BB758BBA07): 1
LogDevObjectVersion:   Dev-VirtualProduction (64F58936-FD1B-42BA-BA96-7289D5D0FA4E): 1
LogDevObjectVersion:   Dev-MediaFramework (6F0ED827-A609-4895-9C91-998D90180EA4): 2
LogInit: Presizing for max 25165824 objects, including 0 objects not considered by GC, pre-allocating 0 bytes for permanent pool.
LogConfig: Applying CVar settings from Section [/Script/Engine.StreamingSettings] File [C:/Users/user/Documents/GitHub Unreal/Snake/Snake/Saved/Config/Windows/Engine.ini]
LogConfig: Setting CVar [[s.MinBulkDataSizeForAsyncLoading:131072]]
LogConfig: Setting CVar [[s.AsyncLoadingThreadEnabled:0]]
LogConfig: Setting CVar [[s.EventDrivenLoaderEnabled:1]]
LogConfig: Setting CVar [[s.WarnIfTimeLimitExceeded:0]]
LogConfig: Setting CVar [[s.TimeLimitExceededMultiplier:1.5]]
LogConfig: Setting CVar [[s.TimeLimitExceededMinTime:0.005]]
LogConfig: Setting CVar [[s.UseBackgroundLevelStreaming:1]]
LogConfig: Setting CVar [[s.PriorityAsyncLoadingExtraTime:15.0]]
LogConfig: Setting CVar [[s.LevelStreamingActorsUpdateTimeLimit:5.0]]
LogConfig: Setting CVar [[s.PriorityLevelStreamingActorsUpdateExtraTime:5.0]]
LogConfig: Setting CVar [[s.LevelStreamingComponentsRegistrationGranularity:10]]
LogConfig: Setting CVar [[s.UnregisterComponentsTimeLimit:1.0]]
LogConfig: Setting CVar [[s.LevelStreamingComponentsUnregistrationGranularity:5]]
LogConfig: Setting CVar [[s.FlushStreamingOnExit:1]]
LogInit: Object subsystem initialized
LogConfig: Setting CVar [[con.DebugEarlyDefault:1]]
LogConfig: Setting CVar [[r.setres:1280x720]]
[2026.05.02-08.47.52:004][  0]LogConfig: Setting CVar [[r.VSync:0]]
[2026.05.02-08.47.52:004][  0]LogConfig: Setting CVar [[r.RHICmdBypass:0]]
[2026.05.02-08.47.52:004][  0]LogConfig: Applying CVar settings from Section [/Script/Engine.RendererSettings] File [C:/Users/user/Documents/GitHub Unreal/Snake/Snake/Saved/Config/Windows/Engine.ini]
[2026.05.02-08.47.52:004][  0]LogConfig: Setting CVar [[r.GPUCrashDebugging:0]]
[2026.05.02-08.47.52:005][  0]LogConfig: Applying CVar settings from Section [/Script/Engine.RendererOverrideSettings] File [C:/Users/user/Documents/GitHub Unreal/Snake/Snake/Saved/Config/Windows/Engine.ini]
[2026.05.02-08.47.52:005][  0]LogConfig: Applying CVar settings from Section [/Script/Engine.StreamingSettings] File [C:/Users/user/Documents/GitHub Unreal/Snake/Snake/Saved/Config/Windows/Engine.ini]
[2026.05.02-08.47.52:005][  0]LogConfig: Setting CVar [[s.MinBulkDataSizeForAsyncLoading:131072]]
[2026.05.02-08.47.52:005][  0]LogConfig: Setting CVar [[s.AsyncLoadingThreadEnabled:0]]
[2026.05.02-08.47.52:005][  0]LogConfig: Setting CVar [[s.EventDrivenLoaderEnabled:1]]
[2026.05.02-08.47.52:005][  0]LogConfig: Setting CVar [[s.WarnIfTimeLimitExceeded:0]]
[2026.05.02-08.47.52:005][  0]LogConfig: Setting CVar [[s.TimeLimitExceededMultiplier:1.5]]
[2026.05.02-08.47.52:005][  0]LogConfig: Setting CVar [[s.TimeLimitExceededMinTime:0.005]]
[2026.05.02-08.47.52:006][  0]LogConfig: Setting CVar [[s.UseBackgroundLevelStreaming:1]]
[2026.05.02-08.47.52:006][  0]LogConfig: Setting CVar [[s.PriorityAsyncLoadingExtraTime:15.0]]
[2026.05.02-08.47.52:006][  0]LogConfig: Setting CVar [[s.LevelStreamingActorsUpdateTimeLimit:5.0]]
[2026.05.02-08.47.52:006][  0]LogConfig: Setting CVar [[s.PriorityLevelStreamingActorsUpdateExtraTime:5.0]]
[2026.05.02-08.47.52:006][  0]LogConfig: Setting CVar [[s.LevelStreamingComponentsRegistrationGranularity:10]]
[2026.05.02-08.47.52:006][  0]LogConfig: Setting CVar [[s.UnregisterComponentsTimeLimit:1.0]]
[2026.05.02-08.47.52:006][  0]LogConfig: Setting CVar [[s.LevelStreamingComponentsUnregistrationGranularity:5]]
[2026.05.02-08.47.52:006][  0]LogConfig: Setting CVar [[s.FlushStreamingOnExit:1]]
[2026.05.02-08.47.52:006][  0]LogConfig: Applying CVar settings from Section [/Script/Engine.GarbageCollectionSettings] File [C:/Users/user/Documents/GitHub Unreal/Snake/Snake/Saved/Config/Windows/Engine.ini]
[2026.05.02-08.47.52:006][  0]LogConfig: Setting CVar [[gc.MaxObjectsNotConsideredByGC:1]]
[2026.05.02-08.47.52:006][  0]LogConfig: Setting CVar [[gc.SizeOfPermanentObjectPool:0]]
[2026.05.02-08.47.52:007][  0]LogConfig: Setting CVar [[gc.FlushStreamingOnGC:0]]
[2026.05.02-08.47.52:007][  0]LogConfig: Setting CVar [[gc.NumRetriesBeforeForcingGC:10]]
[2026.05.02-08.47.52:007][  0]LogConfig: Setting CVar [[gc.AllowParallelGC:1]]
[2026.05.02-08.47.52:007][  0]LogConfig: Setting CVar [[gc.TimeBetweenPurgingPendingKillObjects:61.1]]
[2026.05.02-08.47.52:007][  0]LogConfig: Setting CVar [[gc.MaxObjectsInEditor:25165824]]
[2026.05.02-08.47.52:007][  0]LogConfig: Setting CVar [[gc.IncrementalBeginDestroyEnabled:1]]
[2026.05.02-08.47.52:007][  0]LogConfig: Setting CVar [[gc.CreateGCClusters:1]]
[2026.05.02-08.47.52:007][  0]LogConfig: Setting CVar [[gc.MinGCClusterSize:5]]
[2026.05.02-08.47.52:007][  0]LogConfig: Setting CVar [[gc.ActorClusteringEnabled:0]]
[2026.05.02-08.47.52:007][  0]LogConfig: Setting CVar [[gc.BlueprintClusteringEnabled:0]]
[2026.05.02-08.47.52:007][  0]LogConfig: Setting CVar [[gc.UseDisregardForGCOnDedicatedServers:0]]
[2026.05.02-08.47.52:008][  0]LogConfig: Setting CVar [[gc.MultithreadedDestructionEnabled:1]]
[2026.05.02-08.47.52:008][  0]LogConfig: Applying CVar settings from Section [/Script/Engine.NetworkSettings] File [C:/Users/user/Documents/GitHub Unreal/Snake/Snake/Saved/Config/Windows/Engine.ini]
[2026.05.02-08.47.52:008][  0]LogConfig: Applying CVar settings from Section [/Script/UnrealEd.CookerSettings] File [C:/Users/user/Documents/GitHub Unreal/Snake/Snake/Saved/Config/Windows/Engine.ini]
[2026.05.02-08.47.52:019][  0]LogConfig: Applying CVar settings from Section [ViewDistanceQuality@3] File [C:/Users/user/Documents/GitHub Unreal/Snake/Snake/Saved/Config/Windows/Scalability.ini]
[2026.05.02-08.47.52:019][  0]LogConfig: Setting CVar [[r.SkeletalMeshLODBias:0]]
[2026.05.02-08.47.52:019][  0]LogConfig: Setting CVar [[r.ViewDistanceScale:1.0]]
[2026.05.02-08.47.52:019][  0]LogConfig: Applying CVar settings from Section [AntiAliasingQuality@3] File [C:/Users/user/Documents/GitHub Unreal/Snake/Snake/Saved/Config/Windows/Scalability.ini]
[2026.05.02-08.47.52:020][  0]LogConfig: Setting CVar [[r.PostProcessAAQuality:4]]
[2026.05.02-08.47.52:020][  0]LogConfig: Applying CVar settings from Section [ShadowQuality@3] File [C:/Users/user/Documents/GitHub Unreal/Snake/Snake/Saved/Config/Windows/Scalability.ini]
[2026.05.02-08.47.52:020][  0]LogConfig: Setting CVar [[r.LightFunctionQuality:1]]
[2026.05.02-08.47.52:020][  0]LogConfig: Setting CVar [[r.ShadowQuality:5]]
[2026.05.02-08.47.52:020][  0]LogConfig: Setting CVar [[r.Shadow.CSM.MaxCascades:10]]
[2026.05.02-08.47.52:020][  0]LogConfig: Setting CVar [[r.Shadow.MaxResolution:2048]]
[2026.05.02-08.47.52:021][  0]LogConfig: Setting CVar [[r.Shadow.MaxCSMResolution:2048]]
[2026.05.02-08.47.52:021][  0]LogConfig: Setting CVar [[r.Shadow.RadiusThreshold:0.01]]
[2026.05.02-08.47.52:021][  0]LogConfig: Setting CVar [[r.Shadow.DistanceScale:1.0]]
[2026.05.02-08.47.52:021][  0]LogConfig: Setting CVar [[r.Shadow.CSM.TransitionScale:1.0]]
[2026.05.02-08.47.52:021][  0]LogConfig: Setting CVar [[r.Shadow.PreShadowResolutionFactor:1.0]]
[2026.05.02-08.47.52:021][  0]LogConfig: Setting CVar [[r.DistanceFieldShadowing:1]]
[2026.05.02-08.47.52:021][  0]LogConfig: Setting CVar [[r.DistanceFieldAO:1]]
[2026.05.02-08.47.52:021][  0]LogConfig: Setting CVar [[r.AOQuality:2]]
[2026.05.02-08.47.52:021][  0]LogConfig: Setting CVar [[r.VolumetricFog:1]]
[2026.05.02-08.47.52:021][  0]LogConfig: Setting CVar [[r.VolumetricFog.GridPixelSize:8]]
[2026.05.02-08.47.52:023][  0]LogConfig: Setting CVar [[r.VolumetricFog.GridSizeZ:128]]
[2026.05.02-08.47.52:023][  0]LogConfig: Setting CVar [[r.VolumetricFog.HistoryMissSupersampleCount:4]]
[2026.05.02-08.47.52:023][  0]LogConfig: Setting CVar [[r.LightMaxDrawDistanceScale:1]]
[2026.05.02-08.47.52:023][  0]LogConfig: Setting CVar [[r.CapsuleShadows:1]]
[2026.05.02-08.47.52:023][  0]LogConfig: Applying CVar settings from Section [PostProcessQuality@3] File [C:/Users/user/Documents/GitHub Unreal/Snake/Snake/Saved/Config/Windows/Scalability.ini]
[2026.05.02-08.47.52:023][  0]LogConfig: Setting CVar [[r.MotionBlurQuality:4]]
[2026.05.02-08.47.52:023][  0]LogConfig: Setting CVar [[r.AmbientOcclusionMipLevelFactor:0.4]]
[2026.05.02-08.47.52:023][  0]LogConfig: Setting CVar [[r.AmbientOcclusionMaxQuality:100]]
[2026.05.02-08.47.52:023][  0]LogConfig: Setting CVar [[r.AmbientOcclusionLevels:-1]]
[2026.05.02-08.47.52:023][  0]LogConfig: Setting CVar [[r.AmbientOcclusionRadiusScale:1.0]]
[2026.05.02-08.47.52:023][  0]LogConfig: Setting CVar [[r.DepthOfFieldQuality:2]]
[2026.05.02-08.47.52:023][  0]LogConfig: Setting CVar [[r.RenderTargetPoolMin:400]]
[2026.05.02-08.47.52:024][  0]LogConfig: Setting CVar [[r.LensFlareQuality:2]]
[2026.05.02-08.47.52:024][  0]LogConfig: Setting CVar [[r.SceneColorFringeQuality:1]]
[2026.05.02-08.47.52:024][  0]LogConfig: Setting CVar [[r.EyeAdaptationQuality:2]]
[2026.05.02-08.47.52:024][  0]LogConfig: Setting CVar [[r.BloomQuality:5]]
[2026.05.02-08.47.52:024][  0]LogConfig: Setting CVar [[r.FastBlurThreshold:100]]
[2026.05.02-08.47.52:024][  0]LogConfig: Setting CVar [[r.Upscale.Quality:3]]
[2026.05.02-08.47.52:024][  0]LogConfig: Setting CVar [[r.Tonemapper.GrainQuantization:1]]
[2026.05.02-08.47.52:024][  0]LogConfig: Setting CVar [[r.LightShaftQuality:1]]
[2026.05.02-08.47.52:024][  0]LogConfig: Setting CVar [[r.Filter.SizeScale:1]]
[2026.05.02-08.47.52:024][  0]LogConfig: Setting CVar [[r.Tonemapper.Quality:5]]
[2026.05.02-08.47.52:024][  0]LogConfig: Setting CVar [[r.DOF.Gather.AccumulatorQuality:1        ; higher gathering accumulator quality]]
[2026.05.02-08.47.52:025][  0]LogConfig: Setting CVar [[r.DOF.Gather.PostfilterMethod:1          ; Median3x3 postfilering method]]
[2026.05.02-08.47.52:025][  0]LogConfig: Setting CVar [[r.DOF.Gather.EnableBokehSettings:0       ; no bokeh simulation when gathering]]
[2026.05.02-08.47.52:025][  0]LogConfig: Setting CVar [[r.DOF.Gather.RingCount:4                 ; medium number of samples when gathering]]
[2026.05.02-08.47.52:025][  0]LogConfig: Setting CVar [[r.DOF.Scatter.ForegroundCompositing:1    ; additive foreground scattering]]
[2026.05.02-08.47.52:025][  0]LogConfig: Setting CVar [[r.DOF.Scatter.BackgroundCompositing:2    ; additive background scattering]]
[2026.05.02-08.47.52:025][  0]LogConfig: Setting CVar [[r.DOF.Scatter.EnableBokehSettings:1      ; bokeh simulation when scattering]]
[2026.05.02-08.47.52:025][  0]LogConfig: Setting CVar [[r.DOF.Scatter.MaxSpriteRatio:0.1         ; only a maximum of 10% of scattered bokeh]]
[2026.05.02-08.47.52:025][  0]LogConfig: Setting CVar [[r.DOF.Recombine.Quality:1                ; cheap slight out of focus]]
[2026.05.02-08.47.52:025][  0]LogConfig: Setting CVar [[r.DOF.Recombine.EnableBokehSettings:0    ; no bokeh simulation on slight out of focus]]
[2026.05.02-08.47.52:025][  0]LogConfig: Setting CVar [[r.DOF.TemporalAAQuality:1                ; more stable temporal accumulation]]
[2026.05.02-08.47.52:025][  0]LogConfig: Setting CVar [[r.DOF.Kernel.MaxForegroundRadius:0.025]]
[2026.05.02-08.47.52:025][  0]LogConfig: Setting CVar [[r.DOF.Kernel.MaxBackgroundRadius:0.025]]
[2026.05.02-08.47.52:026][  0]LogConfig: Applying CVar settings from Section [TextureQuality@3] File [C:/Users/user/Documents/GitHub Unreal/Snake/Snake/Saved/Config/Windows/Scalability.ini]
[2026.05.02-08.47.52:026][  0]LogConfig: Setting CVar [[r.Streaming.MipBias:0]]
[2026.05.02-08.47.52:026][  0]LogConfig: Setting CVar [[r.Streaming.AmortizeCPUToGPUCopy:0]]
[2026.05.02-08.47.52:026][  0]LogConfig: Setting CVar [[r.Streaming.MaxNumTexturesToStreamPerFrame:0]]
[2026.05.02-08.47.52:026][  0]LogConfig: Setting CVar [[r.Streaming.Boost:1]]
[2026.05.02-08.47.52:026][  0]LogConfig: Setting CVar [[r.MaxAnisotropy:8]]
[2026.05.02-08.47.52:026][  0]LogConfig: Setting CVar [[r.VT.MaxAnisotropy:8]]
[2026.05.02-08.47.52:026][  0]LogConfig: Setting CVar [[r.Streaming.LimitPoolSizeToVRAM:0]]
[2026.05.02-08.47.52:026][  0]LogConfig: Setting CVar [[r.Streaming.PoolSize:1000]]
[2026.05.02-08.47.52:026][  0]LogConfig: Setting CVar [[r.Streaming.MaxEffectiveScreenSize:0]]
[2026.05.02-08.47.52:026][  0]LogConfig: Applying CVar settings from Section [EffectsQuality@3] File [C:/Users/user/Documents/GitHub Unreal/Snake/Snake/Saved/Config/Windows/Scalability.ini]
[2026.05.02-08.47.52:026][  0]LogConfig: Setting CVar [[r.TranslucencyLightingVolumeDim:64]]
[2026.05.02-08.47.52:026][  0]LogConfig: Setting CVar [[r.RefractionQuality:2]]
[2026.05.02-08.47.52:027][  0]LogConfig: Setting CVar [[r.SSR.Quality:3]]
[2026.05.02-08.47.52:027][  0]LogConfig: Setting CVar [[r.SSR.HalfResSceneColor:0]]
[2026.05.02-08.47.52:027][  0]LogConfig: Setting CVar [[r.SceneColorFormat:4]]
[2026.05.02-08.47.52:027][  0]LogConfig: Setting CVar [[r.DetailMode:2]]
[2026.05.02-08.47.52:027][  0]LogConfig: Setting CVar [[r.TranslucencyVolumeBlur:1]]
[2026.05.02-08.47.52:027][  0]LogConfig: Setting CVar [[r.MaterialQualityLevel:1 ; High quality]]
[2026.05.02-08.47.52:027][  0]LogConfig: Setting CVar [[r.AnisotropicMaterials:1]]
[2026.05.02-08.47.52:027][  0]LogConfig: Setting CVar [[r.SSS.Scale:1]]
[2026.05.02-08.47.52:027][  0]LogConfig: Setting CVar [[r.SSS.SampleSet:2]]
[2026.05.02-08.47.52:027][  0]LogConfig: Setting CVar [[r.SSS.Quality:1]]
[2026.05.02-08.47.52:027][  0]LogConfig: Setting CVar [[r.SSS.HalfRes:0]]
[2026.05.02-08.47.52:027][  0]LogConfig: Setting CVar [[r.SSGI.Quality:3]]
[2026.05.02-08.47.52:027][  0]LogConfig: Setting CVar [[r.EmitterSpawnRateScale:1.0]]
[2026.05.02-08.47.52:027][  0]LogConfig: Setting CVar [[r.ParticleLightQuality:2]]
[2026.05.02-08.47.52:027][  0]LogConfig: Setting CVar [[r.SkyAtmosphere.AerialPerspectiveLUT.FastApplyOnOpaque:1 ; Always have FastSkyLUT 1 in this case to avoid wrong sky]]
[2026.05.02-08.47.52:027][  0]LogConfig: Setting CVar [[r.SkyAtmosphere.AerialPerspectiveLUT.SampleCountMaxPerSlice:4]]
[2026.05.02-08.47.52:027][  0]LogConfig: Setting CVar [[r.SkyAtmosphere.AerialPerspectiveLUT.DepthResolution:16.0]]
[2026.05.02-08.47.52:028][  0]LogConfig: Setting CVar [[r.SkyAtmosphere.FastSkyLUT:1]]
[2026.05.02-08.47.52:028][  0]LogConfig: Setting CVar [[r.SkyAtmosphere.FastSkyLUT.SampleCountMin:4.0]]
[2026.05.02-08.47.52:028][  0]LogConfig: Setting CVar [[r.SkyAtmosphere.FastSkyLUT.SampleCountMax:128.0]]
[2026.05.02-08.47.52:028][  0]LogConfig: Setting CVar [[r.SkyAtmosphere.SampleCountMin:4.0]]
[2026.05.02-08.47.52:028][  0]LogConfig: Setting CVar [[r.SkyAtmosphere.SampleCountMax:128.0]]
[2026.05.02-08.47.52:028][  0]LogConfig: Setting CVar [[r.SkyAtmosphere.TransmittanceLUT.UseSmallFormat:0]]
[2026.05.02-08.47.52:028][  0]LogConfig: Setting CVar [[r.SkyAtmosphere.TransmittanceLUT.SampleCount:10.0]]
[2026.05.02-08.47.52:028][  0]LogConfig: Setting CVar [[r.SkyAtmosphere.MultiScatteringLUT.SampleCount:15.0]]
[2026.05.02-08.47.52:029][  0]LogConfig: Setting CVar [[r.SkyLight.RealTimeReflectionCapture:1]]
[2026.05.02-08.47.52:029][  0]LogConfig: Applying CVar settings from Section [FoliageQuality@3] File [C:/Users/user/Documents/GitHub Unreal/Snake/Snake/Saved/Config/Windows/Scalability.ini]
[2026.05.02-08.47.52:029][  0]LogConfig: Setting CVar [[foliage.DensityScale:1.0]]
[2026.05.02-08.47.52:029][  0]LogConfig: Setting CVar [[grass.DensityScale:1.0]]
[2026.05.02-08.47.52:029][  0]LogConfig: Applying CVar settings from Section [ShadingQuality@3] File [C:/Users/user/Documents/GitHub Unreal/Snake/Snake/Saved/Config/Windows/Scalability.ini]
[2026.05.02-08.47.52:029][  0]LogConfig: Setting CVar [[r.HairStrands.SkyLighting.IntegrationType:2]]
[2026.05.02-08.47.52:029][  0]LogConfig: Setting CVar [[r.HairStrands.SkyAO.SampleCount:4]]
[2026.05.02-08.47.52:029][  0]LogConfig: Setting CVar [[r.HairStrands.Visibility.MSAA.SamplePerPixel:4]]
[2026.05.02-08.47.52:029][  0]LogInit: Selected Device Profile: [Windows]
[2026.05.02-08.47.52:029][  0]LogInit: Applying CVar settings loaded from the selected device profile: [Windows]
[2026.05.02-08.47.52:030][  0]LogHAL: Display: Platform has ~ 16 GB [16469520384 / 17179869184 / 16], which maps to Larger [LargestMinGB=32, LargerMinGB=12, DefaultMinGB=8, SmallerMinGB=6, SmallestMinGB=0)
[2026.05.02-08.47.52:030][  0]LogInit: Going up to parent DeviceProfile []
[2026.05.02-08.47.52:030][  0]LogConfig: Applying CVar settings from Section [ViewDistanceQuality@1] File [C:/Users/user/Documents/GitHub Unreal/Snake/Snake/Saved/Config/Windows/Scalability.ini]
[2026.05.02-08.47.52:030][  0]LogConfig: Setting CVar [[r.SkeletalMeshLODBias:1]]
[2026.05.02-08.47.52:030][  0]LogConfig: Setting CVar [[r.ViewDistanceScale:0.6]]
[2026.05.02-08.47.52:030][  0]LogConfig: Applying CVar settings from Section [AntiAliasingQuality@1] File [C:/Users/user/Documents/GitHub Unreal/Snake/Snake/Saved/Config/Windows/Scalability.ini]
[2026.05.02-08.47.52:030][  0]LogConfig: Setting CVar [[r.PostProcessAAQuality:2]]
[2026.05.02-08.47.52:030][  0]LogConfig: Applying CVar settings from Section [ShadowQuality@1] File [C:/Users/user/Documents/GitHub Unreal/Snake/Snake/Saved/Config/Windows/Scalability.ini]
[2026.05.02-08.47.52:030][  0]LogConfig: Setting CVar [[r.LightFunctionQuality:1]]
[2026.05.02-08.47.52:030][  0]LogConfig: Setting CVar [[r.ShadowQuality:3]]
[2026.05.02-08.47.52:030][  0]LogConfig: Setting CVar [[r.Shadow.CSM.MaxCascades:1]]
[2026.05.02-08.47.52:030][  0]LogConfig: Setting CVar [[r.Shadow.MaxResolution:1024]]
[2026.05.02-08.47.52:031][  0]LogConfig: Setting CVar [[r.Shadow.MaxCSMResolution:1024]]
[2026.05.02-08.47.52:031][  0]LogConfig: Setting CVar [[r.Shadow.RadiusThreshold:0.05]]
[2026.05.02-08.47.52:031][  0]LogConfig: Setting CVar [[r.Shadow.DistanceScale:0.7]]
[2026.05.02-08.47.52:031][  0]LogConfig: Setting CVar [[r.Shadow.CSM.TransitionScale:0.25]]
[2026.05.02-08.47.52:031][  0]LogConfig: Setting CVar [[r.Shadow.PreShadowResolutionFactor:0.5]]
[2026.05.02-08.47.52:031][  0]LogConfig: Setting CVar [[r.DistanceFieldShadowing:0]]
[2026.05.02-08.47.52:031][  0]LogConfig: Setting CVar [[r.DistanceFieldAO:0]]
[2026.05.02-08.47.52:031][  0]LogConfig: Setting CVar [[r.VolumetricFog:0]]
[2026.05.02-08.47.52:031][  0]LogConfig: Setting CVar [[r.LightMaxDrawDistanceScale:.5]]
[2026.05.02-08.47.52:031][  0]LogConfig: Setting CVar [[r.CapsuleShadows:1]]
[2026.05.02-08.47.52:031][  0]LogConfig: Applying CVar settings from Section [PostProcessQuality@1] File [C:/Users/user/Documents/GitHub Unreal/Snake/Snake/Saved/Config/Windows/Scalability.ini]
[2026.05.02-08.47.52:031][  0]LogConfig: Setting CVar [[r.MotionBlurQuality:3]]
[2026.05.02-08.47.52:031][  0]LogConfig: Setting CVar [[r.AmbientOcclusionMipLevelFactor:1.0]]
[2026.05.02-08.47.52:031][  0]LogConfig: Setting CVar [[r.AmbientOcclusionMaxQuality:60]]
[2026.05.02-08.47.52:032][  0]LogConfig: Setting CVar [[r.AmbientOcclusionLevels:-1]]
[2026.05.02-08.47.52:032][  0]LogConfig: Setting CVar [[r.AmbientOcclusionRadiusScale:1.5]]
[2026.05.02-08.47.52:032][  0]LogConfig: Setting CVar [[r.DepthOfFieldQuality:1]]
[2026.05.02-08.47.52:032][  0]LogConfig: Setting CVar [[r.RenderTargetPoolMin:350]]
[2026.05.02-08.47.52:032][  0]LogConfig: Setting CVar [[r.LensFlareQuality:0]]
[2026.05.02-08.47.52:032][  0]LogConfig: Setting CVar [[r.SceneColorFringeQuality:0]]
[2026.05.02-08.47.52:032][  0]LogConfig: Setting CVar [[r.EyeAdaptationQuality:2]]
[2026.05.02-08.47.52:032][  0]LogConfig: Setting CVar [[r.BloomQuality:4]]
[2026.05.02-08.47.52:032][  0]LogConfig: Setting CVar [[r.FastBlurThreshold:2]]
[2026.05.02-08.47.52:032][  0]LogConfig: Setting CVar [[r.Upscale.Quality:2]]
[2026.05.02-08.47.52:032][  0]LogConfig: Setting CVar [[r.Tonemapper.GrainQuantization:0]]
[2026.05.02-08.47.52:032][  0]LogConfig: Setting CVar [[r.LightShaftQuality:0]]
[2026.05.02-08.47.52:033][  0]LogConfig: Setting CVar [[r.Filter.SizeScale:0.7]]
[2026.05.02-08.47.52:033][  0]LogConfig: Setting CVar [[r.Tonemapper.Quality:2]]
[2026.05.02-08.47.52:033][  0]LogConfig: Setting CVar [[r.DOF.Gather.AccumulatorQuality:0        ; lower gathering accumulator quality]]
[2026.05.02-08.47.52:033][  0]LogConfig: Setting CVar [[r.DOF.Gather.PostfilterMethod:2          ; Max3x3 postfilering method]]
[2026.05.02-08.47.52:033][  0]LogConfig: Setting CVar [[r.DOF.Gather.EnableBokehSettings:0       ; no bokeh simulation when gathering]]
[2026.05.02-08.47.52:033][  0]LogConfig: Setting CVar [[r.DOF.Gather.RingCount:3                 ; low number of samples when gathering]]
[2026.05.02-08.47.52:033][  0]LogConfig: Setting CVar [[r.DOF.Scatter.ForegroundCompositing:0    ; no foreground scattering]]
[2026.05.02-08.47.52:033][  0]LogConfig: Setting CVar [[r.DOF.Scatter.BackgroundCompositing:0    ; no foreground scattering]]
[2026.05.02-08.47.52:033][  0]LogConfig: Setting CVar [[r.DOF.Recombine.Quality:0                ; no slight out of focus]]
[2026.05.02-08.47.52:033][  0]LogConfig: Setting CVar [[r.DOF.TemporalAAQuality:0                ; faster temporal accumulation]]
[2026.05.02-08.47.52:033][  0]LogConfig: Setting CVar [[r.DOF.Kernel.MaxForegroundRadius:0.006   ; required because low gathering and no scattering and not looking great at 1080p]]
[2026.05.02-08.47.52:033][  0]LogConfig: Setting CVar [[r.DOF.Kernel.MaxBackgroundRadius:0.006   ; required because low gathering and no scattering and not looking great at 1080p]]
[2026.05.02-08.47.52:033][  0]LogConfig: Applying CVar settings from Section [TextureQuality@1] File [C:/Users/user/Documents/GitHub Unreal/Snake/Snake/Saved/Config/Windows/Scalability.ini]
[2026.05.02-08.47.52:033][  0]LogConfig: Setting CVar [[r.Streaming.MipBias:1]]
[2026.05.02-08.47.52:033][  0]LogConfig: Setting CVar [[r.Streaming.AmortizeCPUToGPUCopy:0]]
[2026.05.02-08.47.52:035][  0]LogConfig: Setting CVar [[r.Streaming.MaxNumTexturesToStreamPerFrame:0]]
[2026.05.02-08.47.52:035][  0]LogConfig: Setting CVar [[r.Streaming.Boost:1]]
[2026.05.02-08.47.52:035][  0]LogConfig: Setting CVar [[r.MaxAnisotropy:2]]
[2026.05.02-08.47.52:035][  0]LogConfig: Setting CVar [[r.VT.MaxAnisotropy:4]]
[2026.05.02-08.47.52:035][  0]LogConfig: Setting CVar [[r.Streaming.LimitPoolSizeToVRAM:1]]
[2026.05.02-08.47.52:035][  0]LogConfig: Setting CVar [[r.Streaming.PoolSize:600]]
[2026.05.02-08.47.52:035][  0]LogConfig: Setting CVar [[r.Streaming.MaxEffectiveScreenSize:0]]
[2026.05.02-08.47.52:035][  0]LogConfig: Applying CVar settings from Section [EffectsQuality@1] File [C:/Users/user/Documents/GitHub Unreal/Snake/Snake/Saved/Config/Windows/Scalability.ini]
[2026.05.02-08.47.52:035][  0]LogConfig: Setting CVar [[r.TranslucencyLightingVolumeDim:32]]
[2026.05.02-08.47.52:035][  0]LogConfig: Setting CVar [[r.RefractionQuality:0]]
[2026.05.02-08.47.52:035][  0]LogConfig: Setting CVar [[r.SSR.Quality:0]]
[2026.05.02-08.47.52:035][  0]LogConfig: Setting CVar [[r.SSR.HalfResSceneColor:1]]
[2026.05.02-08.47.52:035][  0]LogConfig: Setting CVar [[r.SceneColorFormat:3]]
[2026.05.02-08.47.52:035][  0]LogConfig: Setting CVar [[r.DetailMode:1]]
[2026.05.02-08.47.52:035][  0]LogConfig: Setting CVar [[r.TranslucencyVolumeBlur:0]]
[2026.05.02-08.47.52:035][  0]LogConfig: Setting CVar [[r.MaterialQualityLevel:2 ; Medium quality]]
[2026.05.02-08.47.52:035][  0]LogConfig: Setting CVar [[r.AnisotropicMaterials:0]]
[2026.05.02-08.47.52:035][  0]LogConfig: Setting CVar [[r.SSS.Scale:0.75]]
[2026.05.02-08.47.52:035][  0]LogConfig: Setting CVar [[r.SSS.SampleSet:0]]
[2026.05.02-08.47.52:036][  0]LogConfig: Setting CVar [[r.SSS.Quality:0]]
[2026.05.02-08.47.52:036][  0]LogConfig: Setting CVar [[r.SSS.HalfRes:1]]
[2026.05.02-08.47.52:036][  0]LogConfig: Setting CVar [[r.SSGI.Quality:1]]
[2026.05.02-08.47.52:036][  0]LogConfig: Setting CVar [[r.EmitterSpawnRateScale:0.25]]
[2026.05.02-08.47.52:036][  0]LogConfig: Setting CVar [[r.ParticleLightQuality:0]]
[2026.05.02-08.47.52:036][  0]LogConfig: Setting CVar [[r.SkyAtmosphere.AerialPerspectiveLUT.FastApplyOnOpaque:1 ; Always have FastSkyLUT 1 in this case to avoid wrong sky]]
[2026.05.02-08.47.52:036][  0]LogConfig: Setting CVar [[r.SkyAtmosphere.AerialPerspectiveLUT.SampleCountMaxPerSlice:1]]
[2026.05.02-08.47.52:036][  0]LogConfig: Setting CVar [[r.SkyAtmosphere.AerialPerspectiveLUT.DepthResolution:16.0]]
[2026.05.02-08.47.52:036][  0]LogConfig: Setting CVar [[r.SkyAtmosphere.FastSkyLUT:1]]
[2026.05.02-08.47.52:036][  0]LogConfig: Setting CVar [[r.SkyAtmosphere.FastSkyLUT.SampleCountMin:4.0]]
[2026.05.02-08.47.52:036][  0]LogConfig: Setting CVar [[r.SkyAtmosphere.FastSkyLUT.SampleCountMax:32.0]]
[2026.05.02-08.47.52:036][  0]LogConfig: Setting CVar [[r.SkyAtmosphere.SampleCountMin:4.0]]
[2026.05.02-08.47.52:036][  0]LogConfig: Setting CVar [[r.SkyAtmosphere.SampleCountMax:32.0]]
[2026.05.02-08.47.52:036][  0]LogConfig: Setting CVar [[r.SkyAtmosphere.TransmittanceLUT.UseSmallFormat:0]]
[2026.05.02-08.47.52:036][  0]LogConfig: Setting CVar [[r.SkyAtmosphere.TransmittanceLUT.SampleCount:10.0]]
[2026.05.02-08.47.52:037][  0]LogConfig: Setting CVar [[r.SkyAtmosphere.MultiScatteringLUT.SampleCount:15.0]]
[2026.05.02-08.47.52:037][  0]LogConfig: Setting CVar [[r.SkyLight.RealTimeReflectionCapture:0]]
[2026.05.02-08.47.52:037][  0]LogConfig: Applying CVar settings from Section [FoliageQuality@1] File [C:/Users/user/Documents/GitHub Unreal/Snake/Snake/Saved/Config/Windows/Scalability.ini]
[2026.05.02-08.47.52:037][  0]LogConfig: Setting CVar [[foliage.DensityScale:0.4]]
[2026.05.02-08.47.52:037][  0]LogConfig: Setting CVar [[grass.DensityScale:0.4]]
[2026.05.02-08.47.52:037][  0]LogConfig: Applying CVar settings from Section [ShadingQuality@1] File [C:/Users/user/Documents/GitHub Unreal/Snake/Snake/Saved/Config/Windows/Scalability.ini]
[2026.05.02-08.47.52:037][  0]LogConfig: Setting CVar [[r.HairStrands.SkyLighting.IntegrationType:2]]
[2026.05.02-08.47.52:037][  0]LogConfig: Setting CVar [[r.HairStrands.SkyAO.SampleCount:4]]
[2026.05.02-08.47.52:037][  0]LogConfig: Setting CVar [[r.HairStrands.Visibility.MSAA.SamplePerPixel:1]]
[2026.05.02-08.47.52:037][  0]LogConfig: Applying CVar settings from Section [Startup] File [../../../Engine/Config/ConsoleVariables.ini]
[2026.05.02-08.47.52:038][  0]LogConfig: Setting CVar [[net.UseAdaptiveNetUpdateFrequency:0]]
[2026.05.02-08.47.52:038][  0]LogConfig: Setting CVar [[p.chaos.AllowCreatePhysxBodies:1]]
[2026.05.02-08.47.52:038][  0]LogConfig: Setting CVar [[fx.SkipVectorVMBackendOptimizations:1]]
[2026.05.02-08.47.52:038][  0]LogConfig: Applying CVar settings from Section [ConsoleVariables] File [C:/Users/user/Documents/GitHub Unreal/Snake/Snake/Saved/Config/Windows/Engine.ini]
[2026.05.02-08.47.52:038][  0]LogConfig: Applying CVar settings from Section [ConsoleVariables] File [C:/Users/user/Documents/GitHub Unreal/Snake/Snake/Saved/Config/Windows/Editor.ini]
[2026.05.02-08.47.52:039][  0]LogInit: Computer: WIN-F0BR1M2G8QI
[2026.05.02-08.47.52:039][  0]LogInit: User: user
[2026.05.02-08.47.52:039][  0]LogInit: CPU Page size=4096, Cores=8
[2026.05.02-08.47.52:039][  0]LogInit: High frequency timer resolution =10.000000 MHz
[2026.05.02-08.47.52:039][  0]LogMemory: Memory total: Physical=15.3GB (16GB approx)
[2026.05.02-08.47.52:039][  0]LogMemory: Platform Memory Stats for Windows
[2026.05.02-08.47.52:039][  0]LogMemory: Process Physical Memory: 149.66 MB used, 149.66 MB peak
[2026.05.02-08.47.52:039][  0]LogMemory: Process Virtual Memory: 129.49 MB used, 129.49 MB peak
[2026.05.02-08.47.52:039][  0]LogMemory: Physical Memory: 10839.15 MB used,  4867.41 MB free, 15706.56 MB total
[2026.05.02-08.47.52:039][  0]LogMemory: Virtual Memory: 134213408.00 MB used,  4317.61 MB free, 134217728.00 MB total
[2026.05.02-08.47.52:117][  0]LogWindows: WindowsPlatformFeatures enabled
[2026.05.02-08.47.52:246][  0]LogInit: Physics initialised using underlying interface: PhysX
[2026.05.02-08.47.52:248][  0]LogInit: Using OS detected language (ru-RU).
[2026.05.02-08.47.52:248][  0]LogInit: Using OS detected locale (ru-RU).
[2026.05.02-08.47.52:253][  0]LogTextLocalizationManager: No specific localization for 'ru-RU' exists, so the 'ru' localization will be used.
[2026.05.02-08.47.52:254][  0]LogTextLocalizationResource: LocRes '../../../Engine/Content/Localization/Editor/ru/Editor.locres' could not be opened for reading!
[2026.05.02-08.47.52:254][  0]LogTextLocalizationResource: LocRes '../../../Engine/Content/Localization/EditorTutorials/ru/EditorTutorials.locres' could not be opened for reading!
[2026.05.02-08.47.52:254][  0]LogTextLocalizationResource: LocRes '../../../Engine/Content/Localization/Keywords/ru/Keywords.locres' could not be opened for reading!
[2026.05.02-08.47.52:254][  0]LogTextLocalizationResource: LocRes '../../../Engine/Content/Localization/Category/ru/Category.locres' could not be opened for reading!
[2026.05.02-08.47.52:256][  0]LogTextLocalizationResource: LocRes '../../../Engine/Content/Localization/ToolTips/ru/ToolTips.locres' could not be opened for reading!
[2026.05.02-08.47.52:256][  0]LogTextLocalizationResource: LocRes '../../../Engine/Content/Localization/PropertyNames/ru/PropertyNames.locres' could not be opened for reading!
[2026.05.02-08.47.52:256][  0]LogTextLocalizationResource: LocRes '../../../Engine/Content/Localization/Engine/ru/Engine.locres' could not be opened for reading!
[2026.05.02-08.47.52:259][  0]LogInit: Setting process to per monitor DPI aware
[2026.05.02-08.47.52:288][  0]LogWindowsTextInputMethodSystem: Display: IME system deactivated.
[2026.05.02-08.47.52:324][  0]LogSlate: New Slate User Created.  User Index 0, Is Virtual User: 0
[2026.05.02-08.47.52:325][  0]LogSlate: Slate User Registered.  User Index 0, Is Virtual User: 0
[2026.05.02-08.47.52:593][  0]LogD3D11RHI: Loaded GFSDK_Aftermath_Lib.x64.dll
[2026.05.02-08.47.52:622][  0]LogHMD: Failed to initialize OpenVR with code 110
[2026.05.02-08.47.52:622][  0]LogD3D11RHI: D3D11 min allowed feature level: 11_0
[2026.05.02-08.47.52:622][  0]LogD3D11RHI: D3D11 max allowed feature level: 11_0
[2026.05.02-08.47.52:622][  0]LogD3D11RHI: D3D11 adapters:
[2026.05.02-08.47.52:727][  0]LogD3D11RHI:    0. 'AMD Radeon(TM) Graphics' (Feature Level 11_0)
[2026.05.02-08.47.52:727][  0]LogD3D11RHI:       495/0/7853 MB DedicatedVideo/DedicatedSystem/SharedSystem, Outputs:1, VendorId:0x1002
[2026.05.02-08.47.52:735][  0]LogD3D11RHI:    1. 'Microsoft Basic Render Driver' (Feature Level 11_0)
[2026.05.02-08.47.52:735][  0]LogD3D11RHI:       0/0/7853 MB DedicatedVideo/DedicatedSystem/SharedSystem, Outputs:0, VendorId:0x1414
[2026.05.02-08.47.52:825][  0]LogD3D11RHI:    2. 'AMD Radeon(TM) Graphics' (Feature Level 11_0)
[2026.05.02-08.47.52:826][  0]LogD3D11RHI:       495/0/7853 MB DedicatedVideo/DedicatedSystem/SharedSystem, Outputs:0, VendorId:0x1002
[2026.05.02-08.47.52:826][  0]LogD3D11RHI: Chosen D3D11 Adapter:
[2026.05.02-08.47.52:826][  0]LogD3D11RHI:     Description : AMD Radeon(TM) Graphics
[2026.05.02-08.47.52:826][  0]LogD3D11RHI:     VendorId    : 1002
[2026.05.02-08.47.52:826][  0]LogD3D11RHI:     DeviceId    : 164c
[2026.05.02-08.47.52:826][  0]LogD3D11RHI:     SubSysId    : 1410152d
[2026.05.02-08.47.52:826][  0]LogD3D11RHI:     Revision    : 00c1
[2026.05.02-08.47.52:826][  0]LogD3D11RHI:     DedicatedVideoMemory : 519634944 bytes
[2026.05.02-08.47.52:826][  0]LogD3D11RHI:     DedicatedSystemMemory : 0 bytes
[2026.05.02-08.47.52:826][  0]LogD3D11RHI:     SharedSystemMemory : 8234760192 bytes
[2026.05.02-08.47.52:828][  0]LogD3D11RHI:     AdapterLuid : 0 45828
[2026.05.02-08.47.52:841][  0]LogD3D11RHI: Creating new Direct3DDevice
[2026.05.02-08.47.52:843][  0]LogD3D11RHI:     GPU DeviceId: 0x164c (for the marketing name, search the web for "GPU Device Id")
[2026.05.02-08.47.52:843][  0]LogWindows: EnumDisplayDevices:
[2026.05.02-08.47.52:843][  0]LogWindows:    0. 'AMD Radeon(TM) Graphics' (P:1 D:1)
[2026.05.02-08.47.52:844][  0]LogWindows:    1. 'AMD Radeon(TM) Graphics' (P:0 D:0)
[2026.05.02-08.47.52:845][  0]LogWindows:    2. 'AMD Radeon(TM) Graphics' (P:0 D:0)
[2026.05.02-08.47.52:848][  0]LogWindows:    3. 'IddDesk Device' (P:0 D:0)
[2026.05.02-08.47.52:848][  0]LogWindows:    4. 'IddDesk Device' (P:0 D:0)
[2026.05.02-08.47.52:849][  0]LogWindows:    5. 'IddDesk Device' (P:0 D:0)
[2026.05.02-08.47.52:849][  0]LogWindows:    6. 'IddDesk Device' (P:0 D:0)
[2026.05.02-08.47.52:851][  0]LogWindows:    7. 'IddDesk Device' (P:0 D:0)
[2026.05.02-08.47.52:852][  0]LogWindows:    8. 'IddDesk Device' (P:0 D:0)
[2026.05.02-08.47.52:852][  0]LogWindows:    9. 'IddDesk Device' (P:0 D:0)
[2026.05.02-08.47.52:854][  0]LogWindows:    10. 'IddDesk Device' (P:0 D:0)
[2026.05.02-08.47.52:854][  0]LogWindows:    11. 'IddDesk Device' (P:0 D:0)
[2026.05.02-08.47.52:855][  0]LogWindows:    12. 'IddDesk Device' (P:0 D:0)
[2026.05.02-08.47.52:855][  0]LogWindows: DebugString: GetVideoDriverDetailsInvalid PrimaryIsNotTheChoosenAdapter GetVideoDriverDetailsInvalid PrimaryIsNotTheChoosenAdapter GetVideoDriverDetailsInvalid PrimaryIsNotTheChoosenAdapter GetVideoDriverDetailsInvalid PrimaryIsNotTheChoosenAdapter GetVideoDriverDetailsInvalid PrimaryIsNotTheChoosenAdapter GetVideoDriverDetailsInvalid PrimaryIsNotTheChoosenAdapter GetVideoDriverDetailsInvalid PrimaryIsNotTheChoosenAdapter GetVideoDriverDetailsInvalid PrimaryIsNotTheChoosenAdapter GetVideoDriverDetailsInvalid PrimaryIsNotTheChoosenAdapter GetVideoDriverDetailsInvalid PrimaryIsNotTheChoosenAdapter FoundDriverCount:3 
[2026.05.02-08.47.52:855][  0]LogD3D11RHI:     Adapter Name: AMD Radeon(TM) Graphics
[2026.05.02-08.47.52:855][  0]LogD3D11RHI:   Driver Version: AMD Software: Adrenalin Edition 26.1.1 (internal:31.0.21924.61, unified:31.0.21924.61)
[2026.05.02-08.47.52:856][  0]LogD3D11RHI:      Driver Date: 12-11-2025
[2026.05.02-08.47.52:856][  0]LogRHI: Texture pool is 5372 MB (70% of 7675 MB)
[2026.05.02-08.47.52:904][  0]LogD3D11RHI: Creating D3DDevice with AMD AGS, using adapter:
[2026.05.02-08.47.52:904][  0]LogD3D11RHI:     Description : AMD Radeon(TM) Graphics
[2026.05.02-08.47.52:904][  0]LogD3D11RHI:     VendorId    : 1002
[2026.05.02-08.47.52:904][  0]LogD3D11RHI:     DeviceId    : 164c
[2026.05.02-08.47.52:904][  0]LogD3D11RHI:     SubSysId    : 1410152d
[2026.05.02-08.47.52:904][  0]LogD3D11RHI:     Revision    : 00c1
[2026.05.02-08.47.52:904][  0]LogD3D11RHI:     DedicatedVideoMemory : 519634944 bytes
[2026.05.02-08.47.52:905][  0]LogD3D11RHI:     DedicatedSystemMemory : 0 bytes
[2026.05.02-08.47.52:905][  0]LogD3D11RHI:     SharedSystemMemory : 8234760192 bytes
[2026.05.02-08.47.52:905][  0]LogD3D11RHI:     AdapterLuid : 0 45828
[2026.05.02-08.47.52:994][  0]LogD3D11RHI: Created device via AGS, feature level 11_0, supported extensions 1fffffbf.
[2026.05.02-08.47.52:994][  0]LogD3D11RHI: RHI has support for 64 bit atomics
[2026.05.02-08.47.52:994][  0]LogD3D11RHI: Async texture creation enabled
[2026.05.02-08.47.52:994][  0]LogD3D11RHI: Array index from any shader is supported
[2026.05.02-08.47.53:017][  0]LogD3D11RHI: GPU Timing Frequency: 100.000000 (Debug: 2 1)
[2026.05.02-08.47.53:799][  0]LogTargetPlatformManager: Display: Loaded TargetPlatform 'AllDesktop'
[2026.05.02-08.47.53:834][  0]LogTargetPlatformManager: Display: Loaded TargetPlatform 'Android'
[2026.05.02-08.47.53:835][  0]LogTargetPlatformManager: Display: Loaded TargetPlatform 'Android_ASTC'
[2026.05.02-08.47.53:835][  0]LogTargetPlatformManager: Display: Loaded TargetPlatform 'Android_DXT'
[2026.05.02-08.47.53:835][  0]LogTargetPlatformManager: Display: Loaded TargetPlatform 'Android_ETC2'
[2026.05.02-08.47.53:835][  0]LogTargetPlatformManager: Display: Loaded TargetPlatform 'AndroidClient'
[2026.05.02-08.47.53:835][  0]LogTargetPlatformManager: Display: Loaded TargetPlatform 'Android_ASTCClient'
[2026.05.02-08.47.53:835][  0]LogTargetPlatformManager: Display: Loaded TargetPlatform 'Android_DXTClient'
[2026.05.02-08.47.53:835][  0]LogTargetPlatformManager: Display: Loaded TargetPlatform 'Android_ETC2Client'
[2026.05.02-08.47.53:835][  0]LogTargetPlatformManager: Display: Loaded TargetPlatform 'Android_Multi'
[2026.05.02-08.47.53:836][  0]LogTargetPlatformManager: Display: Loaded TargetPlatform 'Android_MultiClient'
[2026.05.02-08.47.53:881][  0]LogTargetPlatformManager: Display: Loaded TargetPlatform 'IOSClient'
[2026.05.02-08.47.53:881][  0]LogTargetPlatformManager: Display: Loaded TargetPlatform 'IOS'
[2026.05.02-08.47.53:900][  0]LogTargetPlatformManager: Display: Loaded TargetPlatform 'Linux'
[2026.05.02-08.47.53:914][  0]LogTargetPlatformManager: Display: Loaded TargetPlatform 'LinuxNoEditor'
[2026.05.02-08.47.53:927][  0]LogTargetPlatformManager: Display: Loaded TargetPlatform 'LinuxClient'
[2026.05.02-08.47.53:940][  0]LogTargetPlatformManager: Display: Loaded TargetPlatform 'LinuxServer'
[2026.05.02-08.47.53:959][  0]LogTargetPlatformManager: Display: Loaded TargetPlatform 'LinuxAArch64NoEditor'
[2026.05.02-08.47.53:972][  0]LogTargetPlatformManager: Display: Loaded TargetPlatform 'LinuxAArch64Client'
[2026.05.02-08.47.53:984][  0]LogTargetPlatformManager: Display: Loaded TargetPlatform 'LinuxAArch64Server'
[2026.05.02-08.47.54:019][  0]LogTargetPlatformManager: Display: Loaded TargetPlatform 'Lumin'
[2026.05.02-08.47.54:020][  0]LogTargetPlatformManager: Display: Loaded TargetPlatform 'LuminClient'
[2026.05.02-08.47.54:036][  0]LogTargetPlatformManager: Display: Loaded TargetPlatform 'MacNoEditor'
[2026.05.02-08.47.54:048][  0]LogTargetPlatformManager: Display: Loaded TargetPlatform 'Mac'
[2026.05.02-08.47.54:063][  0]LogTargetPlatformManager: Display: Loaded TargetPlatform 'MacClient'
[2026.05.02-08.47.54:075][  0]LogTargetPlatformManager: Display: Loaded TargetPlatform 'MacServer'
[2026.05.02-08.47.54:095][  0]LogTargetPlatformManager: Display: Loaded TargetPlatform 'TVOSClient'
[2026.05.02-08.47.54:096][  0]LogTargetPlatformManager: Display: Loaded TargetPlatform 'TVOS'
[2026.05.02-08.47.54:114][  0]LogTargetPlatformManager: Display: Loaded TargetPlatform 'WindowsNoEditor'
[2026.05.02-08.47.54:127][  0]LogTargetPlatformManager: Display: Loaded TargetPlatform 'Windows'
[2026.05.02-08.47.54:138][  0]LogTargetPlatformManager: Display: Loaded TargetPlatform 'WindowsClient'
[2026.05.02-08.47.54:151][  0]LogTargetPlatformManager: Display: Loaded TargetPlatform 'WindowsServer'
[2026.05.02-08.47.54:152][  0]LogTargetPlatformManager: Display: Building Assets For Windows
[2026.05.02-08.47.54:182][  0]LogAudioDebug: Display: Lib vorbis DLL was dynamically loaded.
[2026.05.02-08.47.54:292][  0]LogTextureFormatOodle: Display: Oodle Texture 2.9.0 init RDO Off
[2026.05.02-08.47.54:407][  0]LogRendererCore: Ray tracing is disabled. Reason: r.RayTracing=0.
[2026.05.02-08.47.54:409][  0]LogShaderCompilers: Guid format shader working directory is -20 characters bigger than the processId version (../../../../../../Users/user/Documents/GitHub Unreal/Snake/Snake/Intermediate/Shaders/WorkingDirectory/29980/).
[2026.05.02-08.47.54:409][  0]LogShaderCompilers: Cleaned the shader compiler working directory 'C:/Users/user/AppData/Local/Temp/UnrealShaderWorkingDir/6C27CE3345B0DBB9805930B99A97C10C/'.
[2026.05.02-08.47.54:409][  0]LogXGEController: Cannot use XGE Controller as Incredibuild is not installed on this machine.
[2026.05.02-08.47.54:410][  0]LogShaderCompilers: Cannot use XGE Shader Compiler as Incredibuild is not installed on this machine.
[2026.05.02-08.47.54:410][  0]LogShaderCompilers: Display: Using Local Shader Compiler.
[2026.05.02-08.47.55:402][  0]LogDerivedDataCache: Display: Max Cache Size: 512 MB
[2026.05.02-08.47.55:473][  0]LogDerivedDataCache: Loaded boot cache 0.07s 94MB C:/Users/user/AppData/Local/UnrealEngine/4.27/DerivedDataCache/Boot.ddc.
[2026.05.02-08.47.55:473][  0]LogDerivedDataCache: Display: Loaded Boot cache: C:/Users/user/AppData/Local/UnrealEngine/4.27/DerivedDataCache/Boot.ddc
[2026.05.02-08.47.55:473][  0]LogDerivedDataCache: FDerivedDataBackendGraph:  Pak pak cache file ../../../../../../Users/user/Documents/GitHub Unreal/Snake/Snake/DerivedDataCache/DDC.ddp not found, will not use a pak cache.
[2026.05.02-08.47.55:473][  0]LogDerivedDataCache: Unable to find inner node Pak for hierarchical cache Hierarchy.
[2026.05.02-08.47.55:474][  0]LogDerivedDataCache: FDerivedDataBackendGraph:  CompressedPak pak cache file ../../../../../../Users/user/Documents/GitHub Unreal/Snake/Snake/DerivedDataCache/Compressed.ddp not found, will not use a pak cache.
[2026.05.02-08.47.55:474][  0]LogDerivedDataCache: Unable to find inner node CompressedPak for hierarchical cache Hierarchy.
[2026.05.02-08.47.55:499][  0]LogDerivedDataCache: Display: Pak cache opened for reading ../../../Engine/DerivedDataCache/Compressed.ddp.
[2026.05.02-08.47.55:499][  0]LogDerivedDataCache: FDerivedDataBackendGraph:  EnterprisePak pak cache file ../../../Enterprise/DerivedDataCache/Compressed.ddp not found, will not use a pak cache.
[2026.05.02-08.47.55:500][  0]LogDerivedDataCache: Unable to find inner node EnterprisePak for hierarchical cache Hierarchy.
[2026.05.02-08.47.55:529][  0]LogDerivedDataCache: Speed tests for C:/Users/user/AppData/Local/UnrealEngine/Common/DerivedDataCache took 0.03 seconds
[2026.05.02-08.47.55:529][  0]LogDerivedDataCache: Display: Performance to C:/Users/user/AppData/Local/UnrealEngine/Common/DerivedDataCache: Latency=0.06ms. RandomReadSpeed=483.51MBs, RandomWriteSpeed=36.44MBs. Assigned SpeedClass 'Local'
[2026.05.02-08.47.55:537][  0]LogDerivedDataCache: Using Local data cache path C:/Users/user/AppData/Local/UnrealEngine/Common/DerivedDataCache: Writable
[2026.05.02-08.47.55:537][  0]LogDerivedDataCache: Shared data cache path not found in *engine.ini, will not use an Shared cache.
[2026.05.02-08.47.55:537][  0]LogDerivedDataCache: Unable to find inner node Shared for hierarchical cache Hierarchy.
[2026.05.02-08.47.55:602][  0]LogSlate: Using FreeType 2.10.0
[2026.05.02-08.47.55:604][  0]LogSlate: SlateFontServices - WITH_FREETYPE: 1, WITH_HARFBUZZ: 1
[2026.05.02-08.47.55:650][  0]LogAssetRegistry: FAssetRegistry took 0.0085 seconds to start up
[2026.05.02-08.47.56:011][  0]LogInit: Selected Device Profile: [Windows]
[2026.05.02-08.47.56:012][  0]LogInit: Active device profile: [000001D5A7E6C700][000001D59FBE92C0 49] Windows
[2026.05.02-08.47.56:012][  0]LogInit: Profiles: [000001D5A7E6C700][000001D59FBE92C0 49] Windows, [000001D5A7E47700][000001D59F585440 49] WindowsNoEditor, [000001D5A7E6F300][000001D5991F95C0 49] WindowsServer, [000001D5A7E44F00][000001D5991FD740 49] WindowsClient, [000001D5A7E6F500][000001D5992018C0 49] IOS, [000001D5A7E37F00][000001D599205A40 49] iPadAir, [000001D5A7E47B00][000001D599209BC0 49] iPadAir2, [000001D5A7DF4500][000001D599210300 49] IPadPro, [000001D5A7DF4600][000001D59920C340 49] iPadAir3, [000001D5A7E34100][000001D5992144C0 49] iPadAir4, [000001D5A7DF6C00][000001D599218640 49] iPadMini2, [000001D5A7E36500][000001D59F580780 49] iPadMini3, [000001D5A7DF7400][000001D59921C8C0 49] iPadMini4, [000001D5A7E34F00][000001D599220A00 49] iPadMini5, [000001D5A7DE7E00][000001D59FAF2C80 49] iPhone6, [000001D5A7DE7F00][000001D599224CC0 49] iPodTouch6, [000001D5A7E6F900][000001D59FAFAF80 49] iPhone7, [000001D5A7E6E100][000001D59FAF6FC0 49] iPodTouch7, [000001D5A7DE4400][000001D59FAFF140 49] iPhone5S, [000001D5A7DF7D00][000001D59FB032C0 49] iPhone6Plus, [000001D5A7E6F400][000001D59FB5B440 49] iPhone6S, [000001D5A7DF6000][000001D59FB5F5C0 49] iPhone6SPlus, [000001D5A7E6C900][000001D5A6EB7740 49] iPhone7Plus, [000001D5A7DF4E00][000001D5998D18C0 49] iPhoneSE, [000001D5A7E6C200][000001D5998D5A40 49] iPhone8, [000001D5A7DF6400][000001D5998DDBC0 49] iPhone8Plus, [000001D5A7E6DE00][000001D5998E41C0 49] iPhoneX, [000001D5A7DF7E00][000001D5998E8340 49] iPhoneXS, [000001D5A7E6D600][000001D5998F04C0 49] iPhoneXSMax, [000001D5A7DF6500][000001D5998F8640 49] iPhoneXR, [000001D5A7E6EA00][000001D5998EC7C0 49] iPhone11, [000001D5A7DF7A00][000001D5A830C940 49] iPhone11Pro, [000001D5A7E6CF00][000001D599228A80 49] iPhone11ProMax, [000001D5A7DF6300][000001D5A6EFABC0 49] iPhoneSE2, [000001D5A7E6E700][000001D5A6EB0D00 49] iPhone12Mini, [000001D5A7DF4700][000001D59F4DEE80 49] iPhone12, [000001D5A7E6F100][000001D59F4E3000 49] iPhone12Pro, [000001D5A7DF7500][000001D59F4E7180 49] iPhone12ProMax, [000001D5A7E6C800][000001D59F4EB300 49] iPadPro105, [000001D5A7DF5C00][000001D59F4EF480 49] iPadPro129, [000001D5A7E6C300][000001D59F4F3600 49] iPadPro97, [000001D5A7DF5D00][000001D59F503780 49] iPadPro2_129, [000001D5A7E6CC00][000001D59F507900 49] iPad5, [000001D5A7DF7000][000001D5A6C5FA80 49] iPad6, [000001D5A7E6EC00][000001D5A6C63C00 49] iPad7, [000001D5A7DF6E00][000001D5A6C66200 49] iPad8, [000001D5A7E6D800][000001D5A6C6E380 49] iPadPro11, [000001D5A7DF5B00][000001D5A8102500 49] iPadPro2_11, [000001D5A7E6D500][000001D5A8106680 49] iPadPro3_129, [000001D5A7DF6700][000001D5A810A800 49] iPadPro4_129, [000001D5A7E6C100][000001D5A810E980 49] AppleTV, [000001D5A7DF6B00][000001D5A8112B00 49] AppleTV4K, [000001D5A7E6DB00][000001D59F4DAC40 49] TVOS, [000001D5A7DF4900][000001D5A8116D80 49] Mac, [000001D5A7E6D700][000001D5A811EEC0 49] MacClient, [000001D5A7DF6F00][000001D59F499040 49] MacNoEditor, [000001D5A7E6CD00][000001D59F49D1C0 49] MacServer, [000001D5A7DF4300][000001D59F4CD340 49] Linux, [000001D5A7E6EE00][000001D59F4D54C0 49] LinuxAArch64, [000001D5A7DF5500][000001D5A6EDB640 49] LinuxNoEditor, [000001D5A7E6E400][000001D5A6EDF7C0 49] LinuxAArch64NoEditor, [000001D5A7DF4200][000001D5A6EED940 49] LinuxClient, [000001D5A7E6ED00][000001D5A6EF1AC0 49] LinuxAArch64Client, [000001D5A7DF4C00][000001D59F4D00C0 49] LinuxServer, [000001D5A7E6C400][000001D59F4A0240 49] LinuxAArch64Server, [000001D5A7DF5000][000001D5A6EF43C0 49] Android, [000001D5A7E37900][000001D5A811A540 49] Android_Low, [000001D5A7DE5B00][000001D5A6C066C0 49] Android_Mid, [000001D5A7E37000][000001D5A6C0A840 49] Android_High, [000001D5A7DE6300][000001D5A6C0E9C0 49] Android_Default, [000001D5A7E36000][000001D5A6C12B40 49] Android_Adreno4xx, [000001D5A7DE4100][000001D5A6C16CC0 49] Android_Adreno5xx_Low, [000001D5A7E34B00][000001D59F494E00 49] Android_Adreno5xx, [000001D5A7DE5800][000001D5A6C1AF40 49] Android_Adreno6xx, [000001D5A7E35100][000001D5A6C1F080 49] Android_Adreno6xx_Vulkan, [000001D5A7DE4800][000001D5A6C231C0 49] Android_Mali_T6xx, [000001D5A7E37600][000001D5A6C2B340 49] Android_Mali_T7xx, [000001D5A7DE4D00][000001D5A6B914C0 49] Android_Mali_T8xx, [000001D5A7E37C00][000001D5A6B95640 49] Android_Mali_G71, [000001D5A7DE5500][000001D5A6B997C0 49] Android_Mali_G72, [000001D5A7E37E00][000001D5A6B9D940 49] Android_Mali_G72_Vulkan, [000001D5A7DE7D00][000001D5A6BA1AC0 49] Android_Mali_G76, [000001D5A7E37A00][000001D5A6BA40C0 49] Android_Mali_G76_Vulkan, [000001D5A7DE7600][000001D5A6BA8240 49] Android_Mali_G77, [000001D5A7E36200][000001D5A6BAC3C0 49] Android_Mali_G77_Vulkan, [000001D5A7DE5200][000001D5A6BB0540 49] Android_Mali_G78, [000001D5A7E34A00][000001D5A6BB46C0 49] Android_Mali_G78_Vulkan, [000001D5A7DE7000][000001D5A6BB8840 49] Android_Mali_G710, [000001D5A7E35400][000001D5A6BBC9C0 49] Android_Mali_G710_Vulkan, [000001D5A7DE4700][000001D5A090EB40 49] Android_Vulkan_SM5, [000001D5A7E35800][000001D5A0912CC0 49] Android_PowerVR_G6xxx, [000001D5A7DE4E00][000001D5A0916E40 49] Android_PowerVR_GT7xxx, [000001D5A7E34200][000001D5A6C26F80 49] Android_PowerVR_GE8xxx, [000001D5A7DE4600][000001D5A091B0C0 49] Android_PowerVR_GM9xxx, [000001D5A7E36600][000001D5A091F200 49] Android_PowerVR_GM9xxx_Vulkan, [000001D5A7DF4F00][000001D5A0923340 49] Android_TegraK1, [000001D5A7E36A00][000001D5A092B4C0 49] Android_Unknown_Vulkan, [000001D5A7DF4D00][000001D5A092F640 49] Lumin, [000001D5A7E35200][000001D5A09337C0 49] Lumin_Desktop, [000001D5A7DF4B00][000001D5A0937940 49] HoloLens, 
[2026.05.02-08.47.56:228][  0]LogMeshReduction: Using QuadricMeshReduction for automatic static mesh reduction
[2026.05.02-08.47.56:228][  0]LogMeshReduction: Using SimplygonMeshReduction for automatic skeletal mesh reduction
[2026.05.02-08.47.56:228][  0]LogMeshReduction: Using ProxyLODMeshReduction for automatic mesh merging
[2026.05.02-08.47.56:228][  0]LogMeshReduction: No distributed automatic mesh merging module available
[2026.05.02-08.47.56:228][  0]LogMeshMerging: No distributed automatic mesh merging module available
[2026.05.02-08.47.56:259][  0]LogNetVersion: Snake 1.0.0, NetCL: 17155196, EngineNetVer: 17, GameNetVer: 0 (Checksum: 56763789)
[2026.05.02-08.47.56:820][  0]LogTexture: Default maximum texture size for cubemaps generated from long-lat sources has been changed from 512 to unlimited. In order to preserve old behaiour for '/Engine/MapTemplates/Sky/DaylightAmbientCubemap.DaylightAmbientCubemap', its maximum texture size has been explicitly set to 512.
[2026.05.02-08.47.56:881][  0]LogHMD: PokeAHoleMaterial loaded successfully
[2026.05.02-08.47.56:892][  0]LogUObjectArray: 17178 objects as part of root set at end of initial load.
[2026.05.02-08.47.56:892][  0]LogUObjectAllocator: 4302048 out of 0 bytes used by permanent object pool.
[2026.05.02-08.47.56:892][  0]LogUObjectArray: CloseDisregardForGC: 0/0 objects in disregard for GC pool
[2026.05.02-08.47.57:494][  0]LogNiagaraDebuggerClient: Niagara Debugger Client Initialized | Session: 24B5C5B440625F2638849FA688BE073D | Instance: 2B528A4E42E27446D5CEEFB62B1F76B0 (WIN-F0BR1M2G8QI-29980).
[2026.05.02-08.47.57:613][  0]LogPython: Using Python 3.7.7
[2026.05.02-08.47.58:349][  0]LogUdpMessaging: Initializing bridge on interface 0.0.0.0:0 to multicast group 230.0.0.1:6666.
[2026.05.02-08.47.58:620][  0]LogTcpMessaging: Initializing TcpMessaging bridge
[2026.05.02-08.47.58:979][  0]SourceControl: Source control is disabled
[2026.05.02-08.47.58:979][  0]SourceControl: Source control is disabled
[2026.05.02-08.47.58:989][  0]SourceControl: Source control is disabled
[2026.05.02-08.47.58:998][  0]SourceControl: Source control is disabled
[2026.05.02-08.47.59:028][  0]SourceControl: Source control is disabled
[2026.05.02-08.47.59:049][  0]LogUProjectInfo: Found projects:
[2026.05.02-08.47.59:527][  0]LogOpenImageDenoise: OIDN starting up
[2026.05.02-08.47.59:693][  0]LogAndroidPermission: UAndroidPermissionCallbackProxy::GetInstance
[2026.05.02-08.47.59:746][  0]LogAudioCaptureCore: Display: No Audio Capture implementations found. Audio input will be silent.
[2026.05.02-08.47.59:746][  0]LogAudioCaptureCore: Display: No Audio Capture implementations found. Audio input will be silent.
[2026.05.02-08.48.00:024][  0]LogCollectionManager: Loaded 0 collections in 0.003147 seconds
[2026.05.02-08.48.00:079][  0]LogFileCache: Scanning file cache for directory 'C:/Users/user/Documents/GitHub Unreal/Snake/Snake/Saved/Collections/' took 0.00s
[2026.05.02-08.48.00:079][  0]LogFileCache: Scanning file cache for directory 'C:/Users/user/Documents/GitHub Unreal/Snake/Snake/Content/Developers/user/Collections/' took 0.00s
[2026.05.02-08.48.00:080][  0]LogFileCache: Scanning file cache for directory 'C:/Users/user/Documents/GitHub Unreal/Snake/Snake/Content/Collections/' took 0.00s
[2026.05.02-08.48.00:080][  0]LogOcInput: OculusInput pre-init called
[2026.05.02-08.48.00:463][  0]LogEngine: Initializing Engine...
[2026.05.02-08.48.00:469][  0]LogHMD: Failed to enumerate extensions. Please check that you have a valid OpenXR runtime installed.
[2026.05.02-08.48.00:470][  0]LogHMD: Failed to initialize OpenVR with code 110
[2026.05.02-08.48.00:470][  0]LogMagicLeap: Warning: VR disabled because ZI is not enabled.  To enable, in the editor, Edit -> Project Settings -> Plugins -> Magic Leap Plugin -> Enable Zero Iteration
[2026.05.02-08.48.00:472][  0]LogStats: UGameplayTagsManager::InitializeManager -  0.000 s
[2026.05.02-08.48.00:703][  0]LogInit: Initializing FReadOnlyCVARCache
[2026.05.02-08.48.00:719][  0]LogAIModule: Creating AISystem for world Untitled
[2026.05.02-08.48.00:721][  0]LogAudio: Display: Initializing Audio Device Manager...
[2026.05.02-08.48.00:732][  0]LogAudio: Display: Loading Default Audio Settings Objects...
[2026.05.02-08.48.00:733][  0]LogAudio: Display: No default SoundConcurrencyObject specified (or failed to load).
[2026.05.02-08.48.00:734][  0]LogAudio: Display: Audio Device Manager Initialized
[2026.05.02-08.48.00:735][  0]LogAudio: Display: Creating Audio Device:                 Id: 1, Scope: Shared, Realtime: True
[2026.05.02-08.48.00:735][  0]LogAudioMixer: Display: Audio Mixer Platform Settings:
[2026.05.02-08.48.00:735][  0]LogAudioMixer: Display: 	Sample Rate:						  48000
[2026.05.02-08.48.00:735][  0]LogAudioMixer: Display: 	Callback Buffer Frame Size Requested: 1024
[2026.05.02-08.48.00:735][  0]LogAudioMixer: Display: 	Callback Buffer Frame Size To Use:	  1024
[2026.05.02-08.48.00:735][  0]LogAudioMixer: Display: 	Number of buffers to queue:			  2
[2026.05.02-08.48.00:735][  0]LogAudioMixer: Display: 	Max Channels (voices):				  32
[2026.05.02-08.48.00:735][  0]LogAudioMixer: Display: 	Number of Async Source Workers:		  0
[2026.05.02-08.48.00:736][  0]LogAudio: Display: AudioDevice MaxSources: 32
[2026.05.02-08.48.00:736][  0]LogAudio: Display: Audio Spatialization Plugin: None (built-in).
[2026.05.02-08.48.00:736][  0]LogAudio: Display: Audio Reverb Plugin: None (built-in).
[2026.05.02-08.48.00:736][  0]LogAudio: Display: Audio Occlusion Plugin: None (built-in).
[2026.05.02-08.48.00:737][  0]LogAudioMixer: Display: Initializing audio mixer.
[2026.05.02-08.48.00:830][  0]LogAudioMixer: Display: 0: FrontLeft
[2026.05.02-08.48.00:831][  0]LogAudioMixer: Display: 1: FrontRight
[2026.05.02-08.48.00:897][  0]LogAudioMixer: Display: Using Audio Device Наушники (HONOR CHOICE Headphones Pro)
[2026.05.02-08.48.00:899][  0]LogAudioMixer: Display: Initializing Sound Submixes...
[2026.05.02-08.48.00:902][  0]LogAudioMixer: Display: Creating Master Submix 'MasterSubmixDefault'
[2026.05.02-08.48.00:902][  0]LogAudioMixer: Display: Creating Master Submix 'MasterReverbSubmixDefault'
[2026.05.02-08.48.00:904][  0]LogAudioMixer: Display: Creating Master Submix 'MasterEQSubmixDefault'
[2026.05.02-08.48.00:904][  0]LogAudioMixer: FMixerPlatformXAudio2::StartAudioStream() called
[2026.05.02-08.48.00:904][  0]LogAudioMixer: Display: Output buffers initialized: Frames=1024, Channels=2, Samples=2048
[2026.05.02-08.48.00:907][  0]LogAudioMixer: Display: Starting AudioMixerPlatformInterface::RunInternal()
[2026.05.02-08.48.00:907][  0]LogAudioMixer: Display: FMixerPlatformXAudio2::SubmitBuffer() called for the first time
[2026.05.02-08.48.00:907][  0]LogInit: FAudioDevice initialized.
[2026.05.02-08.48.00:907][  0]LogAudio: Display: Audio Device (ID: 1) registered with world 'Untitled'.
[2026.05.02-08.48.00:907][  0]LogNetVersion: Set ProjectVersion to 1.0.0.0. Version Checksum will be recalculated on next use.
[2026.05.02-08.48.01:011][  0]LogDerivedDataCache: Saved boot cache 0.10s 94MB C:/Users/user/AppData/Local/UnrealEngine/4.27/DerivedDataCache/Boot.ddc.
[2026.05.02-08.48.01:011][  0]LogInit: Texture streaming: Enabled
[2026.05.02-08.48.01:051][  0]LogAnalytics: Display: [UEEditor.Rocket.Release] APIServer = https://datarouter.ol.epicgames.com/. AppVersion = 4.27.2-18319896+++UE4+Release-4.27
[2026.05.02-08.48.01:062][  0]LogEngineSessionManager: EngineSessionManager initialized
[2026.05.02-08.48.01:062][  0]LogEditorSessionSummary: Verbose: Initializing EditorSessionSummaryWriter for editor session tracking
[2026.05.02-08.48.01:067][  0]LogEditorSessionSummary: EditorSessionSummaryWriter initialized
[2026.05.02-08.48.01:114][  0]LogInit: Transaction tracking system initialized
[2026.05.02-08.48.01:177][  0]BlueprintLog: New page: Editor Load
[2026.05.02-08.48.01:345][  0]LocalizationService: Localization service is disabled
[2026.05.02-08.48.01:406][  0]TimingProfiler: Initialize
[2026.05.02-08.48.01:407][  0]TimingProfiler: OnSessionChanged
[2026.05.02-08.48.01:407][  0]LoadingProfiler: Initialize
[2026.05.02-08.48.01:407][  0]LoadingProfiler: OnSessionChanged
[2026.05.02-08.48.01:407][  0]NetworkingProfiler: Initialize
[2026.05.02-08.48.01:407][  0]NetworkingProfiler: OnSessionChanged
[2026.05.02-08.48.01:407][  0]MemoryProfiler: Initialize
[2026.05.02-08.48.01:408][  0]MemoryProfiler: OnSessionChanged
[2026.05.02-08.48.01:696][  0]LogCook: Display: CookSettings for Memory: MemoryMaxUsedVirtual 0MiB, MemoryMaxUsedPhysical 16384MiB, MemoryMinFreeVirtual 0MiB, MemoryMinFreePhysical 1024MiB
[2026.05.02-08.48.01:696][  0]LogCook: Display: Mobile HDR setting 1
[2026.05.02-08.48.01:815][  0]LogFileCache: Scanning file cache for directory 'C:/Users/user/Documents/GitHub Unreal/Snake/Snake/Content/' took 0.00s
[2026.05.02-08.48.02:384][  0]LogInit: Display: Engine is initialized. Leaving FEngineLoop::Init()
[2026.05.02-08.48.02:390][  0]SourceControl: Source control is disabled
[2026.05.02-08.48.02:391][  0]LogUnrealEdMisc: Loading editor; pre map load, took 12.973
[2026.05.02-08.48.02:391][  0]Cmd: MAP LOAD FILE="../../../../../../Users/user/Documents/GitHub Unreal/Snake/Snake/Content/main.umap" TEMPLATE=0 SHOWPROGRESS=1 FEATURELEVEL=3
[2026.05.02-08.48.02:391][  0]LightingResults: New page: Lighting Build
[2026.05.02-08.48.02:394][  0]LogWorld: UWorld::CleanupWorld for Untitled, bSessionEnded=true, bCleanupResources=true
[2026.05.02-08.48.02:394][  0]LogSlate: InvalidateAllWidgets triggered.  All widgets were invalidated
[2026.05.02-08.48.02:395][  0]MapCheck: New page: Map Check
[2026.05.02-08.48.02:395][  0]LightingResults: New page: Lighting Build
[2026.05.02-08.48.02:408][  0]LogAudio: Display: Audio Device unregistered from world 'None'.
[2026.05.02-08.48.02:413][  0]LogUObjectHash: Compacting FUObjectHashTables data took   0.97ms
[2026.05.02-08.48.02:480][  0]LogAudio: Display: Audio Device (ID: 1) registered with world 'main'.
[2026.05.02-08.48.02:481][  0]LogAIModule: Creating AISystem for world main
[2026.05.02-08.48.02:487][  0]LogEditorServer: Finished looking for orphan Actors (0.000 secs)
[2026.05.02-08.48.02:532][  0]LogUObjectHash: Compacting FUObjectHashTables data took   1.04ms
[2026.05.02-08.48.02:532][  0]Cmd: MAP CHECKDEP NOCLEARLOG
[2026.05.02-08.48.02:533][  0]MapCheck: Map check complete: 0 Error(s), 0 Warning(s), took 0,246ms to complete.
[2026.05.02-08.48.02:533][  0]LogFileHelpers: Loading map 'main' took 0.142
[2026.05.02-08.48.02:536][  0]LogUnrealEdMisc: Total Editor Startup Time, took 13.118
[2026.05.02-08.48.02:705][  0]LogSlate: Updating window title bar state: overlay mode, drag disabled, window buttons hidden, title bar hidden
[2026.05.02-08.48.02:714][  0]LogSlate: Updating window title bar state: overlay mode, drag disabled, window buttons hidden, title bar hidden
[2026.05.02-08.48.02:722][  0]LogSlate: Updating window title bar state: overlay mode, drag disabled, window buttons hidden, title bar hidden
[2026.05.02-08.48.02:728][  0]LogSlate: Updating window title bar state: overlay mode, drag disabled, window buttons hidden, title bar hidden
[2026.05.02-08.48.02:750][  0]LogNativeClassHierarchy: Verbose: Native class hierarchy populated in 0.0124 seconds. Added 3826 classes and 930 folders.
[2026.05.02-08.48.02:771][  0]LogNativeClassHierarchy: Verbose: Native class hierarchy updated for 'WidgetCarousel' in 0.0003 seconds. Added 0 classes and 0 folders.
[2026.05.02-08.48.02:773][  0]LogPakFile: PakFile PrimaryIndexSize=187
[2026.05.02-08.48.02:773][  0]LogPakFile: PakFile PathHashIndexSize=101
[2026.05.02-08.48.02:773][  0]LogPakFile: PakFile FullDirectoryIndexSize=148
[2026.05.02-08.48.02:774][  0]LogShaderLibrary: Display: ShaderCodeLibraryPakFileMountedCallback: PakFile 'C:/Program Files/Epic Games/UE_4.27/FeaturePacks/FP_FirstPerson.upack' (chunk index -1, root 'root:/') mounted
[2026.05.02-08.48.02:774][  0]LogShaderLibrary: Display: ShaderCodeLibraryPakFileMountedCallback: pending pak file info (ChunkID:-1 Root:root:/ File:C:/Program Files/Epic Games/UE_4.27/FeaturePacks/FP_FirstPerson.upack)
[2026.05.02-08.48.02:774][  0]LogPakFile: OnPakFileMounted2Time == 0.000209
[2026.05.02-08.48.02:775][  0]LogPakFile: PakFile PrimaryIndexSize=189
[2026.05.02-08.48.02:775][  0]LogPakFile: PakFile PathHashIndexSize=101
[2026.05.02-08.48.02:775][  0]LogPakFile: PakFile FullDirectoryIndexSize=152
[2026.05.02-08.48.02:775][  0]LogShaderLibrary: Display: ShaderCodeLibraryPakFileMountedCallback: PakFile 'C:/Program Files/Epic Games/UE_4.27/FeaturePacks/FP_FirstPersonBP.upack' (chunk index -1, root 'root:/') mounted
[2026.05.02-08.48.02:775][  0]LogShaderLibrary: Display: ShaderCodeLibraryPakFileMountedCallback: pending pak file info (ChunkID:-1 Root:root:/ File:C:/Program Files/Epic Games/UE_4.27/FeaturePacks/FP_FirstPersonBP.upack)
[2026.05.02-08.48.02:775][  0]LogPakFile: OnPakFileMounted2Time == 0.000179
[2026.05.02-08.48.02:776][  0]LogPakFile: PakFile PrimaryIndexSize=191
[2026.05.02-08.48.02:776][  0]LogPakFile: PakFile PathHashIndexSize=101
[2026.05.02-08.48.02:776][  0]LogPakFile: PakFile FullDirectoryIndexSize=160
[2026.05.02-08.48.02:776][  0]LogShaderLibrary: Display: ShaderCodeLibraryPakFileMountedCallback: PakFile 'C:/Program Files/Epic Games/UE_4.27/FeaturePacks/MobileStarterContent.upack' (chunk index -1, root 'root:/') mounted
[2026.05.02-08.48.02:776][  0]LogShaderLibrary: Display: ShaderCodeLibraryPakFileMountedCallback: pending pak file info (ChunkID:-1 Root:root:/ File:C:/Program Files/Epic Games/UE_4.27/FeaturePacks/MobileStarterContent.upack)
[2026.05.02-08.48.02:776][  0]LogPakFile: OnPakFileMounted2Time == 0.000172
[2026.05.02-08.48.02:778][  0]LogPakFile: PakFile PrimaryIndexSize=185
[2026.05.02-08.48.02:778][  0]LogPakFile: PakFile PathHashIndexSize=101
[2026.05.02-08.48.02:778][  0]LogPakFile: PakFile FullDirectoryIndexSize=148
[2026.05.02-08.48.02:778][  0]LogShaderLibrary: Display: ShaderCodeLibraryPakFileMountedCallback: PakFile 'C:/Program Files/Epic Games/UE_4.27/FeaturePacks/StarterContent.upack' (chunk index -1, root 'root:/') mounted
[2026.05.02-08.48.02:778][  0]LogShaderLibrary: Display: ShaderCodeLibraryPakFileMountedCallback: pending pak file info (ChunkID:-1 Root:root:/ File:C:/Program Files/Epic Games/UE_4.27/FeaturePacks/StarterContent.upack)
[2026.05.02-08.48.02:778][  0]LogPakFile: OnPakFileMounted2Time == 0.000193
[2026.05.02-08.48.02:779][  0]LogPakFile: PakFile PrimaryIndexSize=190
[2026.05.02-08.48.02:779][  0]LogPakFile: PakFile PathHashIndexSize=101
[2026.05.02-08.48.02:779][  0]LogPakFile: PakFile FullDirectoryIndexSize=154
[2026.05.02-08.48.02:779][  0]LogShaderLibrary: Display: ShaderCodeLibraryPakFileMountedCallback: PakFile 'C:/Program Files/Epic Games/UE_4.27/FeaturePacks/TP_2DSideScroller.upack' (chunk index -1, root 'root:/') mounted
[2026.05.02-08.48.02:779][  0]LogShaderLibrary: Display: ShaderCodeLibraryPakFileMountedCallback: pending pak file info (ChunkID:-1 Root:root:/ File:C:/Program Files/Epic Games/UE_4.27/FeaturePacks/TP_2DSideScroller.upack)
[2026.05.02-08.48.02:780][  0]LogPakFile: OnPakFileMounted2Time == 0.000146
[2026.05.02-08.48.02:780][  0]LogPakFile: PakFile PrimaryIndexSize=192
[2026.05.02-08.48.02:781][  0]LogPakFile: PakFile PathHashIndexSize=101
[2026.05.02-08.48.02:781][  0]LogPakFile: PakFile FullDirectoryIndexSize=158
[2026.05.02-08.48.02:781][  0]LogShaderLibrary: Display: ShaderCodeLibraryPakFileMountedCallback: PakFile 'C:/Program Files/Epic Games/UE_4.27/FeaturePacks/TP_2DSideScrollerBP.upack' (chunk index -1, root 'root:/') mounted
[2026.05.02-08.48.02:781][  0]LogShaderLibrary: Display: ShaderCodeLibraryPakFileMountedCallback: pending pak file info (ChunkID:-1 Root:root:/ File:C:/Program Files/Epic Games/UE_4.27/FeaturePacks/TP_2DSideScrollerBP.upack)
[2026.05.02-08.48.02:781][  0]LogPakFile: OnPakFileMounted2Time == 0.000154
[2026.05.02-08.48.02:781][  0]LogPakFile: PakFile PrimaryIndexSize=182
[2026.05.02-08.48.02:783][  0]LogPakFile: PakFile PathHashIndexSize=101
[2026.05.02-08.48.02:783][  0]LogPakFile: PakFile FullDirectoryIndexSize=138
[2026.05.02-08.48.02:783][  0]LogShaderLibrary: Display: ShaderCodeLibraryPakFileMountedCallback: PakFile 'C:/Program Files/Epic Games/UE_4.27/FeaturePacks/TP_Flying.upack' (chunk index -1, root 'root:/') mounted
[2026.05.02-08.48.02:783][  0]LogShaderLibrary: Display: ShaderCodeLibraryPakFileMountedCallback: pending pak file info (ChunkID:-1 Root:root:/ File:C:/Program Files/Epic Games/UE_4.27/FeaturePacks/TP_Flying.upack)
[2026.05.02-08.48.02:783][  0]LogPakFile: OnPakFileMounted2Time == 0.000162
[2026.05.02-08.48.02:783][  0]LogPakFile: PakFile PrimaryIndexSize=184
[2026.05.02-08.48.02:784][  0]LogPakFile: PakFile PathHashIndexSize=101
[2026.05.02-08.48.02:784][  0]LogPakFile: PakFile FullDirectoryIndexSize=142
[2026.05.02-08.48.02:784][  0]LogShaderLibrary: Display: ShaderCodeLibraryPakFileMountedCallback: PakFile 'C:/Program Files/Epic Games/UE_4.27/FeaturePacks/TP_FlyingBP.upack' (chunk index -1, root 'root:/') mounted
[2026.05.02-08.48.02:784][  0]LogShaderLibrary: Display: ShaderCodeLibraryPakFileMountedCallback: pending pak file info (ChunkID:-1 Root:root:/ File:C:/Program Files/Epic Games/UE_4.27/FeaturePacks/TP_FlyingBP.upack)
[2026.05.02-08.48.02:784][  0]LogPakFile: OnPakFileMounted2Time == 0.000161
[2026.05.02-08.48.02:784][  0]LogPakFile: PakFile PrimaryIndexSize=188
[2026.05.02-08.48.02:786][  0]LogPakFile: PakFile PathHashIndexSize=101
[2026.05.02-08.48.02:786][  0]LogPakFile: PakFile FullDirectoryIndexSize=150
[2026.05.02-08.48.02:786][  0]LogShaderLibrary: Display: ShaderCodeLibraryPakFileMountedCallback: PakFile 'C:/Program Files/Epic Games/UE_4.27/FeaturePacks/TP_HandheldARBP.upack' (chunk index -1, root 'root:/') mounted
[2026.05.02-08.48.02:786][  0]LogShaderLibrary: Display: ShaderCodeLibraryPakFileMountedCallback: pending pak file info (ChunkID:-1 Root:root:/ File:C:/Program Files/Epic Games/UE_4.27/FeaturePacks/TP_HandheldARBP.upack)
[2026.05.02-08.48.02:786][  0]LogPakFile: OnPakFileMounted2Time == 0.000169
[2026.05.02-08.48.02:787][  0]LogPakFile: PakFile PrimaryIndexSize=182
[2026.05.02-08.48.02:787][  0]LogPakFile: PakFile PathHashIndexSize=101
[2026.05.02-08.48.02:787][  0]LogPakFile: PakFile FullDirectoryIndexSize=138
[2026.05.02-08.48.02:787][  0]LogShaderLibrary: Display: ShaderCodeLibraryPakFileMountedCallback: PakFile 'C:/Program Files/Epic Games/UE_4.27/FeaturePacks/TP_Puzzle.upack' (chunk index -1, root 'root:/') mounted
[2026.05.02-08.48.02:787][  0]LogShaderLibrary: Display: ShaderCodeLibraryPakFileMountedCallback: pending pak file info (ChunkID:-1 Root:root:/ File:C:/Program Files/Epic Games/UE_4.27/FeaturePacks/TP_Puzzle.upack)
[2026.05.02-08.48.02:787][  0]LogPakFile: OnPakFileMounted2Time == 0.000160
[2026.05.02-08.48.02:789][  0]LogPakFile: PakFile PrimaryIndexSize=184
[2026.05.02-08.48.02:789][  0]LogPakFile: PakFile PathHashIndexSize=101
[2026.05.02-08.48.02:789][  0]LogPakFile: PakFile FullDirectoryIndexSize=142
[2026.05.02-08.48.02:789][  0]LogShaderLibrary: Display: ShaderCodeLibraryPakFileMountedCallback: PakFile 'C:/Program Files/Epic Games/UE_4.27/FeaturePacks/TP_PuzzleBP.upack' (chunk index -1, root 'root:/') mounted
[2026.05.02-08.48.02:789][  0]LogShaderLibrary: Display: ShaderCodeLibraryPakFileMountedCallback: pending pak file info (ChunkID:-1 Root:root:/ File:C:/Program Files/Epic Games/UE_4.27/FeaturePacks/TP_PuzzleBP.upack)
[2026.05.02-08.48.02:789][  0]LogPakFile: OnPakFileMounted2Time == 0.000138
[2026.05.02-08.48.02:790][  0]LogPakFile: PakFile PrimaryIndexSize=183
[2026.05.02-08.48.02:790][  0]LogPakFile: PakFile PathHashIndexSize=101
[2026.05.02-08.48.02:790][  0]LogPakFile: PakFile FullDirectoryIndexSize=140
[2026.05.02-08.48.02:790][  0]LogShaderLibrary: Display: ShaderCodeLibraryPakFileMountedCallback: PakFile 'C:/Program Files/Epic Games/UE_4.27/FeaturePacks/TP_Rolling.upack' (chunk index -1, root 'root:/') mounted
[2026.05.02-08.48.02:790][  0]LogShaderLibrary: Display: ShaderCodeLibraryPakFileMountedCallback: pending pak file info (ChunkID:-1 Root:root:/ File:C:/Program Files/Epic Games/UE_4.27/FeaturePacks/TP_Rolling.upack)
[2026.05.02-08.48.02:790][  0]LogPakFile: OnPakFileMounted2Time == 0.000242
[2026.05.02-08.48.02:791][  0]LogPakFile: PakFile PrimaryIndexSize=185
[2026.05.02-08.48.02:791][  0]LogPakFile: PakFile PathHashIndexSize=101
[2026.05.02-08.48.02:791][  0]LogPakFile: PakFile FullDirectoryIndexSize=144
[2026.05.02-08.48.02:791][  0]LogShaderLibrary: Display: ShaderCodeLibraryPakFileMountedCallback: PakFile 'C:/Program Files/Epic Games/UE_4.27/FeaturePacks/TP_RollingBP.upack' (chunk index -1, root 'root:/') mounted
[2026.05.02-08.48.02:791][  0]LogShaderLibrary: Display: ShaderCodeLibraryPakFileMountedCallback: pending pak file info (ChunkID:-1 Root:root:/ File:C:/Program Files/Epic Games/UE_4.27/FeaturePacks/TP_RollingBP.upack)
[2026.05.02-08.48.02:791][  0]LogPakFile: OnPakFileMounted2Time == 0.000173
[2026.05.02-08.48.02:793][  0]LogPakFile: PakFile PrimaryIndexSize=188
[2026.05.02-08.48.02:793][  0]LogPakFile: PakFile PathHashIndexSize=101
[2026.05.02-08.48.02:793][  0]LogPakFile: PakFile FullDirectoryIndexSize=150
[2026.05.02-08.48.02:793][  0]LogShaderLibrary: Display: ShaderCodeLibraryPakFileMountedCallback: PakFile 'C:/Program Files/Epic Games/UE_4.27/FeaturePacks/TP_SideScroller.upack' (chunk index -1, root 'root:/') mounted
[2026.05.02-08.48.02:793][  0]LogShaderLibrary: Display: ShaderCodeLibraryPakFileMountedCallback: pending pak file info (ChunkID:-1 Root:root:/ File:C:/Program Files/Epic Games/UE_4.27/FeaturePacks/TP_SideScroller.upack)
[2026.05.02-08.48.02:793][  0]LogPakFile: OnPakFileMounted2Time == 0.000143
[2026.05.02-08.48.02:794][  0]LogPakFile: PakFile PrimaryIndexSize=190
[2026.05.02-08.48.02:794][  0]LogPakFile: PakFile PathHashIndexSize=101
[2026.05.02-08.48.02:794][  0]LogPakFile: PakFile FullDirectoryIndexSize=154
[2026.05.02-08.48.02:794][  0]LogShaderLibrary: Display: ShaderCodeLibraryPakFileMountedCallback: PakFile 'C:/Program Files/Epic Games/UE_4.27/FeaturePacks/TP_SideScrollerBP.upack' (chunk index -1, root 'root:/') mounted
[2026.05.02-08.48.02:794][  0]LogShaderLibrary: Display: ShaderCodeLibraryPakFileMountedCallback: pending pak file info (ChunkID:-1 Root:root:/ File:C:/Program Files/Epic Games/UE_4.27/FeaturePacks/TP_SideScrollerBP.upack)
[2026.05.02-08.48.02:794][  0]LogPakFile: OnPakFileMounted2Time == 0.000149
[2026.05.02-08.48.02:796][  0]LogPakFile: PakFile PrimaryIndexSize=187
[2026.05.02-08.48.02:796][  0]LogPakFile: PakFile PathHashIndexSize=101
[2026.05.02-08.48.02:796][  0]LogPakFile: PakFile FullDirectoryIndexSize=148
[2026.05.02-08.48.02:796][  0]LogShaderLibrary: Display: ShaderCodeLibraryPakFileMountedCallback: PakFile 'C:/Program Files/Epic Games/UE_4.27/FeaturePacks/TP_ThirdPerson.upack' (chunk index -1, root 'root:/') mounted
[2026.05.02-08.48.02:796][  0]LogShaderLibrary: Display: ShaderCodeLibraryPakFileMountedCallback: pending pak file info (ChunkID:-1 Root:root:/ File:C:/Program Files/Epic Games/UE_4.27/FeaturePacks/TP_ThirdPerson.upack)
[2026.05.02-08.48.02:796][  0]LogPakFile: OnPakFileMounted2Time == 0.000219
[2026.05.02-08.48.02:798][  0]LogPakFile: PakFile PrimaryIndexSize=189
[2026.05.02-08.48.02:798][  0]LogPakFile: PakFile PathHashIndexSize=101
[2026.05.02-08.48.02:798][  0]LogPakFile: PakFile FullDirectoryIndexSize=152
[2026.05.02-08.48.02:798][  0]LogShaderLibrary: Display: ShaderCodeLibraryPakFileMountedCallback: PakFile 'C:/Program Files/Epic Games/UE_4.27/FeaturePacks/TP_ThirdPersonBP.upack' (chunk index -1, root 'root:/') mounted
[2026.05.02-08.48.02:798][  0]LogShaderLibrary: Display: ShaderCodeLibraryPakFileMountedCallback: pending pak file info (ChunkID:-1 Root:root:/ File:C:/Program Files/Epic Games/UE_4.27/FeaturePacks/TP_ThirdPersonBP.upack)
[2026.05.02-08.48.02:798][  0]LogPakFile: OnPakFileMounted2Time == 0.000202
[2026.05.02-08.48.02:799][  0]LogPakFile: PakFile PrimaryIndexSize=183
[2026.05.02-08.48.02:799][  0]LogPakFile: PakFile PathHashIndexSize=101
[2026.05.02-08.48.02:799][  0]LogPakFile: PakFile FullDirectoryIndexSize=140
[2026.05.02-08.48.02:799][  0]LogShaderLibrary: Display: ShaderCodeLibraryPakFileMountedCallback: PakFile 'C:/Program Files/Epic Games/UE_4.27/FeaturePacks/TP_TopDown.upack' (chunk index -1, root 'root:/') mounted
[2026.05.02-08.48.02:799][  0]LogShaderLibrary: Display: ShaderCodeLibraryPakFileMountedCallback: pending pak file info (ChunkID:-1 Root:root:/ File:C:/Program Files/Epic Games/UE_4.27/FeaturePacks/TP_TopDown.upack)
[2026.05.02-08.48.02:799][  0]LogPakFile: OnPakFileMounted2Time == 0.000165
[2026.05.02-08.48.02:799][  0]LogPakFile: PakFile PrimaryIndexSize=185
[2026.05.02-08.48.02:799][  0]LogPakFile: PakFile PathHashIndexSize=101
[2026.05.02-08.48.02:799][  0]LogPakFile: PakFile FullDirectoryIndexSize=144
[2026.05.02-08.48.02:801][  0]LogShaderLibrary: Display: ShaderCodeLibraryPakFileMountedCallback: PakFile 'C:/Program Files/Epic Games/UE_4.27/FeaturePacks/TP_TopDownBP.upack' (chunk index -1, root 'root:/') mounted
[2026.05.02-08.48.02:801][  0]LogShaderLibrary: Display: ShaderCodeLibraryPakFileMountedCallback: pending pak file info (ChunkID:-1 Root:root:/ File:C:/Program Files/Epic Games/UE_4.27/FeaturePacks/TP_TopDownBP.upack)
[2026.05.02-08.48.02:801][  0]LogPakFile: OnPakFileMounted2Time == 0.000194
[2026.05.02-08.48.02:801][  0]LogPakFile: PakFile PrimaryIndexSize=185
[2026.05.02-08.48.02:802][  0]LogPakFile: PakFile PathHashIndexSize=101
[2026.05.02-08.48.02:802][  0]LogPakFile: PakFile FullDirectoryIndexSize=144
[2026.05.02-08.48.02:802][  0]LogShaderLibrary: Display: ShaderCodeLibraryPakFileMountedCallback: PakFile 'C:/Program Files/Epic Games/UE_4.27/FeaturePacks/TP_TwinStick.upack' (chunk index -1, root 'root:/') mounted
[2026.05.02-08.48.02:802][  0]LogShaderLibrary: Display: ShaderCodeLibraryPakFileMountedCallback: pending pak file info (ChunkID:-1 Root:root:/ File:C:/Program Files/Epic Games/UE_4.27/FeaturePacks/TP_TwinStick.upack)
[2026.05.02-08.48.02:802][  0]LogPakFile: OnPakFileMounted2Time == 0.000193
[2026.05.02-08.48.02:804][  0]LogPakFile: PakFile PrimaryIndexSize=187
[2026.05.02-08.48.02:805][  0]LogPakFile: PakFile PathHashIndexSize=101
[2026.05.02-08.48.02:805][  0]LogPakFile: PakFile FullDirectoryIndexSize=148
[2026.05.02-08.48.02:805][  0]LogShaderLibrary: Display: ShaderCodeLibraryPakFileMountedCallback: PakFile 'C:/Program Files/Epic Games/UE_4.27/FeaturePacks/TP_TwinStickBP.upack' (chunk index -1, root 'root:/') mounted
[2026.05.02-08.48.02:805][  0]LogShaderLibrary: Display: ShaderCodeLibraryPakFileMountedCallback: pending pak file info (ChunkID:-1 Root:root:/ File:C:/Program Files/Epic Games/UE_4.27/FeaturePacks/TP_TwinStickBP.upack)
[2026.05.02-08.48.02:805][  0]LogPakFile: OnPakFileMounted2Time == 0.000462
[2026.05.02-08.48.02:806][  0]LogPakFile: PakFile PrimaryIndexSize=183
[2026.05.02-08.48.02:806][  0]LogPakFile: PakFile PathHashIndexSize=101
[2026.05.02-08.48.02:806][  0]LogPakFile: PakFile FullDirectoryIndexSize=140
[2026.05.02-08.48.02:807][  0]LogShaderLibrary: Display: ShaderCodeLibraryPakFileMountedCallback: PakFile 'C:/Program Files/Epic Games/UE_4.27/FeaturePacks/TP_Vehicle.upack' (chunk index -1, root 'root:/') mounted
[2026.05.02-08.48.02:807][  0]LogShaderLibrary: Display: ShaderCodeLibraryPakFileMountedCallback: pending pak file info (ChunkID:-1 Root:root:/ File:C:/Program Files/Epic Games/UE_4.27/FeaturePacks/TP_Vehicle.upack)
[2026.05.02-08.48.02:807][  0]LogPakFile: OnPakFileMounted2Time == 0.000166
[2026.05.02-08.48.02:808][  0]LogPakFile: PakFile PrimaryIndexSize=186
[2026.05.02-08.48.02:808][  0]LogPakFile: PakFile PathHashIndexSize=101
[2026.05.02-08.48.02:808][  0]LogPakFile: PakFile FullDirectoryIndexSize=146
[2026.05.02-08.48.02:808][  0]LogShaderLibrary: Display: ShaderCodeLibraryPakFileMountedCallback: PakFile 'C:/Program Files/Epic Games/UE_4.27/FeaturePacks/TP_VehicleAdv.upack' (chunk index -1, root 'root:/') mounted
[2026.05.02-08.48.02:808][  0]LogShaderLibrary: Display: ShaderCodeLibraryPakFileMountedCallback: pending pak file info (ChunkID:-1 Root:root:/ File:C:/Program Files/Epic Games/UE_4.27/FeaturePacks/TP_VehicleAdv.upack)
[2026.05.02-08.48.02:808][  0]LogPakFile: OnPakFileMounted2Time == 0.000159
[2026.05.02-08.48.02:809][  0]LogPakFile: PakFile PrimaryIndexSize=188
[2026.05.02-08.48.02:809][  0]LogPakFile: PakFile PathHashIndexSize=101
[2026.05.02-08.48.02:809][  0]LogPakFile: PakFile FullDirectoryIndexSize=150
[2026.05.02-08.48.02:810][  0]LogShaderLibrary: Display: ShaderCodeLibraryPakFileMountedCallback: PakFile 'C:/Program Files/Epic Games/UE_4.27/FeaturePacks/TP_VehicleAdvBP.upack' (chunk index -1, root 'root:/') mounted
[2026.05.02-08.48.02:810][  0]LogShaderLibrary: Display: ShaderCodeLibraryPakFileMountedCallback: pending pak file info (ChunkID:-1 Root:root:/ File:C:/Program Files/Epic Games/UE_4.27/FeaturePacks/TP_VehicleAdvBP.upack)
[2026.05.02-08.48.02:810][  0]LogPakFile: OnPakFileMounted2Time == 0.000167
[2026.05.02-08.48.02:810][  0]LogPakFile: PakFile PrimaryIndexSize=185
[2026.05.02-08.48.02:812][  0]LogPakFile: PakFile PathHashIndexSize=101
[2026.05.02-08.48.02:812][  0]LogPakFile: PakFile FullDirectoryIndexSize=144
[2026.05.02-08.48.02:812][  0]LogShaderLibrary: Display: ShaderCodeLibraryPakFileMountedCallback: PakFile 'C:/Program Files/Epic Games/UE_4.27/FeaturePacks/TP_VehicleBP.upack' (chunk index -1, root 'root:/') mounted
[2026.05.02-08.48.02:812][  0]LogShaderLibrary: Display: ShaderCodeLibraryPakFileMountedCallback: pending pak file info (ChunkID:-1 Root:root:/ File:C:/Program Files/Epic Games/UE_4.27/FeaturePacks/TP_VehicleBP.upack)
[2026.05.02-08.48.02:812][  0]LogPakFile: OnPakFileMounted2Time == 0.000223
[2026.05.02-08.48.02:813][  0]LogPakFile: PakFile PrimaryIndexSize=192
[2026.05.02-08.48.02:814][  0]LogPakFile: PakFile PathHashIndexSize=101
[2026.05.02-08.48.02:814][  0]LogPakFile: PakFile FullDirectoryIndexSize=158
[2026.05.02-08.48.02:814][  0]LogShaderLibrary: Display: ShaderCodeLibraryPakFileMountedCallback: PakFile 'C:/Program Files/Epic Games/UE_4.27/FeaturePacks/TP_VirtualRealityBP.upack' (chunk index -1, root 'root:/') mounted
[2026.05.02-08.48.02:814][  0]LogShaderLibrary: Display: ShaderCodeLibraryPakFileMountedCallback: pending pak file info (ChunkID:-1 Root:root:/ File:C:/Program Files/Epic Games/UE_4.27/FeaturePacks/TP_VirtualRealityBP.upack)
[2026.05.02-08.48.02:814][  0]LogPakFile: OnPakFileMounted2Time == 0.000203
[2026.05.02-08.48.02:879][  0]LogNativeClassHierarchy: Verbose: Native class hierarchy updated for 'AddContentDialog' in 0.0003 seconds. Added 0 classes and 0 folders.
[2026.05.02-08.48.02:885][  0]LogNativeClassHierarchy: Verbose: Native class hierarchy updated for 'SceneOutliner' in 0.0003 seconds. Added 2 classes and 0 folders.
[2026.05.02-08.48.03:022][  0]LogSlate: Took 0.000339 seconds to synchronously load lazily loaded font '../../../Engine/Content/Slate/Fonts/Roboto-Regular.ttf' (155K)
[2026.05.02-08.48.03:023][  0]LogSlate: Took 0.000546 seconds to synchronously load lazily loaded font '../../../Engine/Content/Editor/Slate/Fonts/FontAwesome.ttf' (139K)
[2026.05.02-08.48.03:026][  0]LogSlate: Took 0.000268 seconds to synchronously load lazily loaded font '../../../Engine/Content/Slate/Fonts/Roboto-Bold.ttf' (160K)
[2026.05.02-08.48.03:099][  0]LogRenderer: Reallocating scene render targets to support 1168x440 Format 9 NumSamples 1 (Frame:1).
[2026.05.02-08.48.03:163][  0]LogSlate: Took 0.000286 seconds to synchronously load lazily loaded font '../../../Engine/Content/Slate/Fonts/Roboto-Light.ttf' (167K)
[2026.05.02-08.48.03:263][  0]LogNativeClassHierarchy: Verbose: Native class hierarchy updated for 'HierarchicalLODOutliner' in 0.0003 seconds. Added 0 classes and 0 folders.
[2026.05.02-08.48.03:263][  0]LogLoad: (Engine Initialization) Total time: 13.85 seconds
[2026.05.02-08.48.03:263][  0]LogLoad: (Engine Initialization) Total Blueprint compile time: 0.00 seconds
[2026.05.02-08.48.03:324][  0]LogAssetRegistry: Asset discovery search completed in 7.6777 seconds
[2026.05.02-08.48.03:331][  0]LogCollectionManager: Fixed up redirectors for 0 collections in 0.000003 seconds (updated 0 objects)
[2026.05.02-08.48.03:333][  0]LogContentStreaming: Texture pool size now 600 MB
[2026.05.02-08.48.11:519][ 69]LogSlate: Took 0.000393 seconds to synchronously load lazily loaded font '../../../Engine/Content/Slate/Fonts/Roboto-Light.ttf' (167K)
[2026.05.02-08.48.11:553][ 69]LogAssetEditorSubsystem: Opening Asset editor for Blueprint /Game/SnakeBP.SnakeBP
[2026.05.02-08.48.11:677][ 69]LogNativeClassHierarchy: Verbose: Native class hierarchy updated for 'BlueprintGraph' in 0.0008 seconds. Added 126 classes and 0 folders.
[2026.05.02-08.48.13:018][ 69]LogActor: Warning: SnakeElemBP_C /Engine/Transient.World_1:PersistentLevel.SnakeElemBP_C_0 has natively added scene component(s), but none of them were set as the actor's RootComponent - picking one arbitrarily
[2026.05.02-08.48.22:399][333]BlueprintLog: New page: Compile SnakeBP
[2026.05.02-08.48.22:439][333]LogUObjectHash: Compacting FUObjectHashTables data took   3.09ms
[2026.05.02-08.48.22:481][333]Cmd: OBJ SAVEPACKAGE PACKAGE="/Game/SnakeBP" FILE="../../../../../../Users/user/Documents/GitHub Unreal/Snake/Snake/Content/SnakeBP.uasset" SILENT=true
[2026.05.02-08.48.22:487][333]LogSavePackage: Moving '../../../../../../Users/user/Documents/GitHub Unreal/Snake/Snake/Saved/SnakeBP0F127E1E4740D3AE200313A5895C162F.tmp' to '../../../../../../Users/user/Documents/GitHub Unreal/Snake/Snake/Content/SnakeBP.uasset'
[2026.05.02-08.48.22:509][333]AssetCheck: New page: Asset Save: SnakeBP
[2026.05.02-08.48.22:509][333]LogContentValidation: Display: Validating Blueprint /Game/SnakeBP.SnakeBP
