Log file open, 04/26/26 19:46:27
LogWindows: Failed to load 'aqProf.dll' (GetLastError=126)
LogWindows: File 'aqProf.dll' does not exist
LogWindows: Failed to load 'VtuneApi.dll' (GetLastError=126)
LogWindows: File 'VtuneApi.dll' does not exist
LogWindows: Failed to load 'VtuneApi32e.dll' (GetLastError=126)
LogWindows: File 'VtuneApi32e.dll' does not exist
LogConsoleResponse: Display: Failed to find resolution value strings in scalability ini. Falling back to default.
LogConsoleResponse: Display: Failed to find resolution value strings in scalability ini. Falling back to default.
LogInit: Display: Running engine for game: Snake
LogPlatformFile: Not using cached read wrapper
LogTaskGraph: Started task graph with 5 named threads and 47 total threads with 3 sets of task threads.
LogStats: Stats thread started at 0.927662
LogICUInternationalization: ICU TimeZone Detection - Raw Offset: +3:00, Platform Override: ''
LogInit: Display: Loading text-based GConfig....
LogPluginManager: Mounting plugin MeshPainting
LogPluginManager: Mounting plugin XGEController
LogPluginManager: Mounting plugin Paper2D
LogPluginManager: Mounting plugin LiveLink
LogPluginManager: Mounting plugin AISupport
LogPluginManager: Mounting plugin GameplayCameras
LogPluginManager: Mounting plugin EnvironmentQueryEditor
LogPluginManager: Mounting plugin CameraShakePreviewer
LogPluginManager: Mounting plugin LightPropagationVolume
LogPluginManager: Mounting plugin OodleNetwork
LogPluginManager: Mounting plugin OodleData
LogPluginManager: Mounting plugin AnimationSharing
LogPluginManager: Mounting plugin CLionSourceCodeAccess
LogPluginManager: Mounting plugin GitSourceControl
LogPluginManager: Mounting plugin PropertyAccessNode
LogPluginManager: Mounting plugin PerforceSourceControl
LogPluginManager: Mounting plugin PlasticSourceControl
LogPluginManager: Mounting plugin RiderSourceCodeAccess
LogPluginManager: Mounting plugin PluginUtils
LogPluginManager: Mounting plugin KDevelopSourceCodeAccess
LogPluginManager: Mounting plugin CodeLiteSourceCodeAccess
LogPluginManager: Mounting plugin TextureFormatOodle
LogPluginManager: Mounting plugin XCodeSourceCodeAccess
LogPluginManager: Mounting plugin VisualStudioCodeSourceCodeAccess
LogPluginManager: Mounting plugin VisualStudioSourceCodeAccess
LogPluginManager: Mounting plugin PixWinPlugin
LogPluginManager: Mounting plugin SubversionSourceControl
LogPluginManager: Mounting plugin UObjectPlugin
LogPluginManager: Mounting plugin DatasmithContent
LogPluginManager: Mounting plugin Niagara
LogPluginManager: Mounting plugin VariantManagerContent
LogPluginManager: Mounting plugin NullSourceCodeAccess
LogPluginManager: Mounting plugin AutomationUtils
LogPluginManager: Mounting plugin ChaosCloth
LogPluginManager: Mounting plugin ChaosEditor
LogPluginManager: Mounting plugin BackChannel
LogPluginManager: Mounting plugin ChaosNiagara
LogPluginManager: Mounting plugin ChaosClothEditor
LogPluginManager: Mounting plugin LuminPlatformFeatures
LogPluginManager: Mounting plugin ChaosSolverPlugin
LogPluginManager: Mounting plugin MagicLeap
LogPluginManager: Mounting plugin CharacterAI
LogPluginManager: Mounting plugin MagicLeapLightEstimation
LogPluginManager: Mounting plugin MagicLeapMedia
LogPluginManager: Mounting plugin MagicLeapPassableWorld
LogPluginManager: Mounting plugin GeometryCache
LogPluginManager: Mounting plugin MLSDK
LogPluginManager: Mounting plugin GeometryCollectionPlugin
LogPluginManager: Mounting plugin AlembicImporter
LogPluginManager: Mounting plugin AssetManagerEditor
LogPluginManager: Mounting plugin GeometryProcessing
LogPluginManager: Mounting plugin CryptoKeys
LogPluginManager: Mounting plugin CurveEditorTools
LogPluginManager: Mounting plugin DataValidation
LogPluginManager: Mounting plugin MotoSynth
LogPluginManager: Mounting plugin FacialAnimation
LogPluginManager: Mounting plugin OpenImageDenoise
LogPluginManager: Mounting plugin GameplayTagsEditor
LogPluginManager: Mounting plugin PlatformCrypto
LogPluginManager: Mounting plugin GeometryMode
LogPluginManager: Mounting plugin MaterialAnalyzer
LogPluginManager: Mounting plugin ProxyLODPlugin
LogPluginManager: Mounting plugin PythonScriptPlugin
LogPluginManager: Mounting plugin PlanarCut
LogPluginManager: Mounting plugin MobileLauncherProfileWizard
LogPluginManager: Mounting plugin PluginBrowser
LogPluginManager: Mounting plugin SpeedTreeImporter
LogPluginManager: Mounting plugin MacGraphicsSwitching
LogPluginManager: Mounting plugin SkeletalReduction
LogPluginManager: Mounting plugin LevelSequenceEditor
LogPluginManager: Mounting plugin ActorSequence
LogPluginManager: Mounting plugin MatineeToLevelSequence
LogPluginManager: Mounting plugin TemplateSequence
LogPluginManager: Mounting plugin AndroidMedia
LogPluginManager: Mounting plugin AvfMedia
LogPluginManager: Mounting plugin TcpMessaging
LogPluginManager: Mounting plugin UdpMessaging
LogPluginManager: Mounting plugin ImgMedia
LogPluginManager: Mounting plugin MediaCompositing
LogPluginManager: Mounting plugin WebMMedia
LogPluginManager: Mounting plugin WmfMedia
LogPluginManager: Mounting plugin OnlineSubsystem
LogPluginManager: Mounting plugin OnlineSubsystemNull
LogPluginManager: Mounting plugin OnlineSubsystemUtils
LogPluginManager: Mounting plugin ActorLayerUtilities
LogPluginManager: Mounting plugin AndroidPermission
LogPluginManager: Mounting plugin AndroidDeviceProfileSelector
LogPluginManager: Mounting plugin AppleMoviePlayer
LogPluginManager: Mounting plugin AppleImageUtils
LogPluginManager: Mounting plugin ArchVisCharacter
LogPluginManager: Mounting plugin AssetTags
LogPluginManager: Mounting plugin AudioCapture
LogPluginManager: Mounting plugin AndroidMoviePlayer
LogPluginManager: Mounting plugin ChunkDownloader
LogPluginManager: Mounting plugin AudioSynesthesia
LogPluginManager: Mounting plugin CableComponent
LogPluginManager: Mounting plugin EditableMesh
LogPluginManager: Mounting plugin MediaPlayerEditor
LogPluginManager: Mounting plugin ExampleDeviceProfileSelector
LogPluginManager: Mounting plugin CustomMeshComponent
LogPluginManager: Mounting plugin LauncherChunkInstaller
LogPluginManager: Mounting plugin GoogleCloudMessaging
LogPluginManager: Mounting plugin ScreenshotTools
LogPluginManager: Mounting plugin GooglePAD
LogPluginManager: Mounting plugin IOSDeviceProfileSelector
LogPluginManager: Mounting plugin LinuxDeviceProfileSelector
LogPluginManager: Mounting plugin LocationServicesBPLibrary
LogPluginManager: Mounting plugin MobilePatchingUtils
LogPluginManager: Mounting plugin OpenXR
LogPluginManager: Mounting plugin OpenXREyeTracker
LogPluginManager: Mounting plugin PhysXVehicles
LogPluginManager: Mounting plugin OpenXRHandTracking
LogPluginManager: Mounting plugin Takes
LogPluginManager: Mounting plugin PostSplashScreen
LogPluginManager: Mounting plugin ProceduralMeshComponent
LogPluginManager: Mounting plugin PropertyAccessEditor
LogPluginManager: Mounting plugin RuntimePhysXCooking
LogPluginManager: Mounting plugin SignificanceManager
LogPluginManager: Mounting plugin SoundFields
LogPluginManager: Mounting plugin Synthesis
LogPluginManager: Mounting plugin WebMMoviePlayer
LogPluginManager: Mounting plugin WindowsMoviePlayer
LogPluginManager: Mounting plugin ContentBrowserAssetDataSource
LogPluginManager: Mounting plugin ContentBrowserFileDataSource
LogPluginManager: Mounting plugin ContentBrowserClassDataSource
LogPluginManager: Mounting plugin OnlineSubsystemGooglePlay
LogPluginManager: Mounting plugin OnlineSubsystemIOS
LogPluginManager: Mounting plugin OculusVR
LogPluginManager: Mounting plugin SteamVR
PixWinPlugin: PIX capture plugin failed to initialize! Check that the process is launched from PIX.
LogLuminAPIImpl: Warning: MLSDK not found.  This likely means the MLSDK environment variable is not set.
LogInit: Using libcurl 7.55.1-DEV
LogInit:  - built for x86_64-pc-win32
LogInit:  - supports SSL with OpenSSL/1.1.1
LogInit:  - supports HTTP deflate (compression) using libz 1.2.8
LogInit:  - other features:
LogInit:      CURL_VERSION_SSL
LogInit:      CURL_VERSION_LIBZ
LogInit:      CURL_VERSION_IPV6
LogInit:      CURL_VERSION_ASYNCHDNS
LogInit:      CURL_VERSION_LARGEFILE
LogInit:      CURL_VERSION_IDN
LogInit:  CurlRequestOptions (configurable via config and command line):
LogInit:  - bVerifyPeer = true  - Libcurl will verify peer certificate
LogInit:  - bUseHttpProxy = true  - Libcurl will use HTTP proxy
LogInit:  - HttpProxyAddress = '127.0.0.1:12334'
LogInit:  - bDontReuseConnections = false  - Libcurl will reuse connections
LogInit:  - MaxHostConnections = 16  - Libcurl will limit the number of connections to a host
LogInit:  - LocalHostAddr = Default
LogInit:  - BufferSize = 65536
LogOnline: OSS: Creating online subsystem instance for: NULL
LogInit: WinSock: version 1.1 (2.2), MaxSocks=32767, MaxUdp=65467
LogOnline: OSS: TryLoadSubsystemAndSetDefault: Loaded subsystem for module [NULL]
LogOculusPluginWrapper: OculusPlugin initialized successfully
LogHMD: Failed initializing OVRPlugin 1.59.0
LogInit: Build: ++UE4+Release-4.27-CL-18319896
LogInit: Engine Version: 4.27.2-18319896+++UE4+Release-4.27
LogInit: Compatible Engine Version: 4.27.0-17155196+++UE4+Release-4.27
LogInit: Net CL: 17155196
LogInit: OS: Windows 10 (Release 2009) (), CPU: AMD Ryzen 7 5700U with Radeon Graphics         , GPU: AMD Radeon(TM) Graphics
LogInit: Compiled (64-bit): Nov 30 2021 07:12:08
LogInit: Compiled with Visual C++: 19.24.28315.00
LogInit: Build Configuration: Development
LogInit: Branch Name: ++UE4+Release-4.27
LogInit: Command Line: 
LogInit: Base Directory: C:/Program Files/Epic Games/UE_4.27/Engine/Binaries/Win64/
LogInit: Allocator: TBB
LogInit: Installed Engine Build: 1
LogDevObjectVersion: Number of dev versions registered: 29
LogDevObjectVersion:   Dev-Blueprints (B0D832E4-1F89-4F0D-ACCF-7EB736FD4AA2): 10
LogDevObjectVersion:   Dev-Build (E1C64328-A22C-4D53-A36C-8E866417BD8C): 0
LogDevObjectVersion:   Dev-Core (375EC13C-06E4-48FB-B500-84F0262A717E): 4
LogDevObjectVersion:   Dev-Editor (E4B068ED-F494-42E9-A231-DA0B2E46BB41): 40
LogDevObjectVersion:   Dev-Framework (CFFC743F-43B0-4480-9391-14DF171D2073): 37
LogDevObjectVersion:   Dev-Mobile (B02B49B5-BB20-44E9-A304-32B752E40360): 3
LogDevObjectVersion:   Dev-Networking (A4E4105C-59A1-49B5-A7C5-40C4547EDFEE): 0
LogDevObjectVersion:   Dev-Online (39C831C9-5AE6-47DC-9A44-9C173E1C8E7C): 0
LogDevObjectVersion:   Dev-Physics (78F01B33-EBEA-4F98-B9B4-84EACCB95AA2): 14
LogDevObjectVersion:   Dev-Platform (6631380F-2D4D-43E0-8009-CF276956A95A): 0
LogDevObjectVersion:   Dev-Rendering (12F88B9F-8875-4AFC-A67C-D90C383ABD29): 45
LogDevObjectVersion:   Dev-Sequencer (7B5AE74C-D270-4C10-A958-57980B212A5A): 13
LogDevObjectVersion:   Dev-VR (D7296918-1DD6-4BDD-9DE2-64A83CC13884): 3
LogDevObjectVersion:   Dev-LoadTimes (C2A15278-BFE7-4AFE-6C17-90FF531DF755): 1
LogDevObjectVersion:   Private-Geometry (6EACA3D4-40EC-4CC1-B786-8BED09428FC5): 3
LogDevObjectVersion:   Dev-AnimPhys (29E575DD-E0A3-4627-9D10-D276232CDCEA): 17
LogDevObjectVersion:   Dev-Anim (AF43A65D-7FD3-4947-9873-3E8ED9C1BB05): 15
LogDevObjectVersion:   Dev-ReflectionCapture (6B266CEC-1EC7-4B8F-A30B-E4D90942FC07): 1
LogDevObjectVersion:   Dev-Automation (0DF73D61-A23F-47EA-B727-89E90C41499A): 1
LogDevObjectVersion:   FortniteMain (601D1886-AC64-4F84-AA16-D3DE0DEAC7D6): 47
LogDevObjectVersion:   FortniteRelease (E7086368-6B23-4C58-8439-1B7016265E91): 1
LogDevObjectVersion:   Dev-Enterprise (9DFFBCD6-494F-0158-E221-12823C92A888): 10
LogDevObjectVersion:   Dev-Niagara (F2AED0AC-9AFE-416F-8664-AA7FFA26D6FC): 1
LogDevObjectVersion:   Dev-Destruction (174F1F0B-B4C6-45A5-B13F-2EE8D0FB917D): 10
LogDevObjectVersion:   Dev-Physics-Ext (35F94A83-E258-406C-A318-09F59610247C): 41
LogDevObjectVersion:   Dev-PhysicsMaterial-Chaos (B68FC16E-8B1B-42E2-B453-215C058844FE): 1
LogDevObjectVersion:   Dev-CineCamera (B2E18506-4273-CFC2-A54E-F4BB758BBA07): 1
LogDevObjectVersion:   Dev-VirtualProduction (64F58936-FD1B-42BA-BA96-7289D5D0FA4E): 1
LogDevObjectVersion:   Dev-MediaFramework (6F0ED827-A609-4895-9C91-998D90180EA4): 2
LogInit: Presizing for max 25165824 objects, including 0 objects not considered by GC, pre-allocating 0 bytes for permanent pool.
LogConfig: Applying CVar settings from Section [/Script/Engine.StreamingSettings] File [C:/Users/user/Documents/GitHub Unreal/Snake/Snake/Saved/Config/Windows/Engine.ini]
LogConfig: Setting CVar [[s.MinBulkDataSizeForAsyncLoading:131072]]
LogConfig: Setting CVar [[s.AsyncLoadingThreadEnabled:0]]
LogConfig: Setting CVar [[s.EventDrivenLoaderEnabled:1]]
LogConfig: Setting CVar [[s.WarnIfTimeLimitExceeded:0]]
LogConfig: Setting CVar [[s.TimeLimitExceededMultiplier:1.5]]
LogConfig: Setting CVar [[s.TimeLimitExceededMinTime:0.005]]
LogConfig: Setting CVar [[s.UseBackgroundLevelStreaming:1]]
LogConfig: Setting CVar [[s.PriorityAsyncLoadingExtraTime:15.0]]
LogConfig: Setting CVar [[s.LevelStreamingActorsUpdateTimeLimit:5.0]]
LogConfig: Setting CVar [[s.PriorityLevelStreamingActorsUpdateExtraTime:5.0]]
LogConfig: Setting CVar [[s.LevelStreamingComponentsRegistrationGranularity:10]]
LogConfig: Setting CVar [[s.UnregisterComponentsTimeLimit:1.0]]
LogConfig: Setting CVar [[s.LevelStreamingComponentsUnregistrationGranularity:5]]
LogConfig: Setting CVar [[s.FlushStreamingOnExit:1]]
LogInit: Object subsystem initialized
LogConfig: Setting CVar [[con.DebugEarlyDefault:1]]
LogConfig: Setting CVar [[r.setres:1280x720]]
[2026.04.26-16.46.28:373][  0]LogConfig: Setting CVar [[r.VSync:0]]
[2026.04.26-16.46.28:373][  0]LogConfig: Setting CVar [[r.RHICmdBypass:0]]
[2026.04.26-16.46.28:373][  0]LogConfig: Applying CVar settings from Section [/Script/Engine.RendererSettings] File [C:/Users/user/Documents/GitHub Unreal/Snake/Snake/Saved/Config/Windows/Engine.ini]
[2026.04.26-16.46.28:373][  0]LogConfig: Setting CVar [[r.GPUCrashDebugging:0]]
[2026.04.26-16.46.28:373][  0]LogConfig: Applying CVar settings from Section [/Script/Engine.RendererOverrideSettings] File [C:/Users/user/Documents/GitHub Unreal/Snake/Snake/Saved/Config/Windows/Engine.ini]
[2026.04.26-16.46.28:373][  0]LogConfig: Applying CVar settings from Section [/Script/Engine.StreamingSettings] File [C:/Users/user/Documents/GitHub Unreal/Snake/Snake/Saved/Config/Windows/Engine.ini]
[2026.04.26-16.46.28:373][  0]LogConfig: Setting CVar [[s.MinBulkDataSizeForAsyncLoading:131072]]
[2026.04.26-16.46.28:373][  0]LogConfig: Setting CVar [[s.AsyncLoadingThreadEnabled:0]]
[2026.04.26-16.46.28:373][  0]LogConfig: Setting CVar [[s.EventDrivenLoaderEnabled:1]]
[2026.04.26-16.46.28:373][  0]LogConfig: Setting CVar [[s.WarnIfTimeLimitExceeded:0]]
[2026.04.26-16.46.28:373][  0]LogConfig: Setting CVar [[s.TimeLimitExceededMultiplier:1.5]]
[2026.04.26-16.46.28:373][  0]LogConfig: Setting CVar [[s.TimeLimitExceededMinTime:0.005]]
[2026.04.26-16.46.28:373][  0]LogConfig: Setting CVar [[s.UseBackgroundLevelStreaming:1]]
[2026.04.26-16.46.28:373][  0]LogConfig: Setting CVar [[s.PriorityAsyncLoadingExtraTime:15.0]]
[2026.04.26-16.46.28:373][  0]LogConfig: Setting CVar [[s.LevelStreamingActorsUpdateTimeLimit:5.0]]
[2026.04.26-16.46.28:373][  0]LogConfig: Setting CVar [[s.PriorityLevelStreamingActorsUpdateExtraTime:5.0]]
[2026.04.26-16.46.28:373][  0]LogConfig: Setting CVar [[s.LevelStreamingComponentsRegistrationGranularity:10]]
[2026.04.26-16.46.28:373][  0]LogConfig: Setting CVar [[s.UnregisterComponentsTimeLimit:1.0]]
[2026.04.26-16.46.28:373][  0]LogConfig: Setting CVar [[s.LevelStreamingComponentsUnregistrationGranularity:5]]
[2026.04.26-16.46.28:373][  0]LogConfig: Setting CVar [[s.FlushStreamingOnExit:1]]
[2026.04.26-16.46.28:373][  0]LogConfig: Applying CVar settings from Section [/Script/Engine.GarbageCollectionSettings] File [C:/Users/user/Documents/GitHub Unreal/Snake/Snake/Saved/Config/Windows/Engine.ini]
[2026.04.26-16.46.28:373][  0]LogConfig: Setting CVar [[gc.MaxObjectsNotConsideredByGC:1]]
[2026.04.26-16.46.28:373][  0]LogConfig: Setting CVar [[gc.SizeOfPermanentObjectPool:0]]
[2026.04.26-16.46.28:373][  0]LogConfig: Setting CVar [[gc.FlushStreamingOnGC:0]]
[2026.04.26-16.46.28:373][  0]LogConfig: Setting CVar [[gc.NumRetriesBeforeForcingGC:10]]
[2026.04.26-16.46.28:373][  0]LogConfig: Setting CVar [[gc.AllowParallelGC:1]]
[2026.04.26-16.46.28:373][  0]LogConfig: Setting CVar [[gc.TimeBetweenPurgingPendingKillObjects:61.1]]
[2026.04.26-16.46.28:373][  0]LogConfig: Setting CVar [[gc.MaxObjectsInEditor:25165824]]
[2026.04.26-16.46.28:373][  0]LogConfig: Setting CVar [[gc.IncrementalBeginDestroyEnabled:1]]
[2026.04.26-16.46.28:373][  0]LogConfig: Setting CVar [[gc.CreateGCClusters:1]]
[2026.04.26-16.46.28:373][  0]LogConfig: Setting CVar [[gc.MinGCClusterSize:5]]
[2026.04.26-16.46.28:373][  0]LogConfig: Setting CVar [[gc.ActorClusteringEnabled:0]]
[2026.04.26-16.46.28:373][  0]LogConfig: Setting CVar [[gc.BlueprintClusteringEnabled:0]]
[2026.04.26-16.46.28:373][  0]LogConfig: Setting CVar [[gc.UseDisregardForGCOnDedicatedServers:0]]
[2026.04.26-16.46.28:373][  0]LogConfig: Setting CVar [[gc.MultithreadedDestructionEnabled:1]]
[2026.04.26-16.46.28:373][  0]LogConfig: Applying CVar settings from Section [/Script/Engine.NetworkSettings] File [C:/Users/user/Documents/GitHub Unreal/Snake/Snake/Saved/Config/Windows/Engine.ini]
[2026.04.26-16.46.28:373][  0]LogConfig: Applying CVar settings from Section [/Script/UnrealEd.CookerSettings] File [C:/Users/user/Documents/GitHub Unreal/Snake/Snake/Saved/Config/Windows/Engine.ini]
[2026.04.26-16.46.28:381][  0]LogConfig: Applying CVar settings from Section [ViewDistanceQuality@3] File [C:/Users/user/Documents/GitHub Unreal/Snake/Snake/Saved/Config/Windows/Scalability.ini]
[2026.04.26-16.46.28:381][  0]LogConfig: Setting CVar [[r.SkeletalMeshLODBias:0]]
[2026.04.26-16.46.28:381][  0]LogConfig: Setting CVar [[r.ViewDistanceScale:1.0]]
[2026.04.26-16.46.28:381][  0]LogConfig: Applying CVar settings from Section [AntiAliasingQuality@3] File [C:/Users/user/Documents/GitHub Unreal/Snake/Snake/Saved/Config/Windows/Scalability.ini]
[2026.04.26-16.46.28:381][  0]LogConfig: Setting CVar [[r.PostProcessAAQuality:4]]
[2026.04.26-16.46.28:381][  0]LogConfig: Applying CVar settings from Section [ShadowQuality@3] File [C:/Users/user/Documents/GitHub Unreal/Snake/Snake/Saved/Config/Windows/Scalability.ini]
[2026.04.26-16.46.28:381][  0]LogConfig: Setting CVar [[r.LightFunctionQuality:1]]
[2026.04.26-16.46.28:381][  0]LogConfig: Setting CVar [[r.ShadowQuality:5]]
[2026.04.26-16.46.28:381][  0]LogConfig: Setting CVar [[r.Shadow.CSM.MaxCascades:10]]
[2026.04.26-16.46.28:381][  0]LogConfig: Setting CVar [[r.Shadow.MaxResolution:2048]]
[2026.04.26-16.46.28:381][  0]LogConfig: Setting CVar [[r.Shadow.MaxCSMResolution:2048]]
[2026.04.26-16.46.28:381][  0]LogConfig: Setting CVar [[r.Shadow.RadiusThreshold:0.01]]
[2026.04.26-16.46.28:381][  0]LogConfig: Setting CVar [[r.Shadow.DistanceScale:1.0]]
[2026.04.26-16.46.28:381][  0]LogConfig: Setting CVar [[r.Shadow.CSM.TransitionScale:1.0]]
[2026.04.26-16.46.28:381][  0]LogConfig: Setting CVar [[r.Shadow.PreShadowResolutionFactor:1.0]]
[2026.04.26-16.46.28:381][  0]LogConfig: Setting CVar [[r.DistanceFieldShadowing:1]]
[2026.04.26-16.46.28:381][  0]LogConfig: Setting CVar [[r.DistanceFieldAO:1]]
[2026.04.26-16.46.28:381][  0]LogConfig: Setting CVar [[r.AOQuality:2]]
[2026.04.26-16.46.28:381][  0]LogConfig: Setting CVar [[r.VolumetricFog:1]]
[2026.04.26-16.46.28:381][  0]LogConfig: Setting CVar [[r.VolumetricFog.GridPixelSize:8]]
[2026.04.26-16.46.28:381][  0]LogConfig: Setting CVar [[r.VolumetricFog.GridSizeZ:128]]
[2026.04.26-16.46.28:381][  0]LogConfig: Setting CVar [[r.VolumetricFog.HistoryMissSupersampleCount:4]]
[2026.04.26-16.46.28:381][  0]LogConfig: Setting CVar [[r.LightMaxDrawDistanceScale:1]]
[2026.04.26-16.46.28:381][  0]LogConfig: Setting CVar [[r.CapsuleShadows:1]]
[2026.04.26-16.46.28:381][  0]LogConfig: Applying CVar settings from Section [PostProcessQuality@3] File [C:/Users/user/Documents/GitHub Unreal/Snake/Snake/Saved/Config/Windows/Scalability.ini]
[2026.04.26-16.46.28:381][  0]LogConfig: Setting CVar [[r.MotionBlurQuality:4]]
[2026.04.26-16.46.28:381][  0]LogConfig: Setting CVar [[r.AmbientOcclusionMipLevelFactor:0.4]]
[2026.04.26-16.46.28:381][  0]LogConfig: Setting CVar [[r.AmbientOcclusionMaxQuality:100]]
[2026.04.26-16.46.28:381][  0]LogConfig: Setting CVar [[r.AmbientOcclusionLevels:-1]]
[2026.04.26-16.46.28:381][  0]LogConfig: Setting CVar [[r.AmbientOcclusionRadiusScale:1.0]]
[2026.04.26-16.46.28:381][  0]LogConfig: Setting CVar [[r.DepthOfFieldQuality:2]]
[2026.04.26-16.46.28:381][  0]LogConfig: Setting CVar [[r.RenderTargetPoolMin:400]]
[2026.04.26-16.46.28:381][  0]LogConfig: Setting CVar [[r.LensFlareQuality:2]]
[2026.04.26-16.46.28:381][  0]LogConfig: Setting CVar [[r.SceneColorFringeQuality:1]]
[2026.04.26-16.46.28:381][  0]LogConfig: Setting CVar [[r.EyeAdaptationQuality:2]]
[2026.04.26-16.46.28:381][  0]LogConfig: Setting CVar [[r.BloomQuality:5]]
[2026.04.26-16.46.28:381][  0]LogConfig: Setting CVar [[r.FastBlurThreshold:100]]
[2026.04.26-16.46.28:381][  0]LogConfig: Setting CVar [[r.Upscale.Quality:3]]
[2026.04.26-16.46.28:381][  0]LogConfig: Setting CVar [[r.Tonemapper.GrainQuantization:1]]
[2026.04.26-16.46.28:381][  0]LogConfig: Setting CVar [[r.LightShaftQuality:1]]
[2026.04.26-16.46.28:381][  0]LogConfig: Setting CVar [[r.Filter.SizeScale:1]]
[2026.04.26-16.46.28:381][  0]LogConfig: Setting CVar [[r.Tonemapper.Quality:5]]
[2026.04.26-16.46.28:381][  0]LogConfig: Setting CVar [[r.DOF.Gather.AccumulatorQuality:1        ; higher gathering accumulator quality]]
[2026.04.26-16.46.28:381][  0]LogConfig: Setting CVar [[r.DOF.Gather.PostfilterMethod:1          ; Median3x3 postfilering method]]
[2026.04.26-16.46.28:381][  0]LogConfig: Setting CVar [[r.DOF.Gather.EnableBokehSettings:0       ; no bokeh simulation when gathering]]
[2026.04.26-16.46.28:381][  0]LogConfig: Setting CVar [[r.DOF.Gather.RingCount:4                 ; medium number of samples when gathering]]
[2026.04.26-16.46.28:381][  0]LogConfig: Setting CVar [[r.DOF.Scatter.ForegroundCompositing:1    ; additive foreground scattering]]
[2026.04.26-16.46.28:381][  0]LogConfig: Setting CVar [[r.DOF.Scatter.BackgroundCompositing:2    ; additive background scattering]]
[2026.04.26-16.46.28:381][  0]LogConfig: Setting CVar [[r.DOF.Scatter.EnableBokehSettings:1      ; bokeh simulation when scattering]]
[2026.04.26-16.46.28:381][  0]LogConfig: Setting CVar [[r.DOF.Scatter.MaxSpriteRatio:0.1         ; only a maximum of 10% of scattered bokeh]]
[2026.04.26-16.46.28:381][  0]LogConfig: Setting CVar [[r.DOF.Recombine.Quality:1                ; cheap slight out of focus]]
[2026.04.26-16.46.28:381][  0]LogConfig: Setting CVar [[r.DOF.Recombine.EnableBokehSettings:0    ; no bokeh simulation on slight out of focus]]
[2026.04.26-16.46.28:381][  0]LogConfig: Setting CVar [[r.DOF.TemporalAAQuality:1                ; more stable temporal accumulation]]
[2026.04.26-16.46.28:381][  0]LogConfig: Setting CVar [[r.DOF.Kernel.MaxForegroundRadius:0.025]]
[2026.04.26-16.46.28:381][  0]LogConfig: Setting CVar [[r.DOF.Kernel.MaxBackgroundRadius:0.025]]
[2026.04.26-16.46.28:381][  0]LogConfig: Applying CVar settings from Section [TextureQuality@3] File [C:/Users/user/Documents/GitHub Unreal/Snake/Snake/Saved/Config/Windows/Scalability.ini]
[2026.04.26-16.46.28:381][  0]LogConfig: Setting CVar [[r.Streaming.MipBias:0]]
[2026.04.26-16.46.28:381][  0]LogConfig: Setting CVar [[r.Streaming.AmortizeCPUToGPUCopy:0]]
[2026.04.26-16.46.28:381][  0]LogConfig: Setting CVar [[r.Streaming.MaxNumTexturesToStreamPerFrame:0]]
[2026.04.26-16.46.28:381][  0]LogConfig: Setting CVar [[r.Streaming.Boost:1]]
[2026.04.26-16.46.28:381][  0]LogConfig: Setting CVar [[r.MaxAnisotropy:8]]
[2026.04.26-16.46.28:381][  0]LogConfig: Setting CVar [[r.VT.MaxAnisotropy:8]]
[2026.04.26-16.46.28:381][  0]LogConfig: Setting CVar [[r.Streaming.LimitPoolSizeToVRAM:0]]
[2026.04.26-16.46.28:381][  0]LogConfig: Setting CVar [[r.Streaming.PoolSize:1000]]
[2026.04.26-16.46.28:381][  0]LogConfig: Setting CVar [[r.Streaming.MaxEffectiveScreenSize:0]]
[2026.04.26-16.46.28:381][  0]LogConfig: Applying CVar settings from Section [EffectsQuality@3] File [C:/Users/user/Documents/GitHub Unreal/Snake/Snake/Saved/Config/Windows/Scalability.ini]
[2026.04.26-16.46.28:381][  0]LogConfig: Setting CVar [[r.TranslucencyLightingVolumeDim:64]]
[2026.04.26-16.46.28:381][  0]LogConfig: Setting CVar [[r.RefractionQuality:2]]
[2026.04.26-16.46.28:381][  0]LogConfig: Setting CVar [[r.SSR.Quality:3]]
[2026.04.26-16.46.28:381][  0]LogConfig: Setting CVar [[r.SSR.HalfResSceneColor:0]]
[2026.04.26-16.46.28:381][  0]LogConfig: Setting CVar [[r.SceneColorFormat:4]]
[2026.04.26-16.46.28:381][  0]LogConfig: Setting CVar [[r.DetailMode:2]]
[2026.04.26-16.46.28:381][  0]LogConfig: Setting CVar [[r.TranslucencyVolumeBlur:1]]
[2026.04.26-16.46.28:381][  0]LogConfig: Setting CVar [[r.MaterialQualityLevel:1 ; High quality]]
[2026.04.26-16.46.28:381][  0]LogConfig: Setting CVar [[r.AnisotropicMaterials:1]]
[2026.04.26-16.46.28:381][  0]LogConfig: Setting CVar [[r.SSS.Scale:1]]
[2026.04.26-16.46.28:381][  0]LogConfig: Setting CVar [[r.SSS.SampleSet:2]]
[2026.04.26-16.46.28:381][  0]LogConfig: Setting CVar [[r.SSS.Quality:1]]
[2026.04.26-16.46.28:381][  0]LogConfig: Setting CVar [[r.SSS.HalfRes:0]]
[2026.04.26-16.46.28:381][  0]LogConfig: Setting CVar [[r.SSGI.Quality:3]]
[2026.04.26-16.46.28:381][  0]LogConfig: Setting CVar [[r.EmitterSpawnRateScale:1.0]]
[2026.04.26-16.46.28:381][  0]LogConfig: Setting CVar [[r.ParticleLightQuality:2]]
[2026.04.26-16.46.28:381][  0]LogConfig: Setting CVar [[r.SkyAtmosphere.AerialPerspectiveLUT.FastApplyOnOpaque:1 ; Always have FastSkyLUT 1 in this case to avoid wrong sky]]
[2026.04.26-16.46.28:381][  0]LogConfig: Setting CVar [[r.SkyAtmosphere.AerialPerspectiveLUT.SampleCountMaxPerSlice:4]]
[2026.04.26-16.46.28:381][  0]LogConfig: Setting CVar [[r.SkyAtmosphere.AerialPerspectiveLUT.DepthResolution:16.0]]
[2026.04.26-16.46.28:381][  0]LogConfig: Setting CVar [[r.SkyAtmosphere.FastSkyLUT:1]]
[2026.04.26-16.46.28:382][  0]LogConfig: Setting CVar [[r.SkyAtmosphere.FastSkyLUT.SampleCountMin:4.0]]
[2026.04.26-16.46.28:382][  0]LogConfig: Setting CVar [[r.SkyAtmosphere.FastSkyLUT.SampleCountMax:128.0]]
[2026.04.26-16.46.28:382][  0]LogConfig: Setting CVar [[r.SkyAtmosphere.SampleCountMin:4.0]]
[2026.04.26-16.46.28:382][  0]LogConfig: Setting CVar [[r.SkyAtmosphere.SampleCountMax:128.0]]
[2026.04.26-16.46.28:382][  0]LogConfig: Setting CVar [[r.SkyAtmosphere.TransmittanceLUT.UseSmallFormat:0]]
[2026.04.26-16.46.28:382][  0]LogConfig: Setting CVar [[r.SkyAtmosphere.TransmittanceLUT.SampleCount:10.0]]
[2026.04.26-16.46.28:382][  0]LogConfig: Setting CVar [[r.SkyAtmosphere.MultiScatteringLUT.SampleCount:15.0]]
[2026.04.26-16.46.28:382][  0]LogConfig: Setting CVar [[r.SkyLight.RealTimeReflectionCapture:1]]
[2026.04.26-16.46.28:382][  0]LogConfig: Applying CVar settings from Section [FoliageQuality@3] File [C:/Users/user/Documents/GitHub Unreal/Snake/Snake/Saved/Config/Windows/Scalability.ini]
[2026.04.26-16.46.28:382][  0]LogConfig: Setting CVar [[foliage.DensityScale:1.0]]
[2026.04.26-16.46.28:382][  0]LogConfig: Setting CVar [[grass.DensityScale:1.0]]
[2026.04.26-16.46.28:382][  0]LogConfig: Applying CVar settings from Section [ShadingQuality@3] File [C:/Users/user/Documents/GitHub Unreal/Snake/Snake/Saved/Config/Windows/Scalability.ini]
[2026.04.26-16.46.28:382][  0]LogConfig: Setting CVar [[r.HairStrands.SkyLighting.IntegrationType:2]]
[2026.04.26-16.46.28:382][  0]LogConfig: Setting CVar [[r.HairStrands.SkyAO.SampleCount:4]]
[2026.04.26-16.46.28:382][  0]LogConfig: Setting CVar [[r.HairStrands.Visibility.MSAA.SamplePerPixel:4]]
[2026.04.26-16.46.28:382][  0]LogInit: Selected Device Profile: [Windows]
[2026.04.26-16.46.28:382][  0]LogInit: Applying CVar settings loaded from the selected device profile: [Windows]
[2026.04.26-16.46.28:382][  0]LogHAL: Display: Platform has ~ 16 GB [16469520384 / 17179869184 / 16], which maps to Larger [LargestMinGB=32, LargerMinGB=12, DefaultMinGB=8, SmallerMinGB=6, SmallestMinGB=0)
[2026.04.26-16.46.28:382][  0]LogInit: Going up to parent DeviceProfile []
[2026.04.26-16.46.28:382][  0]LogConfig: Applying CVar settings from Section [ViewDistanceQuality@3] File [C:/Users/user/Documents/GitHub Unreal/Snake/Snake/Saved/Config/Windows/Scalability.ini]
[2026.04.26-16.46.28:382][  0]LogConfig: Setting CVar [[r.SkeletalMeshLODBias:0]]
[2026.04.26-16.46.28:382][  0]LogConfig: Setting CVar [[r.ViewDistanceScale:1.0]]
[2026.04.26-16.46.28:382][  0]LogConfig: Applying CVar settings from Section [AntiAliasingQuality@3] File [C:/Users/user/Documents/GitHub Unreal/Snake/Snake/Saved/Config/Windows/Scalability.ini]
[2026.04.26-16.46.28:382][  0]LogConfig: Setting CVar [[r.PostProcessAAQuality:4]]
[2026.04.26-16.46.28:382][  0]LogConfig: Applying CVar settings from Section [ShadowQuality@3] File [C:/Users/user/Documents/GitHub Unreal/Snake/Snake/Saved/Config/Windows/Scalability.ini]
[2026.04.26-16.46.28:382][  0]LogConfig: Setting CVar [[r.LightFunctionQuality:1]]
[2026.04.26-16.46.28:382][  0]LogConfig: Setting CVar [[r.ShadowQuality:5]]
[2026.04.26-16.46.28:382][  0]LogConfig: Setting CVar [[r.Shadow.CSM.MaxCascades:10]]
[2026.04.26-16.46.28:382][  0]LogConfig: Setting CVar [[r.Shadow.MaxResolution:2048]]
[2026.04.26-16.46.28:382][  0]LogConfig: Setting CVar [[r.Shadow.MaxCSMResolution:2048]]
[2026.04.26-16.46.28:382][  0]LogConfig: Setting CVar [[r.Shadow.RadiusThreshold:0.01]]
[2026.04.26-16.46.28:382][  0]LogConfig: Setting CVar [[r.Shadow.DistanceScale:1.0]]
[2026.04.26-16.46.28:382][  0]LogConfig: Setting CVar [[r.Shadow.CSM.TransitionScale:1.0]]
[2026.04.26-16.46.28:382][  0]LogConfig: Setting CVar [[r.Shadow.PreShadowResolutionFactor:1.0]]
[2026.04.26-16.46.28:382][  0]LogConfig: Setting CVar [[r.DistanceFieldShadowing:1]]
[2026.04.26-16.46.28:382][  0]LogConfig: Setting CVar [[r.DistanceFieldAO:1]]
[2026.04.26-16.46.28:382][  0]LogConfig: Setting CVar [[r.AOQuality:2]]
[2026.04.26-16.46.28:382][  0]LogConfig: Setting CVar [[r.VolumetricFog:1]]
[2026.04.26-16.46.28:382][  0]LogConfig: Setting CVar [[r.VolumetricFog.GridPixelSize:8]]
[2026.04.26-16.46.28:382][  0]LogConfig: Setting CVar [[r.VolumetricFog.GridSizeZ:128]]
[2026.04.26-16.46.28:382][  0]LogConfig: Setting CVar [[r.VolumetricFog.HistoryMissSupersampleCount:4]]
[2026.04.26-16.46.28:382][  0]LogConfig: Setting CVar [[r.LightMaxDrawDistanceScale:1]]
[2026.04.26-16.46.28:382][  0]LogConfig: Setting CVar [[r.CapsuleShadows:1]]
[2026.04.26-16.46.28:382][  0]LogConfig: Applying CVar settings from Section [PostProcessQuality@3] File [C:/Users/user/Documents/GitHub Unreal/Snake/Snake/Saved/Config/Windows/Scalability.ini]
[2026.04.26-16.46.28:382][  0]LogConfig: Setting CVar [[r.MotionBlurQuality:4]]
[2026.04.26-16.46.28:382][  0]LogConfig: Setting CVar [[r.AmbientOcclusionMipLevelFactor:0.4]]
[2026.04.26-16.46.28:382][  0]LogConfig: Setting CVar [[r.AmbientOcclusionMaxQuality:100]]
[2026.04.26-16.46.28:382][  0]LogConfig: Setting CVar [[r.AmbientOcclusionLevels:-1]]
[2026.04.26-16.46.28:382][  0]LogConfig: Setting CVar [[r.AmbientOcclusionRadiusScale:1.0]]
[2026.04.26-16.46.28:382][  0]LogConfig: Setting CVar [[r.DepthOfFieldQuality:2]]
[2026.04.26-16.46.28:382][  0]LogConfig: Setting CVar [[r.RenderTargetPoolMin:400]]
[2026.04.26-16.46.28:382][  0]LogConfig: Setting CVar [[r.LensFlareQuality:2]]
[2026.04.26-16.46.28:382][  0]LogConfig: Setting CVar [[r.SceneColorFringeQuality:1]]
[2026.04.26-16.46.28:382][  0]LogConfig: Setting CVar [[r.EyeAdaptationQuality:2]]
[2026.04.26-16.46.28:382][  0]LogConfig: Setting CVar [[r.BloomQuality:5]]
[2026.04.26-16.46.28:382][  0]LogConfig: Setting CVar [[r.FastBlurThreshold:100]]
[2026.04.26-16.46.28:382][  0]LogConfig: Setting CVar [[r.Upscale.Quality:3]]
[2026.04.26-16.46.28:382][  0]LogConfig: Setting CVar [[r.Tonemapper.GrainQuantization:1]]
[2026.04.26-16.46.28:382][  0]LogConfig: Setting CVar [[r.LightShaftQuality:1]]
[2026.04.26-16.46.28:382][  0]LogConfig: Setting CVar [[r.Filter.SizeScale:1]]
[2026.04.26-16.46.28:382][  0]LogConfig: Setting CVar [[r.Tonemapper.Quality:5]]
[2026.04.26-16.46.28:382][  0]LogConfig: Setting CVar [[r.DOF.Gather.AccumulatorQuality:1        ; higher gathering accumulator quality]]
[2026.04.26-16.46.28:382][  0]LogConfig: Setting CVar [[r.DOF.Gather.PostfilterMethod:1          ; Median3x3 postfilering method]]
[2026.04.26-16.46.28:382][  0]LogConfig: Setting CVar [[r.DOF.Gather.EnableBokehSettings:0       ; no bokeh simulation when gathering]]
[2026.04.26-16.46.28:382][  0]LogConfig: Setting CVar [[r.DOF.Gather.RingCount:4                 ; medium number of samples when gathering]]
[2026.04.26-16.46.28:382][  0]LogConfig: Setting CVar [[r.DOF.Scatter.ForegroundCompositing:1    ; additive foreground scattering]]
[2026.04.26-16.46.28:382][  0]LogConfig: Setting CVar [[r.DOF.Scatter.BackgroundCompositing:2    ; additive background scattering]]
[2026.04.26-16.46.28:382][  0]LogConfig: Setting CVar [[r.DOF.Scatter.EnableBokehSettings:1      ; bokeh simulation when scattering]]
[2026.04.26-16.46.28:382][  0]LogConfig: Setting CVar [[r.DOF.Scatter.MaxSpriteRatio:0.1         ; only a maximum of 10% of scattered bokeh]]
[2026.04.26-16.46.28:382][  0]LogConfig: Setting CVar [[r.DOF.Recombine.Quality:1                ; cheap slight out of focus]]
[2026.04.26-16.46.28:382][  0]LogConfig: Setting CVar [[r.DOF.Recombine.EnableBokehSettings:0    ; no bokeh simulation on slight out of focus]]
[2026.04.26-16.46.28:382][  0]LogConfig: Setting CVar [[r.DOF.TemporalAAQuality:1                ; more stable temporal accumulation]]
[2026.04.26-16.46.28:382][  0]LogConfig: Setting CVar [[r.DOF.Kernel.MaxForegroundRadius:0.025]]
[2026.04.26-16.46.28:382][  0]LogConfig: Setting CVar [[r.DOF.Kernel.MaxBackgroundRadius:0.025]]
[2026.04.26-16.46.28:382][  0]LogConfig: Applying CVar settings from Section [TextureQuality@3] File [C:/Users/user/Documents/GitHub Unreal/Snake/Snake/Saved/Config/Windows/Scalability.ini]
[2026.04.26-16.46.28:382][  0]LogConfig: Setting CVar [[r.Streaming.MipBias:0]]
[2026.04.26-16.46.28:382][  0]LogConfig: Setting CVar [[r.Streaming.AmortizeCPUToGPUCopy:0]]
[2026.04.26-16.46.28:382][  0]LogConfig: Setting CVar [[r.Streaming.MaxNumTexturesToStreamPerFrame:0]]
[2026.04.26-16.46.28:382][  0]LogConfig: Setting CVar [[r.Streaming.Boost:1]]
[2026.04.26-16.46.28:382][  0]LogConfig: Setting CVar [[r.MaxAnisotropy:8]]
[2026.04.26-16.46.28:382][  0]LogConfig: Setting CVar [[r.VT.MaxAnisotropy:8]]
[2026.04.26-16.46.28:382][  0]LogConfig: Setting CVar [[r.Streaming.LimitPoolSizeToVRAM:0]]
[2026.04.26-16.46.28:382][  0]LogConfig: Setting CVar [[r.Streaming.PoolSize:1000]]
[2026.04.26-16.46.28:382][  0]LogConfig: Setting CVar [[r.Streaming.MaxEffectiveScreenSize:0]]
[2026.04.26-16.46.28:382][  0]LogConfig: Applying CVar settings from Section [EffectsQuality@3] File [C:/Users/user/Documents/GitHub Unreal/Snake/Snake/Saved/Config/Windows/Scalability.ini]
[2026.04.26-16.46.28:382][  0]LogConfig: Setting CVar [[r.TranslucencyLightingVolumeDim:64]]
[2026.04.26-16.46.28:382][  0]LogConfig: Setting CVar [[r.RefractionQuality:2]]
[2026.04.26-16.46.28:382][  0]LogConfig: Setting CVar [[r.SSR.Quality:3]]
[2026.04.26-16.46.28:382][  0]LogConfig: Setting CVar [[r.SSR.HalfResSceneColor:0]]
[2026.04.26-16.46.28:382][  0]LogConfig: Setting CVar [[r.SceneColorFormat:4]]
[2026.04.26-16.46.28:382][  0]LogConfig: Setting CVar [[r.DetailMode:2]]
[2026.04.26-16.46.28:382][  0]LogConfig: Setting CVar [[r.TranslucencyVolumeBlur:1]]
[2026.04.26-16.46.28:382][  0]LogConfig: Setting CVar [[r.MaterialQualityLevel:1 ; High quality]]
[2026.04.26-16.46.28:382][  0]LogConfig: Setting CVar [[r.AnisotropicMaterials:1]]
[2026.04.26-16.46.28:384][  0]LogConfig: Setting CVar [[r.SSS.Scale:1]]
[2026.04.26-16.46.28:384][  0]LogConfig: Setting CVar [[r.SSS.SampleSet:2]]
[2026.04.26-16.46.28:384][  0]LogConfig: Setting CVar [[r.SSS.Quality:1]]
[2026.04.26-16.46.28:384][  0]LogConfig: Setting CVar [[r.SSS.HalfRes:0]]
[2026.04.26-16.46.28:384][  0]LogConfig: Setting CVar [[r.SSGI.Quality:3]]
[2026.04.26-16.46.28:384][  0]LogConfig: Setting CVar [[r.EmitterSpawnRateScale:1.0]]
[2026.04.26-16.46.28:384][  0]LogConfig: Setting CVar [[r.ParticleLightQuality:2]]
[2026.04.26-16.46.28:384][  0]LogConfig: Setting CVar [[r.SkyAtmosphere.AerialPerspectiveLUT.FastApplyOnOpaque:1 ; Always have FastSkyLUT 1 in this case to avoid wrong sky]]
[2026.04.26-16.46.28:384][  0]LogConfig: Setting CVar [[r.SkyAtmosphere.AerialPerspectiveLUT.SampleCountMaxPerSlice:4]]
[2026.04.26-16.46.28:384][  0]LogConfig: Setting CVar [[r.SkyAtmosphere.AerialPerspectiveLUT.DepthResolution:16.0]]
[2026.04.26-16.46.28:384][  0]LogConfig: Setting CVar [[r.SkyAtmosphere.FastSkyLUT:1]]
[2026.04.26-16.46.28:384][  0]LogConfig: Setting CVar [[r.SkyAtmosphere.FastSkyLUT.SampleCountMin:4.0]]
[2026.04.26-16.46.28:384][  0]LogConfig: Setting CVar [[r.SkyAtmosphere.FastSkyLUT.SampleCountMax:128.0]]
[2026.04.26-16.46.28:384][  0]LogConfig: Setting CVar [[r.SkyAtmosphere.SampleCountMin:4.0]]
[2026.04.26-16.46.28:384][  0]LogConfig: Setting CVar [[r.SkyAtmosphere.SampleCountMax:128.0]]
[2026.04.26-16.46.28:384][  0]LogConfig: Setting CVar [[r.SkyAtmosphere.TransmittanceLUT.UseSmallFormat:0]]
[2026.04.26-16.46.28:384][  0]LogConfig: Setting CVar [[r.SkyAtmosphere.TransmittanceLUT.SampleCount:10.0]]
[2026.04.26-16.46.28:384][  0]LogConfig: Setting CVar [[r.SkyAtmosphere.MultiScatteringLUT.SampleCount:15.0]]
[2026.04.26-16.46.28:384][  0]LogConfig: Setting CVar [[r.SkyLight.RealTimeReflectionCapture:1]]
[2026.04.26-16.46.28:384][  0]LogConfig: Applying CVar settings from Section [FoliageQuality@3] File [C:/Users/user/Documents/GitHub Unreal/Snake/Snake/Saved/Config/Windows/Scalability.ini]
[2026.04.26-16.46.28:384][  0]LogConfig: Setting CVar [[foliage.DensityScale:1.0]]
[2026.04.26-16.46.28:384][  0]LogConfig: Setting CVar [[grass.DensityScale:1.0]]
[2026.04.26-16.46.28:384][  0]LogConfig: Applying CVar settings from Section [ShadingQuality@3] File [C:/Users/user/Documents/GitHub Unreal/Snake/Snake/Saved/Config/Windows/Scalability.ini]
[2026.04.26-16.46.28:384][  0]LogConfig: Setting CVar [[r.HairStrands.SkyLighting.IntegrationType:2]]
[2026.04.26-16.46.28:384][  0]LogConfig: Setting CVar [[r.HairStrands.SkyAO.SampleCount:4]]
[2026.04.26-16.46.28:384][  0]LogConfig: Setting CVar [[r.HairStrands.Visibility.MSAA.SamplePerPixel:4]]
[2026.04.26-16.46.28:384][  0]LogConfig: Applying CVar settings from Section [Startup] File [../../../Engine/Config/ConsoleVariables.ini]
[2026.04.26-16.46.28:384][  0]LogConfig: Setting CVar [[net.UseAdaptiveNetUpdateFrequency:0]]
[2026.04.26-16.46.28:384][  0]LogConfig: Setting CVar [[p.chaos.AllowCreatePhysxBodies:1]]
[2026.04.26-16.46.28:384][  0]LogConfig: Setting CVar [[fx.SkipVectorVMBackendOptimizations:1]]
[2026.04.26-16.46.28:384][  0]LogConfig: Applying CVar settings from Section [ConsoleVariables] File [C:/Users/user/Documents/GitHub Unreal/Snake/Snake/Saved/Config/Windows/Engine.ini]
[2026.04.26-16.46.28:384][  0]LogConfig: Applying CVar settings from Section [ConsoleVariables] File [C:/Users/user/Documents/GitHub Unreal/Snake/Snake/Saved/Config/Windows/Editor.ini]
[2026.04.26-16.46.28:384][  0]LogInit: Computer: WIN-F0BR1M2G8QI
[2026.04.26-16.46.28:384][  0]LogInit: User: user
[2026.04.26-16.46.28:384][  0]LogInit: CPU Page size=4096, Cores=8
[2026.04.26-16.46.28:384][  0]LogInit: High frequency timer resolution =10.000000 MHz
[2026.04.26-16.46.28:385][  0]LogMemory: Memory total: Physical=15.3GB (16GB approx)
[2026.04.26-16.46.28:385][  0]LogMemory: Platform Memory Stats for Windows
[2026.04.26-16.46.28:385][  0]LogMemory: Process Physical Memory: 149.04 MB used, 149.04 MB peak
[2026.04.26-16.46.28:385][  0]LogMemory: Process Virtual Memory: 123.86 MB used, 123.86 MB peak
[2026.04.26-16.46.28:385][  0]LogMemory: Physical Memory: 12005.00 MB used,  3701.56 MB free, 15706.56 MB total
[2026.04.26-16.46.28:385][  0]LogMemory: Virtual Memory: 134212920.00 MB used,  4810.93 MB free, 134217728.00 MB total
[2026.04.26-16.46.28:456][  0]LogWindows: WindowsPlatformFeatures enabled
[2026.04.26-16.46.28:511][  0]LogInit: Physics initialised using underlying interface: PhysX
[2026.04.26-16.46.28:512][  0]LogInit: Using OS detected language (ru-RU).
[2026.04.26-16.46.28:512][  0]LogInit: Using OS detected locale (ru-RU).
[2026.04.26-16.46.28:522][  0]LogTextLocalizationManager: No specific localization for 'ru-RU' exists, so the 'ru' localization will be used.
[2026.04.26-16.46.28:522][  0]LogTextLocalizationResource: LocRes '../../../Engine/Content/Localization/Editor/ru/Editor.locres' could not be opened for reading!
[2026.04.26-16.46.28:522][  0]LogTextLocalizationResource: LocRes '../../../Engine/Content/Localization/EditorTutorials/ru/EditorTutorials.locres' could not be opened for reading!
[2026.04.26-16.46.28:523][  0]LogTextLocalizationResource: LocRes '../../../Engine/Content/Localization/Keywords/ru/Keywords.locres' could not be opened for reading!
[2026.04.26-16.46.28:523][  0]LogTextLocalizationResource: LocRes '../../../Engine/Content/Localization/Category/ru/Category.locres' could not be opened for reading!
[2026.04.26-16.46.28:523][  0]LogTextLocalizationResource: LocRes '../../../Engine/Content/Localization/ToolTips/ru/ToolTips.locres' could not be opened for reading!
[2026.04.26-16.46.28:523][  0]LogTextLocalizationResource: LocRes '../../../Engine/Content/Localization/PropertyNames/ru/PropertyNames.locres' could not be opened for reading!
[2026.04.26-16.46.28:523][  0]LogTextLocalizationResource: LocRes '../../../Engine/Content/Localization/Engine/ru/Engine.locres' could not be opened for reading!
[2026.04.26-16.46.28:525][  0]LogInit: Setting process to per monitor DPI aware
[2026.04.26-16.46.28:545][  0]LogWindowsTextInputMethodSystem: Display: IME system deactivated.
[2026.04.26-16.46.28:573][  0]LogSlate: New Slate User Created.  User Index 0, Is Virtual User: 0
[2026.04.26-16.46.28:573][  0]LogSlate: Slate User Registered.  User Index 0, Is Virtual User: 0
[2026.04.26-16.46.28:783][  0]LogD3D11RHI: Loaded GFSDK_Aftermath_Lib.x64.dll
[2026.04.26-16.46.28:804][  0]LogHMD: Failed to initialize OpenVR with code 110
[2026.04.26-16.46.28:804][  0]LogD3D11RHI: D3D11 min allowed feature level: 11_0
[2026.04.26-16.46.28:804][  0]LogD3D11RHI: D3D11 max allowed feature level: 11_0
[2026.04.26-16.46.28:804][  0]LogD3D11RHI: D3D11 adapters:
[2026.04.26-16.46.28:864][  0]LogD3D11RHI:    0. 'AMD Radeon(TM) Graphics' (Feature Level 11_0)
[2026.04.26-16.46.28:866][  0]LogD3D11RHI:       495/0/7853 MB DedicatedVideo/DedicatedSystem/SharedSystem, Outputs:1, VendorId:0x1002
[2026.04.26-16.46.28:869][  0]LogD3D11RHI:    1. 'Microsoft Basic Render Driver' (Feature Level 11_0)
[2026.04.26-16.46.28:869][  0]LogD3D11RHI:       0/0/7853 MB DedicatedVideo/DedicatedSystem/SharedSystem, Outputs:0, VendorId:0x1414
[2026.04.26-16.46.28:925][  0]LogD3D11RHI:    2. 'AMD Radeon(TM) Graphics' (Feature Level 11_0)
[2026.04.26-16.46.28:925][  0]LogD3D11RHI:       495/0/7853 MB DedicatedVideo/DedicatedSystem/SharedSystem, Outputs:0, VendorId:0x1002
[2026.04.26-16.46.28:925][  0]LogD3D11RHI: Chosen D3D11 Adapter:
[2026.04.26-16.46.28:925][  0]LogD3D11RHI:     Description : AMD Radeon(TM) Graphics
[2026.04.26-16.46.28:925][  0]LogD3D11RHI:     VendorId    : 1002
[2026.04.26-16.46.28:925][  0]LogD3D11RHI:     DeviceId    : 164c
[2026.04.26-16.46.28:925][  0]LogD3D11RHI:     SubSysId    : 1410152d
[2026.04.26-16.46.28:925][  0]LogD3D11RHI:     Revision    : 00c1
[2026.04.26-16.46.28:925][  0]LogD3D11RHI:     DedicatedVideoMemory : 519634944 bytes
[2026.04.26-16.46.28:925][  0]LogD3D11RHI:     DedicatedSystemMemory : 0 bytes
[2026.04.26-16.46.28:925][  0]LogD3D11RHI:     SharedSystemMemory : 8234760192 bytes
[2026.04.26-16.46.28:925][  0]LogD3D11RHI:     AdapterLuid : 0 45414
[2026.04.26-16.46.28:938][  0]LogD3D11RHI: Creating new Direct3DDevice
[2026.04.26-16.46.28:938][  0]LogD3D11RHI:     GPU DeviceId: 0x164c (for the marketing name, search the web for "GPU Device Id")
[2026.04.26-16.46.28:938][  0]LogWindows: EnumDisplayDevices:
[2026.04.26-16.46.28:938][  0]LogWindows:    0. 'AMD Radeon(TM) Graphics' (P:1 D:1)
[2026.04.26-16.46.28:939][  0]LogWindows:    1. 'AMD Radeon(TM) Graphics' (P:0 D:0)
[2026.04.26-16.46.28:941][  0]LogWindows:    2. 'AMD Radeon(TM) Graphics' (P:0 D:0)
[2026.04.26-16.46.28:942][  0]LogWindows:    3. 'IddDesk Device' (P:0 D:0)
[2026.04.26-16.46.28:942][  0]LogWindows:    4. 'IddDesk Device' (P:0 D:0)
[2026.04.26-16.46.28:943][  0]LogWindows:    5. 'IddDesk Device' (P:0 D:0)
[2026.04.26-16.46.28:943][  0]LogWindows:    6. 'IddDesk Device' (P:0 D:0)
[2026.04.26-16.46.28:944][  0]LogWindows:    7. 'IddDesk Device' (P:0 D:0)
[2026.04.26-16.46.28:944][  0]LogWindows:    8. 'IddDesk Device' (P:0 D:0)
[2026.04.26-16.46.28:944][  0]LogWindows:    9. 'IddDesk Device' (P:0 D:0)
[2026.04.26-16.46.28:945][  0]LogWindows:    10. 'IddDesk Device' (P:0 D:0)
[2026.04.26-16.46.28:945][  0]LogWindows:    11. 'IddDesk Device' (P:0 D:0)
[2026.04.26-16.46.28:945][  0]LogWindows:    12. 'IddDesk Device' (P:0 D:0)
[2026.04.26-16.46.28:946][  0]LogWindows: DebugString: GetVideoDriverDetailsInvalid PrimaryIsNotTheChoosenAdapter GetVideoDriverDetailsInvalid PrimaryIsNotTheChoosenAdapter GetVideoDriverDetailsInvalid PrimaryIsNotTheChoosenAdapter GetVideoDriverDetailsInvalid PrimaryIsNotTheChoosenAdapter GetVideoDriverDetailsInvalid PrimaryIsNotTheChoosenAdapter GetVideoDriverDetailsInvalid PrimaryIsNotTheChoosenAdapter GetVideoDriverDetailsInvalid PrimaryIsNotTheChoosenAdapter GetVideoDriverDetailsInvalid PrimaryIsNotTheChoosenAdapter GetVideoDriverDetailsInvalid PrimaryIsNotTheChoosenAdapter GetVideoDriverDetailsInvalid PrimaryIsNotTheChoosenAdapter FoundDriverCount:3 
[2026.04.26-16.46.28:946][  0]LogD3D11RHI:     Adapter Name: AMD Radeon(TM) Graphics
[2026.04.26-16.46.28:946][  0]LogD3D11RHI:   Driver Version: AMD Software: Adrenalin Edition 26.1.1 (internal:31.0.21924.61, unified:31.0.21924.61)
[2026.04.26-16.46.28:946][  0]LogD3D11RHI:      Driver Date: 12-11-2025
[2026.04.26-16.46.28:946][  0]LogRHI: Texture pool is 5372 MB (70% of 7675 MB)
[2026.04.26-16.46.28:978][  0]LogD3D11RHI: Creating D3DDevice with AMD AGS, using adapter:
[2026.04.26-16.46.28:979][  0]LogD3D11RHI:     Description : AMD Radeon(TM) Graphics
[2026.04.26-16.46.28:979][  0]LogD3D11RHI:     VendorId    : 1002
[2026.04.26-16.46.28:979][  0]LogD3D11RHI:     DeviceId    : 164c
[2026.04.26-16.46.28:979][  0]LogD3D11RHI:     SubSysId    : 1410152d
[2026.04.26-16.46.28:979][  0]LogD3D11RHI:     Revision    : 00c1
[2026.04.26-16.46.28:979][  0]LogD3D11RHI:     DedicatedVideoMemory : 519634944 bytes
[2026.04.26-16.46.28:979][  0]LogD3D11RHI:     DedicatedSystemMemory : 0 bytes
[2026.04.26-16.46.28:979][  0]LogD3D11RHI:     SharedSystemMemory : 8234760192 bytes
[2026.04.26-16.46.28:979][  0]LogD3D11RHI:     AdapterLuid : 0 45414
[2026.04.26-16.46.29:036][  0]LogD3D11RHI: Created device via AGS, feature level 11_0, supported extensions 1fffffbf.
[2026.04.26-16.46.29:036][  0]LogD3D11RHI: RHI has support for 64 bit atomics
[2026.04.26-16.46.29:036][  0]LogD3D11RHI: Async texture creation enabled
[2026.04.26-16.46.29:036][  0]LogD3D11RHI: Array index from any shader is supported
[2026.04.26-16.46.29:052][  0]LogD3D11RHI: GPU Timing Frequency: 100.000000 (Debug: 2 1)
[2026.04.26-16.46.29:411][  0]LogTargetPlatformManager: Display: Loaded TargetPlatform 'AllDesktop'
[2026.04.26-16.46.29:444][  0]LogTargetPlatformManager: Display: Loaded TargetPlatform 'Android'
[2026.04.26-16.46.29:444][  0]LogTargetPlatformManager: Display: Loaded TargetPlatform 'Android_ASTC'
[2026.04.26-16.46.29:444][  0]LogTargetPlatformManager: Display: Loaded TargetPlatform 'Android_DXT'
[2026.04.26-16.46.29:444][  0]LogTargetPlatformManager: Display: Loaded TargetPlatform 'Android_ETC2'
[2026.04.26-16.46.29:444][  0]LogTargetPlatformManager: Display: Loaded TargetPlatform 'AndroidClient'
[2026.04.26-16.46.29:444][  0]LogTargetPlatformManager: Display: Loaded TargetPlatform 'Android_ASTCClient'
[2026.04.26-16.46.29:444][  0]LogTargetPlatformManager: Display: Loaded TargetPlatform 'Android_DXTClient'
[2026.04.26-16.46.29:444][  0]LogTargetPlatformManager: Display: Loaded TargetPlatform 'Android_ETC2Client'
[2026.04.26-16.46.29:444][  0]LogTargetPlatformManager: Display: Loaded TargetPlatform 'Android_Multi'
[2026.04.26-16.46.29:444][  0]LogTargetPlatformManager: Display: Loaded TargetPlatform 'Android_MultiClient'
[2026.04.26-16.46.29:476][  0]LogTargetPlatformManager: Display: Loaded TargetPlatform 'IOSClient'
[2026.04.26-16.46.29:476][  0]LogTargetPlatformManager: Display: Loaded TargetPlatform 'IOS'
[2026.04.26-16.46.29:490][  0]LogTargetPlatformManager: Display: Loaded TargetPlatform 'Linux'
[2026.04.26-16.46.29:500][  0]LogTargetPlatformManager: Display: Loaded TargetPlatform 'LinuxNoEditor'
[2026.04.26-16.46.29:509][  0]LogTargetPlatformManager: Display: Loaded TargetPlatform 'LinuxClient'
[2026.04.26-16.46.29:519][  0]LogTargetPlatformManager: Display: Loaded TargetPlatform 'LinuxServer'
[2026.04.26-16.46.29:532][  0]LogTargetPlatformManager: Display: Loaded TargetPlatform 'LinuxAArch64NoEditor'
[2026.04.26-16.46.29:541][  0]LogTargetPlatformManager: Display: Loaded TargetPlatform 'LinuxAArch64Client'
[2026.04.26-16.46.29:551][  0]LogTargetPlatformManager: Display: Loaded TargetPlatform 'LinuxAArch64Server'
[2026.04.26-16.46.29:587][  0]LogTargetPlatformManager: Display: Loaded TargetPlatform 'Lumin'
[2026.04.26-16.46.29:587][  0]LogTargetPlatformManager: Display: Loaded TargetPlatform 'LuminClient'
[2026.04.26-16.46.29:601][  0]LogTargetPlatformManager: Display: Loaded TargetPlatform 'MacNoEditor'
[2026.04.26-16.46.29:611][  0]LogTargetPlatformManager: Display: Loaded TargetPlatform 'Mac'
[2026.04.26-16.46.29:619][  0]LogTargetPlatformManager: Display: Loaded TargetPlatform 'MacClient'
[2026.04.26-16.46.29:630][  0]LogTargetPlatformManager: Display: Loaded TargetPlatform 'MacServer'
[2026.04.26-16.46.29:646][  0]LogTargetPlatformManager: Display: Loaded TargetPlatform 'TVOSClient'
[2026.04.26-16.46.29:646][  0]LogTargetPlatformManager: Display: Loaded TargetPlatform 'TVOS'
[2026.04.26-16.46.29:660][  0]LogTargetPlatformManager: Display: Loaded TargetPlatform 'WindowsNoEditor'
[2026.04.26-16.46.29:670][  0]LogTargetPlatformManager: Display: Loaded TargetPlatform 'Windows'
[2026.04.26-16.46.29:680][  0]LogTargetPlatformManager: Display: Loaded TargetPlatform 'WindowsClient'
[2026.04.26-16.46.29:690][  0]LogTargetPlatformManager: Display: Loaded TargetPlatform 'WindowsServer'
[2026.04.26-16.46.29:690][  0]LogTargetPlatformManager: Display: Building Assets For Windows
[2026.04.26-16.46.29:709][  0]LogAudioDebug: Display: Lib vorbis DLL was dynamically loaded.
[2026.04.26-16.46.29:783][  0]LogTextureFormatOodle: Display: Oodle Texture 2.9.0 init RDO Off
[2026.04.26-16.46.29:856][  0]LogRendererCore: Ray tracing is disabled. Reason: r.RayTracing=0.
[2026.04.26-16.46.29:856][  0]LogShaderCompilers: Guid format shader working directory is -20 characters bigger than the processId version (../../../../../../Users/user/Documents/GitHub Unreal/Snake/Snake/Intermediate/Shaders/WorkingDirectory/34868/).
[2026.04.26-16.46.29:856][  0]LogShaderCompilers: Cleaned the shader compiler working directory 'C:/Users/user/AppData/Local/Temp/UnrealShaderWorkingDir/6618F9B1491F064F292D4FBAFBC5BE7A/'.
[2026.04.26-16.46.29:857][  0]LogXGEController: Cannot use XGE Controller as Incredibuild is not installed on this machine.
[2026.04.26-16.46.29:857][  0]LogShaderCompilers: Cannot use XGE Shader Compiler as Incredibuild is not installed on this machine.
[2026.04.26-16.46.29:857][  0]LogShaderCompilers: Display: Using Local Shader Compiler.
[2026.04.26-16.46.30:778][  0]LogDerivedDataCache: Display: Max Cache Size: 512 MB
[2026.04.26-16.46.30:838][  0]LogDerivedDataCache: Loaded boot cache 0.06s 94MB C:/Users/user/AppData/Local/UnrealEngine/4.27/DerivedDataCache/Boot.ddc.
[2026.04.26-16.46.30:838][  0]LogDerivedDataCache: Display: Loaded Boot cache: C:/Users/user/AppData/Local/UnrealEngine/4.27/DerivedDataCache/Boot.ddc
[2026.04.26-16.46.30:838][  0]LogDerivedDataCache: FDerivedDataBackendGraph:  Pak pak cache file ../../../../../../Users/user/Documents/GitHub Unreal/Snake/Snake/DerivedDataCache/DDC.ddp not found, will not use a pak cache.
[2026.04.26-16.46.30:838][  0]LogDerivedDataCache: Unable to find inner node Pak for hierarchical cache Hierarchy.
[2026.04.26-16.46.30:838][  0]LogDerivedDataCache: FDerivedDataBackendGraph:  CompressedPak pak cache file ../../../../../../Users/user/Documents/GitHub Unreal/Snake/Snake/DerivedDataCache/Compressed.ddp not found, will not use a pak cache.
[2026.04.26-16.46.30:838][  0]LogDerivedDataCache: Unable to find inner node CompressedPak for hierarchical cache Hierarchy.
[2026.04.26-16.46.30:856][  0]LogDerivedDataCache: Display: Pak cache opened for reading ../../../Engine/DerivedDataCache/Compressed.ddp.
[2026.04.26-16.46.30:856][  0]LogDerivedDataCache: FDerivedDataBackendGraph:  EnterprisePak pak cache file ../../../Enterprise/DerivedDataCache/Compressed.ddp not found, will not use a pak cache.
[2026.04.26-16.46.30:856][  0]LogDerivedDataCache: Unable to find inner node EnterprisePak for hierarchical cache Hierarchy.
[2026.04.26-16.46.30:875][  0]LogDerivedDataCache: Speed tests for C:/Users/user/AppData/Local/UnrealEngine/Common/DerivedDataCache took 0.02 seconds
[2026.04.26-16.46.30:875][  0]LogDerivedDataCache: Display: Performance to C:/Users/user/AppData/Local/UnrealEngine/Common/DerivedDataCache: Latency=0.03ms. RandomReadSpeed=642.40MBs, RandomWriteSpeed=51.64MBs. Assigned SpeedClass 'Local'
[2026.04.26-16.46.30:877][  0]LogDerivedDataCache: Using Local data cache path C:/Users/user/AppData/Local/UnrealEngine/Common/DerivedDataCache: Writable
[2026.04.26-16.46.30:877][  0]LogDerivedDataCache: Shared data cache path not found in *engine.ini, will not use an Shared cache.
[2026.04.26-16.46.30:877][  0]LogDerivedDataCache: Unable to find inner node Shared for hierarchical cache Hierarchy.
[2026.04.26-16.46.30:933][  0]LogSlate: Using FreeType 2.10.0
[2026.04.26-16.46.30:934][  0]LogSlate: SlateFontServices - WITH_FREETYPE: 1, WITH_HARFBUZZ: 1
[2026.04.26-16.46.30:964][  0]LogAssetRegistry: FAssetRegistry took 0.0040 seconds to start up
[2026.04.26-16.46.31:519][  0]LogInit: Selected Device Profile: [Windows]
[2026.04.26-16.46.31:519][  0]LogInit: Active device profile: [00000154F55B4700][00000154ED2A2380 49] Windows
[2026.04.26-16.46.31:520][  0]LogInit: Profiles: [00000154F55B4700][00000154ED2A2380 49] Windows, [00000154F5567700][00000154ED2AA500 49] WindowsNoEditor, [00000154F55B7300][00000154ED2A6640 49] WindowsServer, [00000154F5564F00][00000154E776C780 49] WindowsClient, [00000154F55B7500][00000154E77708C0 49] IOS, [00000154F5563F00][00000154E7778A40 49] iPadAir, [00000154F5567B00][00000154E777CBC0 49] iPadAir2, [00000154F550C500][00000154F4738E80 49] IPadPro, [00000154F550C600][00000154E7780EC0 49] iPadAir3, [00000154F5560100][00000154F473D040 49] iPadAir4, [00000154F550EC00][00000154F47411C0 49] iPadMini2, [00000154F5562500][00000154F4745340 49] iPadMini3, [00000154F550F400][00000154F47494C0 49] iPadMini4, [00000154F5560F00][00000154F474D640 49] iPadMini5, [00000154F550BE00][00000154F4755900 49] iPhone6, [00000154F550BF00][00000154F4751940 49] iPodTouch6, [00000154F55B7900][00000154F475DC00 49] iPhone7, [00000154F55B6100][00000154F47580C0 49] iPodTouch7, [00000154F5508400][00000154F4760240 49] iPhone5S, [00000154F550FD00][00000154F47643C0 49] iPhone6Plus, [00000154F55B7400][00000154F4768540 49] iPhone6S, [00000154F550E000][00000154F476C6C0 49] iPhone6SPlus, [00000154F55B4900][00000154E7774800 49] iPhone7Plus, [00000154F550CE00][00000154F4770940 49] iPhoneSE, [00000154F55B4200][00000154F4774A80 49] iPhone8, [00000154F550E400][00000154F4778BC0 49] iPhone8Plus, [00000154F55B5E00][00000154F4780D40 49] iPhoneX, [00000154F550FE00][00000154F4784EC0 49] iPhoneXS, [00000154F55B5600][00000154F4789040 49] iPhoneXSMax, [00000154F550E500][00000154F478D1C0 49] iPhoneXR, [00000154F55B6A00][00000154F4791340 49] iPhone11, [00000154F550FA00][00000154F47954C0 49] iPhone11Pro, [00000154F55B4F00][00000154F4799640 49] iPhone11ProMax, [00000154F550E300][00000154F479D7C0 49] iPhoneSE2, [00000154F55B6700][00000154F47A1940 49] iPhone12Mini, [00000154F550C700][00000154F47A5AC0 49] iPhone12, [00000154F55B7100][00000154F47A80C0 49] iPhone12Pro, [00000154F550F500][00000154F47AC240 49] iPhone12ProMax, [00000154F55B4800][00000154F47B03C0 49] iPadPro105, [00000154F550DC00][00000154F47B4540 49] iPadPro129, [00000154F55B4300][00000154F47B86C0 49] iPadPro97, [00000154F550DD00][00000154F47BC840 49] iPadPro2_129, [00000154F55B4C00][00000154F477C980 49] iPad5, [00000154F550F000][00000154F47C0AC0 49] iPad6, [00000154F55B6C00][00000154F47C4C00 49] iPad7, [00000154F550EE00][00000154F47C8D40 49] iPad8, [00000154F55B5800][00000154F47D0EC0 49] iPadPro11, [00000154F550DB00][00000154F47D5040 49] iPadPro2_11, [00000154F55B5500][00000154F47D91C0 49] iPadPro3_129, [00000154F550E700][00000154F47DD340 49] iPadPro4_129, [00000154F55B4100][00000154DDB934C0 49] AppleTV, [00000154F550EB00][00000154DDB97640 49] AppleTV4K, [00000154F55B5B00][00000154DDB9B7C0 49] TVOS, [00000154F550C900][00000154DDB9F940 49] Mac, [00000154F55B5700][00000154DDBA3AC0 49] MacClient, [00000154F550EF00][00000154DDBA60C0 49] MacNoEditor, [00000154F55B4D00][00000154DDBAA240 49] MacServer, [00000154F550C300][00000154DDBAE3C0 49] Linux, [00000154F55B6E00][00000154DDBB2540 49] LinuxAArch64, [00000154F550D500][00000154DDBB66C0 49] LinuxNoEditor, [00000154F55B6400][00000154DDBBA840 49] LinuxAArch64NoEditor, [00000154F550C200][00000154DDBBE9C0 49] LinuxClient, [00000154F55B6D00][00000154F57F0B40 49] LinuxAArch64Client, [00000154F550CC00][00000154F47CCC80 49] LinuxServer, [00000154F55B4400][00000154F57F4DC0 49] LinuxAArch64Server, [00000154F550D000][00000154F57F8F00 49] Android, [00000154F5563900][00000154F5801080 49] Android_Low, [00000154F5509B00][00000154F5805200 49] Android_Mid, [00000154F5563000][00000154F5809380 49] Android_High, [00000154F550A300][00000154F580D500 49] Android_Default, [00000154F5562000][00000154F5811680 49] Android_Adreno4xx, [00000154F5508100][00000154F5815800 49] Android_Adreno5xx_Low, [00000154F5560B00][00000154F5819980 49] Android_Adreno5xx, [00000154F5509800][00000154F581DB00 49] Android_Adreno6xx, [00000154F5561100][00000154F5820100 49] Android_Adreno6xx_Vulkan, [00000154F5508800][00000154F5824280 49] Android_Mali_T6xx, [00000154F5563600][00000154F5828400 49] Android_Mali_T7xx, [00000154F5508D00][00000154F582C580 49] Android_Mali_T8xx, [00000154F5563C00][00000154F5830700 49] Android_Mali_G71, [00000154F5509500][00000154F5834880 49] Android_Mali_G72, [00000154F5563E00][00000154F5838A00 49] Android_Mali_G72_Vulkan, [00000154F550BD00][00000154F583CB80 49] Android_Mali_G76, [00000154F5563A00][00000154F5840D00 49] Android_Mali_G76_Vulkan, [00000154F550B600][00000154F57FCE40 49] Android_Mali_G77, [00000154F5562200][00000154F5844F80 49] Android_Mali_G77_Vulkan, [00000154F5509200][00000154F58490C0 49] Android_Mali_G78, [00000154F5560A00][00000154F5851240 49] Android_Mali_G78_Vulkan, [00000154F550B000][00000154F58553C0 49] Android_Mali_G710, [00000154F5561400][00000154F5859540 49] Android_Mali_G710_Vulkan, [00000154F5508700][00000154F585D6C0 49] Android_Vulkan_SM5, [00000154F5561800][00000154F5861840 49] Android_PowerVR_G6xxx, [00000154F5508E00][00000154F58659C0 49] Android_PowerVR_GT7xxx, [00000154F5560200][00000154F5869B40 49] Android_PowerVR_GE8xxx, [00000154F5508600][00000154F586C140 49] Android_PowerVR_GM9xxx, [00000154F5562600][00000154F58702C0 49] Android_PowerVR_GM9xxx_Vulkan, [00000154F550CF00][00000154F5874440 49] Android_TegraK1, [00000154F5562A00][00000154F58785C0 49] Android_Unknown_Vulkan, [00000154F550CD00][00000154F587C740 49] Lumin, [00000154F5561200][00000154F58808C0 49] Lumin_Desktop, [00000154F550CB00][00000154F5884A40 49] HoloLens, 
[2026.04.26-16.46.31:839][  0]LogMeshReduction: Using QuadricMeshReduction for automatic static mesh reduction
[2026.04.26-16.46.31:839][  0]LogMeshReduction: Using SimplygonMeshReduction for automatic skeletal mesh reduction
[2026.04.26-16.46.31:839][  0]LogMeshReduction: Using ProxyLODMeshReduction for automatic mesh merging
[2026.04.26-16.46.31:839][  0]LogMeshReduction: No distributed automatic mesh merging module available
[2026.04.26-16.46.31:839][  0]LogMeshMerging: No distributed automatic mesh merging module available
[2026.04.26-16.46.31:885][  0]LogNetVersion: Snake 1.0.0, NetCL: 17155196, EngineNetVer: 17, GameNetVer: 0 (Checksum: 56763789)
[2026.04.26-16.46.32:705][  0]LogTexture: Default maximum texture size for cubemaps generated from long-lat sources has been changed from 512 to unlimited. In order to preserve old behaiour for '/Engine/MapTemplates/Sky/DaylightAmbientCubemap.DaylightAmbientCubemap', its maximum texture size has been explicitly set to 512.
[2026.04.26-16.46.32:821][  0]LogHMD: PokeAHoleMaterial loaded successfully
[2026.04.26-16.46.32:836][  0]LogUObjectArray: 17178 objects as part of root set at end of initial load.
[2026.04.26-16.46.32:836][  0]LogUObjectAllocator: 4302048 out of 0 bytes used by permanent object pool.
[2026.04.26-16.46.32:836][  0]LogUObjectArray: CloseDisregardForGC: 0/0 objects in disregard for GC pool
[2026.04.26-16.46.33:492][  0]LogNiagaraDebuggerClient: Niagara Debugger Client Initialized | Session: AB550EB8438FA334CD896EA09CF1E5F4 | Instance: 749718B643AF440EB28E4E9C60C231E1 (WIN-F0BR1M2G8QI-34868).
[2026.04.26-16.46.34:202][  0]LogPython: Using Python 3.7.7
[2026.04.26-16.46.34:915][  0]LogTcpMessaging: Initializing TcpMessaging bridge
[2026.04.26-16.46.34:956][  0]LogUdpMessaging: Initializing bridge on interface 0.0.0.0:0 to multicast group 230.0.0.1:6666.
[2026.04.26-16.46.35:342][  0]SourceControl: Source control is disabled
[2026.04.26-16.46.35:342][  0]SourceControl: Source control is disabled
[2026.04.26-16.46.35:351][  0]SourceControl: Source control is disabled
[2026.04.26-16.46.35:360][  0]SourceControl: Source control is disabled
[2026.04.26-16.46.35:388][  0]LogUProjectInfo: Found projects:
[2026.04.26-16.46.35:415][  0]SourceControl: Source control is disabled
[2026.04.26-16.46.35:811][  0]LogOpenImageDenoise: OIDN starting up
[2026.04.26-16.46.35:955][  0]LogAndroidPermission: UAndroidPermissionCallbackProxy::GetInstance
[2026.04.26-16.46.36:013][  0]LogAudioCaptureCore: Display: No Audio Capture implementations found. Audio input will be silent.
[2026.04.26-16.46.36:013][  0]LogAudioCaptureCore: Display: No Audio Capture implementations found. Audio input will be silent.
[2026.04.26-16.46.36:259][  0]LogCollectionManager: Loaded 0 collections in 0.002150 seconds
[2026.04.26-16.46.36:320][  0]LogFileCache: Scanning file cache for directory 'C:/Users/user/Documents/GitHub Unreal/Snake/Snake/Saved/Collections/' took 0.00s
[2026.04.26-16.46.36:320][  0]LogFileCache: Scanning file cache for directory 'C:/Users/user/Documents/GitHub Unreal/Snake/Snake/Content/Developers/user/Collections/' took 0.00s
[2026.04.26-16.46.36:320][  0]LogFileCache: Scanning file cache for directory 'C:/Users/user/Documents/GitHub Unreal/Snake/Snake/Content/Collections/' took 0.00s
[2026.04.26-16.46.36:320][  0]LogOcInput: OculusInput pre-init called
[2026.04.26-16.46.36:633][  0]LogEngine: Initializing Engine...
[2026.04.26-16.46.36:739][  0]LogHMD: Failed to enumerate extensions. Please check that you have a valid OpenXR runtime installed.
[2026.04.26-16.46.36:740][  0]LogHMD: Failed to initialize OpenVR with code 110
[2026.04.26-16.46.36:740][  0]LogMagicLeap: Warning: VR disabled because ZI is not enabled.  To enable, in the editor, Edit -> Project Settings -> Plugins -> Magic Leap Plugin -> Enable Zero Iteration
[2026.04.26-16.46.36:742][  0]LogStats: UGameplayTagsManager::InitializeManager -  0.000 s
[2026.04.26-16.46.36:931][  0]LogInit: Initializing FReadOnlyCVARCache
[2026.04.26-16.46.36:950][  0]LogAIModule: Creating AISystem for world Untitled
[2026.04.26-16.46.36:950][  0]LogAudio: Display: Initializing Audio Device Manager...
[2026.04.26-16.46.36:959][  0]LogAudio: Display: Loading Default Audio Settings Objects...
[2026.04.26-16.46.36:960][  0]LogAudio: Display: No default SoundConcurrencyObject specified (or failed to load).
[2026.04.26-16.46.36:961][  0]LogAudio: Display: Audio Device Manager Initialized
[2026.04.26-16.46.36:961][  0]LogAudio: Display: Creating Audio Device:                 Id: 1, Scope: Shared, Realtime: True
[2026.04.26-16.46.36:961][  0]LogAudioMixer: Display: Audio Mixer Platform Settings:
[2026.04.26-16.46.36:961][  0]LogAudioMixer: Display: 	Sample Rate:						  48000
[2026.04.26-16.46.36:961][  0]LogAudioMixer: Display: 	Callback Buffer Frame Size Requested: 1024
[2026.04.26-16.46.36:961][  0]LogAudioMixer: Display: 	Callback Buffer Frame Size To Use:	  1024
[2026.04.26-16.46.36:961][  0]LogAudioMixer: Display: 	Number of buffers to queue:			  2
[2026.04.26-16.46.36:961][  0]LogAudioMixer: Display: 	Max Channels (voices):				  32
[2026.04.26-16.46.36:961][  0]LogAudioMixer: Display: 	Number of Async Source Workers:		  0
[2026.04.26-16.46.36:961][  0]LogAudio: Display: AudioDevice MaxSources: 32
[2026.04.26-16.46.36:962][  0]LogAudio: Display: Audio Spatialization Plugin: None (built-in).
[2026.04.26-16.46.36:962][  0]LogAudio: Display: Audio Reverb Plugin: None (built-in).
[2026.04.26-16.46.36:962][  0]LogAudio: Display: Audio Occlusion Plugin: None (built-in).
[2026.04.26-16.46.36:962][  0]LogAudioMixer: Display: Initializing audio mixer.
[2026.04.26-16.46.37:050][  0]LogAudioMixer: Display: 0: FrontLeft
[2026.04.26-16.46.37:050][  0]LogAudioMixer: Display: 1: FrontRight
[2026.04.26-16.46.37:121][  0]LogAudioMixer: Display: Using Audio Device Наушники (HONOR CHOICE Headphones Pro)
[2026.04.26-16.46.37:124][  0]LogAudioMixer: Display: Initializing Sound Submixes...
[2026.04.26-16.46.37:128][  0]LogAudioMixer: Display: Creating Master Submix 'MasterSubmixDefault'
[2026.04.26-16.46.37:128][  0]LogAudioMixer: Display: Creating Master Submix 'MasterReverbSubmixDefault'
[2026.04.26-16.46.37:129][  0]LogAudioMixer: Display: Creating Master Submix 'MasterEQSubmixDefault'
[2026.04.26-16.46.37:129][  0]LogAudioMixer: FMixerPlatformXAudio2::StartAudioStream() called
[2026.04.26-16.46.37:129][  0]LogAudioMixer: Display: Output buffers initialized: Frames=1024, Channels=2, Samples=2048
[2026.04.26-16.46.37:130][  0]LogAudioMixer: Display: Starting AudioMixerPlatformInterface::RunInternal()
[2026.04.26-16.46.37:130][  0]LogAudioMixer: Display: FMixerPlatformXAudio2::SubmitBuffer() called for the first time
[2026.04.26-16.46.37:130][  0]LogInit: FAudioDevice initialized.
[2026.04.26-16.46.37:131][  0]LogAudio: Display: Audio Device (ID: 1) registered with world 'Untitled'.
[2026.04.26-16.46.37:131][  0]LogNetVersion: Set ProjectVersion to 1.0.0.0. Version Checksum will be recalculated on next use.
[2026.04.26-16.46.37:235][  0]LogDerivedDataCache: Saved boot cache 0.10s 94MB C:/Users/user/AppData/Local/UnrealEngine/4.27/DerivedDataCache/Boot.ddc.
[2026.04.26-16.46.37:236][  0]LogInit: Texture streaming: Enabled
[2026.04.26-16.46.37:261][  0]LogAnalytics: Display: [UEEditor.Rocket.Release] APIServer = https://datarouter.ol.epicgames.com/. AppVersion = 4.27.2-18319896+++UE4+Release-4.27
[2026.04.26-16.46.37:269][  0]LogEngineSessionManager: EngineSessionManager initialized
[2026.04.26-16.46.37:269][  0]LogEditorSessionSummary: Verbose: Initializing EditorSessionSummaryWriter for editor session tracking
[2026.04.26-16.46.37:273][  0]LogEditorSessionSummary: EditorSessionSummaryWriter initialized
[2026.04.26-16.46.37:306][  0]LogInit: Transaction tracking system initialized
[2026.04.26-16.46.37:349][  0]BlueprintLog: New page: Editor Load
[2026.04.26-16.46.37:487][  0]LocalizationService: Localization service is disabled
[2026.04.26-16.46.37:535][  0]TimingProfiler: Initialize
[2026.04.26-16.46.37:535][  0]TimingProfiler: OnSessionChanged
[2026.04.26-16.46.37:535][  0]LoadingProfiler: Initialize
[2026.04.26-16.46.37:536][  0]LoadingProfiler: OnSessionChanged
[2026.04.26-16.46.37:536][  0]NetworkingProfiler: Initialize
[2026.04.26-16.46.37:536][  0]NetworkingProfiler: OnSessionChanged
[2026.04.26-16.46.37:536][  0]MemoryProfiler: Initialize
[2026.04.26-16.46.37:536][  0]MemoryProfiler: OnSessionChanged
[2026.04.26-16.46.37:790][  0]LogCook: Display: CookSettings for Memory: MemoryMaxUsedVirtual 0MiB, MemoryMaxUsedPhysical 16384MiB, MemoryMinFreeVirtual 0MiB, MemoryMinFreePhysical 1024MiB
[2026.04.26-16.46.37:790][  0]LogCook: Display: Mobile HDR setting 1
[2026.04.26-16.46.38:119][  0]LogFileCache: Scanning file cache for directory 'C:/Users/user/Documents/GitHub Unreal/Snake/Snake/Content/' took 0.00s
[2026.04.26-16.46.38:296][  0]LogInit: Display: Engine is initialized. Leaving FEngineLoop::Init()
[2026.04.26-16.46.38:303][  0]SourceControl: Source control is disabled
[2026.04.26-16.46.38:303][  0]LogUnrealEdMisc: Loading editor; pre map load, took 11.920
[2026.04.26-16.46.38:303][  0]Cmd: MAP LOAD FILE="../../../Engine/Content/Maps/Templates/Template_Default.umap" TEMPLATE=1 SHOWPROGRESS=1 FEATURELEVEL=3
[2026.04.26-16.46.38:304][  0]LightingResults: New page: Lighting Build
[2026.04.26-16.46.38:305][  0]LogWorld: UWorld::CleanupWorld for Untitled, bSessionEnded=true, bCleanupResources=true
[2026.04.26-16.46.38:305][  0]LogSlate: InvalidateAllWidgets triggered.  All widgets were invalidated
[2026.04.26-16.46.38:306][  0]MapCheck: New page: Map Check
[2026.04.26-16.46.38:306][  0]LightingResults: New page: Lighting Build
[2026.04.26-16.46.38:310][  0]LogAudio: Display: Audio Device unregistered from world 'None'.
[2026.04.26-16.46.38:313][  0]LogUObjectHash: Compacting FUObjectHashTables data took   0.81ms
[2026.04.26-16.46.38:371][  0]LogTexture: Display: Building textures: DeprecatedTextureEB9CBE3C423008B5E8E130901E171C89 (BGRA8, 128X128)
[2026.04.26-16.46.38:376][  0]LogAudio: Display: Audio Device (ID: 1) registered with world 'Untitled_1'.
[2026.04.26-16.46.38:377][  0]LogAIModule: Creating AISystem for world Untitled_1
[2026.04.26-16.46.38:384][  0]LogEditorServer: Finished looking for orphan Actors (0.000 secs)
[2026.04.26-16.46.38:398][  0]LogUObjectHash: Compacting FUObjectHashTables data took   1.07ms
[2026.04.26-16.46.38:399][  0]Cmd: MAP CHECKDEP NOCLEARLOG
[2026.04.26-16.46.38:399][  0]MapCheck: Map check complete: 0 Error(s), 0 Warning(s), took 0,192ms to complete.
[2026.04.26-16.46.38:399][  0]LogFileHelpers: Loading map 'Template_Default' took 0.095
[2026.04.26-16.46.38:402][  0]LogUnrealEdMisc: Total Editor Startup Time, took 12.018
[2026.04.26-16.46.38:612][  0]LogSlate: Updating window title bar state: overlay mode, drag disabled, window buttons hidden, title bar hidden
[2026.04.26-16.46.38:620][  0]LogSlate: Updating window title bar state: overlay mode, drag disabled, window buttons hidden, title bar hidden
[2026.04.26-16.46.38:627][  0]LogSlate: Updating window title bar state: overlay mode, drag disabled, window buttons hidden, title bar hidden
[2026.04.26-16.46.38:633][  0]LogSlate: Updating window title bar state: overlay mode, drag disabled, window buttons hidden, title bar hidden
[2026.04.26-16.46.38:685][  0]LogNativeClassHierarchy: Verbose: Native class hierarchy populated in 0.0125 seconds. Added 3823 classes and 930 folders.
[2026.04.26-16.46.38:713][  0]LogNativeClassHierarchy: Verbose: Native class hierarchy updated for 'WidgetCarousel' in 0.0003 seconds. Added 0 classes and 0 folders.
[2026.04.26-16.46.38:715][  0]LogPakFile: PakFile PrimaryIndexSize=187
[2026.04.26-16.46.38:715][  0]LogPakFile: PakFile PathHashIndexSize=101
[2026.04.26-16.46.38:715][  0]LogPakFile: PakFile FullDirectoryIndexSize=148
[2026.04.26-16.46.38:715][  0]LogShaderLibrary: Display: ShaderCodeLibraryPakFileMountedCallback: PakFile 'C:/Program Files/Epic Games/UE_4.27/FeaturePacks/FP_FirstPerson.upack' (chunk index -1, root 'root:/') mounted
[2026.04.26-16.46.38:715][  0]LogShaderLibrary: Display: ShaderCodeLibraryPakFileMountedCallback: pending pak file info (ChunkID:-1 Root:root:/ File:C:/Program Files/Epic Games/UE_4.27/FeaturePacks/FP_FirstPerson.upack)
[2026.04.26-16.46.38:715][  0]LogPakFile: OnPakFileMounted2Time == 0.000059
[2026.04.26-16.46.38:717][  0]LogPakFile: PakFile PrimaryIndexSize=189
[2026.04.26-16.46.38:717][  0]LogPakFile: PakFile PathHashIndexSize=101
[2026.04.26-16.46.38:717][  0]LogPakFile: PakFile FullDirectoryIndexSize=152
[2026.04.26-16.46.38:717][  0]LogShaderLibrary: Display: ShaderCodeLibraryPakFileMountedCallback: PakFile 'C:/Program Files/Epic Games/UE_4.27/FeaturePacks/FP_FirstPersonBP.upack' (chunk index -1, root 'root:/') mounted
[2026.04.26-16.46.38:717][  0]LogShaderLibrary: Display: ShaderCodeLibraryPakFileMountedCallback: pending pak file info (ChunkID:-1 Root:root:/ File:C:/Program Files/Epic Games/UE_4.27/FeaturePacks/FP_FirstPersonBP.upack)
[2026.04.26-16.46.38:717][  0]LogPakFile: OnPakFileMounted2Time == 0.000042
[2026.04.26-16.46.38:717][  0]LogPakFile: PakFile PrimaryIndexSize=191
[2026.04.26-16.46.38:717][  0]LogPakFile: PakFile PathHashIndexSize=101
[2026.04.26-16.46.38:717][  0]LogPakFile: PakFile FullDirectoryIndexSize=160
[2026.04.26-16.46.38:717][  0]LogShaderLibrary: Display: ShaderCodeLibraryPakFileMountedCallback: PakFile 'C:/Program Files/Epic Games/UE_4.27/FeaturePacks/MobileStarterContent.upack' (chunk index -1, root 'root:/') mounted
[2026.04.26-16.46.38:717][  0]LogShaderLibrary: Display: ShaderCodeLibraryPakFileMountedCallback: pending pak file info (ChunkID:-1 Root:root:/ File:C:/Program Files/Epic Games/UE_4.27/FeaturePacks/MobileStarterContent.upack)
[2026.04.26-16.46.38:717][  0]LogPakFile: OnPakFileMounted2Time == 0.000032
[2026.04.26-16.46.38:718][  0]LogPakFile: PakFile PrimaryIndexSize=185
[2026.04.26-16.46.38:718][  0]LogPakFile: PakFile PathHashIndexSize=101
[2026.04.26-16.46.38:718][  0]LogPakFile: PakFile FullDirectoryIndexSize=148
[2026.04.26-16.46.38:718][  0]LogShaderLibrary: Display: ShaderCodeLibraryPakFileMountedCallback: PakFile 'C:/Program Files/Epic Games/UE_4.27/FeaturePacks/StarterContent.upack' (chunk index -1, root 'root:/') mounted
[2026.04.26-16.46.38:718][  0]LogShaderLibrary: Display: ShaderCodeLibraryPakFileMountedCallback: pending pak file info (ChunkID:-1 Root:root:/ File:C:/Program Files/Epic Games/UE_4.27/FeaturePacks/StarterContent.upack)
[2026.04.26-16.46.38:718][  0]LogPakFile: OnPakFileMounted2Time == 0.000039
[2026.04.26-16.46.38:719][  0]LogPakFile: PakFile PrimaryIndexSize=190
[2026.04.26-16.46.38:719][  0]LogPakFile: PakFile PathHashIndexSize=101
[2026.04.26-16.46.38:719][  0]LogPakFile: PakFile FullDirectoryIndexSize=154
[2026.04.26-16.46.38:719][  0]LogShaderLibrary: Display: ShaderCodeLibraryPakFileMountedCallback: PakFile 'C:/Program Files/Epic Games/UE_4.27/FeaturePacks/TP_2DSideScroller.upack' (chunk index -1, root 'root:/') mounted
[2026.04.26-16.46.38:719][  0]LogShaderLibrary: Display: ShaderCodeLibraryPakFileMountedCallback: pending pak file info (ChunkID:-1 Root:root:/ File:C:/Program Files/Epic Games/UE_4.27/FeaturePacks/TP_2DSideScroller.upack)
[2026.04.26-16.46.38:719][  0]LogPakFile: OnPakFileMounted2Time == 0.000030
[2026.04.26-16.46.38:719][  0]LogPakFile: PakFile PrimaryIndexSize=192
[2026.04.26-16.46.38:719][  0]LogPakFile: PakFile PathHashIndexSize=101
[2026.04.26-16.46.38:719][  0]LogPakFile: PakFile FullDirectoryIndexSize=158
[2026.04.26-16.46.38:719][  0]LogShaderLibrary: Display: ShaderCodeLibraryPakFileMountedCallback: PakFile 'C:/Program Files/Epic Games/UE_4.27/FeaturePacks/TP_2DSideScrollerBP.upack' (chunk index -1, root 'root:/') mounted
[2026.04.26-16.46.38:719][  0]LogShaderLibrary: Display: ShaderCodeLibraryPakFileMountedCallback: pending pak file info (ChunkID:-1 Root:root:/ File:C:/Program Files/Epic Games/UE_4.27/FeaturePacks/TP_2DSideScrollerBP.upack)
[2026.04.26-16.46.38:719][  0]LogPakFile: OnPakFileMounted2Time == 0.000033
[2026.04.26-16.46.38:719][  0]LogPakFile: PakFile PrimaryIndexSize=182
[2026.04.26-16.46.38:719][  0]LogPakFile: PakFile PathHashIndexSize=101
[2026.04.26-16.46.38:719][  0]LogPakFile: PakFile FullDirectoryIndexSize=138
[2026.04.26-16.46.38:719][  0]LogShaderLibrary: Display: ShaderCodeLibraryPakFileMountedCallback: PakFile 'C:/Program Files/Epic Games/UE_4.27/FeaturePacks/TP_Flying.upack' (chunk index -1, root 'root:/') mounted
[2026.04.26-16.46.38:719][  0]LogShaderLibrary: Display: ShaderCodeLibraryPakFileMountedCallback: pending pak file info (ChunkID:-1 Root:root:/ File:C:/Program Files/Epic Games/UE_4.27/FeaturePacks/TP_Flying.upack)
[2026.04.26-16.46.38:719][  0]LogPakFile: OnPakFileMounted2Time == 0.000033
[2026.04.26-16.46.38:720][  0]LogPakFile: PakFile PrimaryIndexSize=184
[2026.04.26-16.46.38:720][  0]LogPakFile: PakFile PathHashIndexSize=101
[2026.04.26-16.46.38:720][  0]LogPakFile: PakFile FullDirectoryIndexSize=142
[2026.04.26-16.46.38:720][  0]LogShaderLibrary: Display: ShaderCodeLibraryPakFileMountedCallback: PakFile 'C:/Program Files/Epic Games/UE_4.27/FeaturePacks/TP_FlyingBP.upack' (chunk index -1, root 'root:/') mounted
[2026.04.26-16.46.38:720][  0]LogShaderLibrary: Display: ShaderCodeLibraryPakFileMountedCallback: pending pak file info (ChunkID:-1 Root:root:/ File:C:/Program Files/Epic Games/UE_4.27/FeaturePacks/TP_FlyingBP.upack)
[2026.04.26-16.46.38:720][  0]LogPakFile: OnPakFileMounted2Time == 0.000044
[2026.04.26-16.46.38:721][  0]LogPakFile: PakFile PrimaryIndexSize=188
[2026.04.26-16.46.38:721][  0]LogPakFile: PakFile PathHashIndexSize=101
[2026.04.26-16.46.38:721][  0]LogPakFile: PakFile FullDirectoryIndexSize=150
[2026.04.26-16.46.38:721][  0]LogShaderLibrary: Display: ShaderCodeLibraryPakFileMountedCallback: PakFile 'C:/Program Files/Epic Games/UE_4.27/FeaturePacks/TP_HandheldARBP.upack' (chunk index -1, root 'root:/') mounted
[2026.04.26-16.46.38:721][  0]LogShaderLibrary: Display: ShaderCodeLibraryPakFileMountedCallback: pending pak file info (ChunkID:-1 Root:root:/ File:C:/Program Files/Epic Games/UE_4.27/FeaturePacks/TP_HandheldARBP.upack)
[2026.04.26-16.46.38:721][  0]LogPakFile: OnPakFileMounted2Time == 0.000034
[2026.04.26-16.46.38:722][  0]LogPakFile: PakFile PrimaryIndexSize=182
[2026.04.26-16.46.38:722][  0]LogPakFile: PakFile PathHashIndexSize=101
[2026.04.26-16.46.38:722][  0]LogPakFile: PakFile FullDirectoryIndexSize=138
[2026.04.26-16.46.38:722][  0]LogShaderLibrary: Display: ShaderCodeLibraryPakFileMountedCallback: PakFile 'C:/Program Files/Epic Games/UE_4.27/FeaturePacks/TP_Puzzle.upack' (chunk index -1, root 'root:/') mounted
[2026.04.26-16.46.38:722][  0]LogShaderLibrary: Display: ShaderCodeLibraryPakFileMountedCallback: pending pak file info (ChunkID:-1 Root:root:/ File:C:/Program Files/Epic Games/UE_4.27/FeaturePacks/TP_Puzzle.upack)
[2026.04.26-16.46.38:722][  0]LogPakFile: OnPakFileMounted2Time == 0.000040
[2026.04.26-16.46.38:722][  0]LogPakFile: PakFile PrimaryIndexSize=184
[2026.04.26-16.46.38:722][  0]LogPakFile: PakFile PathHashIndexSize=101
[2026.04.26-16.46.38:722][  0]LogPakFile: PakFile FullDirectoryIndexSize=142
[2026.04.26-16.46.38:722][  0]LogShaderLibrary: Display: ShaderCodeLibraryPakFileMountedCallback: PakFile 'C:/Program Files/Epic Games/UE_4.27/FeaturePacks/TP_PuzzleBP.upack' (chunk index -1, root 'root:/') mounted
[2026.04.26-16.46.38:722][  0]LogShaderLibrary: Display: ShaderCodeLibraryPakFileMountedCallback: pending pak file info (ChunkID:-1 Root:root:/ File:C:/Program Files/Epic Games/UE_4.27/FeaturePacks/TP_PuzzleBP.upack)
[2026.04.26-16.46.38:722][  0]LogPakFile: OnPakFileMounted2Time == 0.000036
[2026.04.26-16.46.38:723][  0]LogPakFile: PakFile PrimaryIndexSize=183
[2026.04.26-16.46.38:723][  0]LogPakFile: PakFile PathHashIndexSize=101
[2026.04.26-16.46.38:723][  0]LogPakFile: PakFile FullDirectoryIndexSize=140
[2026.04.26-16.46.38:723][  0]LogShaderLibrary: Display: ShaderCodeLibraryPakFileMountedCallback: PakFile 'C:/Program Files/Epic Games/UE_4.27/FeaturePacks/TP_Rolling.upack' (chunk index -1, root 'root:/') mounted
[2026.04.26-16.46.38:723][  0]LogShaderLibrary: Display: ShaderCodeLibraryPakFileMountedCallback: pending pak file info (ChunkID:-1 Root:root:/ File:C:/Program Files/Epic Games/UE_4.27/FeaturePacks/TP_Rolling.upack)
[2026.04.26-16.46.38:723][  0]LogPakFile: OnPakFileMounted2Time == 0.000041
[2026.04.26-16.46.38:724][  0]LogPakFile: PakFile PrimaryIndexSize=185
[2026.04.26-16.46.38:724][  0]LogPakFile: PakFile PathHashIndexSize=101
[2026.04.26-16.46.38:724][  0]LogPakFile: PakFile FullDirectoryIndexSize=144
[2026.04.26-16.46.38:724][  0]LogShaderLibrary: Display: ShaderCodeLibraryPakFileMountedCallback: PakFile 'C:/Program Files/Epic Games/UE_4.27/FeaturePacks/TP_RollingBP.upack' (chunk index -1, root 'root:/') mounted
[2026.04.26-16.46.38:724][  0]LogShaderLibrary: Display: ShaderCodeLibraryPakFileMountedCallback: pending pak file info (ChunkID:-1 Root:root:/ File:C:/Program Files/Epic Games/UE_4.27/FeaturePacks/TP_RollingBP.upack)
[2026.04.26-16.46.38:724][  0]LogPakFile: OnPakFileMounted2Time == 0.000038
[2026.04.26-16.46.38:725][  0]LogPakFile: PakFile PrimaryIndexSize=188
[2026.04.26-16.46.38:725][  0]LogPakFile: PakFile PathHashIndexSize=101
[2026.04.26-16.46.38:725][  0]LogPakFile: PakFile FullDirectoryIndexSize=150
[2026.04.26-16.46.38:725][  0]LogShaderLibrary: Display: ShaderCodeLibraryPakFileMountedCallback: PakFile 'C:/Program Files/Epic Games/UE_4.27/FeaturePacks/TP_SideScroller.upack' (chunk index -1, root 'root:/') mounted
[2026.04.26-16.46.38:725][  0]LogShaderLibrary: Display: ShaderCodeLibraryPakFileMountedCallback: pending pak file info (ChunkID:-1 Root:root:/ File:C:/Program Files/Epic Games/UE_4.27/FeaturePacks/TP_SideScroller.upack)
[2026.04.26-16.46.38:725][  0]LogPakFile: OnPakFileMounted2Time == 0.000039
[2026.04.26-16.46.38:725][  0]LogPakFile: PakFile PrimaryIndexSize=190
[2026.04.26-16.46.38:725][  0]LogPakFile: PakFile PathHashIndexSize=101
[2026.04.26-16.46.38:725][  0]LogPakFile: PakFile FullDirectoryIndexSize=154
[2026.04.26-16.46.38:725][  0]LogShaderLibrary: Display: ShaderCodeLibraryPakFileMountedCallback: PakFile 'C:/Program Files/Epic Games/UE_4.27/FeaturePacks/TP_SideScrollerBP.upack' (chunk index -1, root 'root:/') mounted
[2026.04.26-16.46.38:725][  0]LogShaderLibrary: Display: ShaderCodeLibraryPakFileMountedCallback: pending pak file info (ChunkID:-1 Root:root:/ File:C:/Program Files/Epic Games/UE_4.27/FeaturePacks/TP_SideScrollerBP.upack)
[2026.04.26-16.46.38:726][  0]LogPakFile: OnPakFileMounted2Time == 0.000039
[2026.04.26-16.46.38:726][  0]LogPakFile: PakFile PrimaryIndexSize=187
[2026.04.26-16.46.38:726][  0]LogPakFile: PakFile PathHashIndexSize=101
[2026.04.26-16.46.38:726][  0]LogPakFile: PakFile FullDirectoryIndexSize=148
[2026.04.26-16.46.38:726][  0]LogShaderLibrary: Display: ShaderCodeLibraryPakFileMountedCallback: PakFile 'C:/Program Files/Epic Games/UE_4.27/FeaturePacks/TP_ThirdPerson.upack' (chunk index -1, root 'root:/') mounted
[2026.04.26-16.46.38:726][  0]LogShaderLibrary: Display: ShaderCodeLibraryPakFileMountedCallback: pending pak file info (ChunkID:-1 Root:root:/ File:C:/Program Files/Epic Games/UE_4.27/FeaturePacks/TP_ThirdPerson.upack)
[2026.04.26-16.46.38:726][  0]LogPakFile: OnPakFileMounted2Time == 0.000041
[2026.04.26-16.46.38:727][  0]LogPakFile: PakFile PrimaryIndexSize=189
[2026.04.26-16.46.38:727][  0]LogPakFile: PakFile PathHashIndexSize=101
[2026.04.26-16.46.38:727][  0]LogPakFile: PakFile FullDirectoryIndexSize=152
[2026.04.26-16.46.38:727][  0]LogShaderLibrary: Display: ShaderCodeLibraryPakFileMountedCallback: PakFile 'C:/Program Files/Epic Games/UE_4.27/FeaturePacks/TP_ThirdPersonBP.upack' (chunk index -1, root 'root:/') mounted
[2026.04.26-16.46.38:727][  0]LogShaderLibrary: Display: ShaderCodeLibraryPakFileMountedCallback: pending pak file info (ChunkID:-1 Root:root:/ File:C:/Program Files/Epic Games/UE_4.27/FeaturePacks/TP_ThirdPersonBP.upack)
[2026.04.26-16.46.38:727][  0]LogPakFile: OnPakFileMounted2Time == 0.000029
[2026.04.26-16.46.38:727][  0]LogPakFile: PakFile PrimaryIndexSize=183
[2026.04.26-16.46.38:727][  0]LogPakFile: PakFile PathHashIndexSize=101
[2026.04.26-16.46.38:727][  0]LogPakFile: PakFile FullDirectoryIndexSize=140
[2026.04.26-16.46.38:727][  0]LogShaderLibrary: Display: ShaderCodeLibraryPakFileMountedCallback: PakFile 'C:/Program Files/Epic Games/UE_4.27/FeaturePacks/TP_TopDown.upack' (chunk index -1, root 'root:/') mounted
[2026.04.26-16.46.38:728][  0]LogShaderLibrary: Display: ShaderCodeLibraryPakFileMountedCallback: pending pak file info (ChunkID:-1 Root:root:/ File:C:/Program Files/Epic Games/UE_4.27/FeaturePacks/TP_TopDown.upack)
[2026.04.26-16.46.38:728][  0]LogPakFile: OnPakFileMounted2Time == 0.000044
[2026.04.26-16.46.38:728][  0]LogPakFile: PakFile PrimaryIndexSize=185
[2026.04.26-16.46.38:728][  0]LogPakFile: PakFile PathHashIndexSize=101
[2026.04.26-16.46.38:728][  0]LogPakFile: PakFile FullDirectoryIndexSize=144
[2026.04.26-16.46.38:728][  0]LogShaderLibrary: Display: ShaderCodeLibraryPakFileMountedCallback: PakFile 'C:/Program Files/Epic Games/UE_4.27/FeaturePacks/TP_TopDownBP.upack' (chunk index -1, root 'root:/') mounted
[2026.04.26-16.46.38:728][  0]LogShaderLibrary: Display: ShaderCodeLibraryPakFileMountedCallback: pending pak file info (ChunkID:-1 Root:root:/ File:C:/Program Files/Epic Games/UE_4.27/FeaturePacks/TP_TopDownBP.upack)
[2026.04.26-16.46.38:728][  0]LogPakFile: OnPakFileMounted2Time == 0.000046
[2026.04.26-16.46.38:730][  0]LogPakFile: PakFile PrimaryIndexSize=185
[2026.04.26-16.46.38:730][  0]LogPakFile: PakFile PathHashIndexSize=101
[2026.04.26-16.46.38:730][  0]LogPakFile: PakFile FullDirectoryIndexSize=144
[2026.04.26-16.46.38:730][  0]LogShaderLibrary: Display: ShaderCodeLibraryPakFileMountedCallback: PakFile 'C:/Program Files/Epic Games/UE_4.27/FeaturePacks/TP_TwinStick.upack' (chunk index -1, root 'root:/') mounted
[2026.04.26-16.46.38:730][  0]LogShaderLibrary: Display: ShaderCodeLibraryPakFileMountedCallback: pending pak file info (ChunkID:-1 Root:root:/ File:C:/Program Files/Epic Games/UE_4.27/FeaturePacks/TP_TwinStick.upack)
[2026.04.26-16.46.38:730][  0]LogPakFile: OnPakFileMounted2Time == 0.000051
[2026.04.26-16.46.38:730][  0]LogPakFile: PakFile PrimaryIndexSize=187
[2026.04.26-16.46.38:731][  0]LogPakFile: PakFile PathHashIndexSize=101
[2026.04.26-16.46.38:731][  0]LogPakFile: PakFile FullDirectoryIndexSize=148
[2026.04.26-16.46.38:731][  0]LogShaderLibrary: Display: ShaderCodeLibraryPakFileMountedCallback: PakFile 'C:/Program Files/Epic Games/UE_4.27/FeaturePacks/TP_TwinStickBP.upack' (chunk index -1, root 'root:/') mounted
[2026.04.26-16.46.38:731][  0]LogShaderLibrary: Display: ShaderCodeLibraryPakFileMountedCallback: pending pak file info (ChunkID:-1 Root:root:/ File:C:/Program Files/Epic Games/UE_4.27/FeaturePacks/TP_TwinStickBP.upack)
[2026.04.26-16.46.38:731][  0]LogPakFile: OnPakFileMounted2Time == 0.000045
[2026.04.26-16.46.38:732][  0]LogPakFile: PakFile PrimaryIndexSize=183
[2026.04.26-16.46.38:732][  0]LogPakFile: PakFile PathHashIndexSize=101
[2026.04.26-16.46.38:732][  0]LogPakFile: PakFile FullDirectoryIndexSize=140
[2026.04.26-16.46.38:732][  0]LogShaderLibrary: Display: ShaderCodeLibraryPakFileMountedCallback: PakFile 'C:/Program Files/Epic Games/UE_4.27/FeaturePacks/TP_Vehicle.upack' (chunk index -1, root 'root:/') mounted
[2026.04.26-16.46.38:732][  0]LogShaderLibrary: Display: ShaderCodeLibraryPakFileMountedCallback: pending pak file info (ChunkID:-1 Root:root:/ File:C:/Program Files/Epic Games/UE_4.27/FeaturePacks/TP_Vehicle.upack)
[2026.04.26-16.46.38:732][  0]LogPakFile: OnPakFileMounted2Time == 0.000045
[2026.04.26-16.46.38:733][  0]LogPakFile: PakFile PrimaryIndexSize=186
[2026.04.26-16.46.38:733][  0]LogPakFile: PakFile PathHashIndexSize=101
[2026.04.26-16.46.38:733][  0]LogPakFile: PakFile FullDirectoryIndexSize=146
[2026.04.26-16.46.38:733][  0]LogShaderLibrary: Display: ShaderCodeLibraryPakFileMountedCallback: PakFile 'C:/Program Files/Epic Games/UE_4.27/FeaturePacks/TP_VehicleAdv.upack' (chunk index -1, root 'root:/') mounted
[2026.04.26-16.46.38:733][  0]LogShaderLibrary: Display: ShaderCodeLibraryPakFileMountedCallback: pending pak file info (ChunkID:-1 Root:root:/ File:C:/Program Files/Epic Games/UE_4.27/FeaturePacks/TP_VehicleAdv.upack)
[2026.04.26-16.46.38:733][  0]LogPakFile: OnPakFileMounted2Time == 0.000042
[2026.04.26-16.46.38:733][  0]LogPakFile: PakFile PrimaryIndexSize=188
[2026.04.26-16.46.38:734][  0]LogPakFile: PakFile PathHashIndexSize=101
[2026.04.26-16.46.38:734][  0]LogPakFile: PakFile FullDirectoryIndexSize=150
[2026.04.26-16.46.38:734][  0]LogShaderLibrary: Display: ShaderCodeLibraryPakFileMountedCallback: PakFile 'C:/Program Files/Epic Games/UE_4.27/FeaturePacks/TP_VehicleAdvBP.upack' (chunk index -1, root 'root:/') mounted
[2026.04.26-16.46.38:734][  0]LogShaderLibrary: Display: ShaderCodeLibraryPakFileMountedCallback: pending pak file info (ChunkID:-1 Root:root:/ File:C:/Program Files/Epic Games/UE_4.27/FeaturePacks/TP_VehicleAdvBP.upack)
[2026.04.26-16.46.38:734][  0]LogPakFile: OnPakFileMounted2Time == 0.000044
[2026.04.26-16.46.38:734][  0]LogPakFile: PakFile PrimaryIndexSize=185
[2026.04.26-16.46.38:734][  0]LogPakFile: PakFile PathHashIndexSize=101
[2026.04.26-16.46.38:734][  0]LogPakFile: PakFile FullDirectoryIndexSize=144
[2026.04.26-16.46.38:734][  0]LogShaderLibrary: Display: ShaderCodeLibraryPakFileMountedCallback: PakFile 'C:/Program Files/Epic Games/UE_4.27/FeaturePacks/TP_VehicleBP.upack' (chunk index -1, root 'root:/') mounted
[2026.04.26-16.46.38:734][  0]LogShaderLibrary: Display: ShaderCodeLibraryPakFileMountedCallback: pending pak file info (ChunkID:-1 Root:root:/ File:C:/Program Files/Epic Games/UE_4.27/FeaturePacks/TP_VehicleBP.upack)
[2026.04.26-16.46.38:735][  0]LogPakFile: OnPakFileMounted2Time == 0.000052
[2026.04.26-16.46.38:735][  0]LogPakFile: PakFile PrimaryIndexSize=192
[2026.04.26-16.46.38:735][  0]LogPakFile: PakFile PathHashIndexSize=101
[2026.04.26-16.46.38:735][  0]LogPakFile: PakFile FullDirectoryIndexSize=158
[2026.04.26-16.46.38:735][  0]LogShaderLibrary: Display: ShaderCodeLibraryPakFileMountedCallback: PakFile 'C:/Program Files/Epic Games/UE_4.27/FeaturePacks/TP_VirtualRealityBP.upack' (chunk index -1, root 'root:/') mounted
[2026.04.26-16.46.38:735][  0]LogShaderLibrary: Display: ShaderCodeLibraryPakFileMountedCallback: pending pak file info (ChunkID:-1 Root:root:/ File:C:/Program Files/Epic Games/UE_4.27/FeaturePacks/TP_VirtualRealityBP.upack)
[2026.04.26-16.46.38:735][  0]LogPakFile: OnPakFileMounted2Time == 0.000045
[2026.04.26-16.46.38:801][  0]LogNativeClassHierarchy: Verbose: Native class hierarchy updated for 'AddContentDialog' in 0.0004 seconds. Added 0 classes and 0 folders.
[2026.04.26-16.46.38:808][  0]LogNativeClassHierarchy: Verbose: Native class hierarchy updated for 'SceneOutliner' in 0.0005 seconds. Added 2 classes and 0 folders.
[2026.04.26-16.46.39:025][  0]LogSlate: Took 0.000366 seconds to synchronously load lazily loaded font '../../../Engine/Content/Slate/Fonts/Roboto-Regular.ttf' (155K)
[2026.04.26-16.46.39:036][  0]LogSlate: Took 0.009254 seconds to synchronously load lazily loaded font '../../../Engine/Content/Editor/Slate/Fonts/FontAwesome.ttf' (139K)
[2026.04.26-16.46.39:037][  0]LogSlate: Took 0.000215 seconds to synchronously load lazily loaded font '../../../Engine/Content/Slate/Fonts/Roboto-Bold.ttf' (160K)
[2026.04.26-16.46.39:195][  0]LogRenderer: Reallocating scene render targets to support 924x352 Format 10 NumSamples 1 (Frame:1).
[2026.04.26-16.46.39:442][  0]LogNativeClassHierarchy: Verbose: Native class hierarchy updated for 'HierarchicalLODOutliner' in 0.0003 seconds. Added 0 classes and 0 folders.
[2026.04.26-16.46.39:442][  0]LogLoad: (Engine Initialization) Total time: 13.06 seconds
[2026.04.26-16.46.39:442][  0]LogLoad: (Engine Initialization) Total Blueprint compile time: 0.00 seconds
[2026.04.26-16.46.39:551][  0]LogAssetRegistry: Asset discovery search completed in 8.5882 seconds
[2026.04.26-16.46.39:556][  0]LogCollectionManager: Fixed up redirectors for 0 collections in 0.000004 seconds (updated 0 objects)
[2026.04.26-16.46.39:556][  0]LogContentStreaming: Texture pool size now 1000 MB
